App.c:90:9:Load_Param	16	static
App.c:113:6:Write_Param	16	static,ignoring_inline_asm
App.c:130:9:MeanArray	8	static
App.c:142:6:PWM_SetDutyAdapt	0	static
App.c:160:6:PatchPWMtoLED	12	static
App.c:210:6:Update_Display	48	static
App.c:343:6:Manage_Button	16	static
App.c:407:6:AppLEDTask	40	static
App.c:597:6:AppIHMTask	24	static
App.c:769:6:App_Init	48	static
App.c:826:6:ManageFan	16	static
App.c:862:6:App	24	static,ignoring_inline_asm
App.c:885:6:HAL_TIM_PeriodElapsedCallback	16	static
App.c:892:6:HAL_UART_RxCpltCallback	0	static
