Archive member included to satisfy reference by file (symbol)

c:/st/stm32cubeide_1.1.0/stm32cubeide/plugins/com.st.stm32cube.ide.mcu.externaltools.gnu-tools-for-stm32.7-2018-q2-update.win32_1.0.0.201904181610/tools/bin/../lib/gcc/arm-none-eabi/7.3.1/../../../../arm-none-eabi/lib/thumb/v7-m\libc_nano.a(lib_a-errno.o)
                              Src/syscalls.o (__errno)
c:/st/stm32cubeide_1.1.0/stm32cubeide/plugins/com.st.stm32cube.ide.mcu.externaltools.gnu-tools-for-stm32.7-2018-q2-update.win32_1.0.0.201904181610/tools/bin/../lib/gcc/arm-none-eabi/7.3.1/../../../../arm-none-eabi/lib/thumb/v7-m\libc_nano.a(lib_a-exit.o)
                              c:/st/stm32cubeide_1.1.0/stm32cubeide/plugins/com.st.stm32cube.ide.mcu.externaltools.gnu-tools-for-stm32.7-2018-q2-update.win32_1.0.0.201904181610/tools/bin/../lib/gcc/arm-none-eabi/7.3.1/../../../../arm-none-eabi/lib/thumb/v7-m/crt0.o (exit)
c:/st/stm32cubeide_1.1.0/stm32cubeide/plugins/com.st.stm32cube.ide.mcu.externaltools.gnu-tools-for-stm32.7-2018-q2-update.win32_1.0.0.201904181610/tools/bin/../lib/gcc/arm-none-eabi/7.3.1/../../../../arm-none-eabi/lib/thumb/v7-m\libc_nano.a(lib_a-impure.o)
                              c:/st/stm32cubeide_1.1.0/stm32cubeide/plugins/com.st.stm32cube.ide.mcu.externaltools.gnu-tools-for-stm32.7-2018-q2-update.win32_1.0.0.201904181610/tools/bin/../lib/gcc/arm-none-eabi/7.3.1/../../../../arm-none-eabi/lib/thumb/v7-m\libc_nano.a(lib_a-exit.o) (_global_impure_ptr)
c:/st/stm32cubeide_1.1.0/stm32cubeide/plugins/com.st.stm32cube.ide.mcu.externaltools.gnu-tools-for-stm32.7-2018-q2-update.win32_1.0.0.201904181610/tools/bin/../lib/gcc/arm-none-eabi/7.3.1/../../../../arm-none-eabi/lib/thumb/v7-m\libc_nano.a(lib_a-init.o)
                              c:/st/stm32cubeide_1.1.0/stm32cubeide/plugins/com.st.stm32cube.ide.mcu.externaltools.gnu-tools-for-stm32.7-2018-q2-update.win32_1.0.0.201904181610/tools/bin/../lib/gcc/arm-none-eabi/7.3.1/../../../../arm-none-eabi/lib/thumb/v7-m/crt0.o (__libc_init_array)
c:/st/stm32cubeide_1.1.0/stm32cubeide/plugins/com.st.stm32cube.ide.mcu.externaltools.gnu-tools-for-stm32.7-2018-q2-update.win32_1.0.0.201904181610/tools/bin/../lib/gcc/arm-none-eabi/7.3.1/../../../../arm-none-eabi/lib/thumb/v7-m\libc_nano.a(lib_a-memcpy-stub.o)
                              Middlewares/Third_Party/FreeRTOS/Source/queue.o (memcpy)
c:/st/stm32cubeide_1.1.0/stm32cubeide/plugins/com.st.stm32cube.ide.mcu.externaltools.gnu-tools-for-stm32.7-2018-q2-update.win32_1.0.0.201904181610/tools/bin/../lib/gcc/arm-none-eabi/7.3.1/../../../../arm-none-eabi/lib/thumb/v7-m\libc_nano.a(lib_a-memset.o)
                              c:/st/stm32cubeide_1.1.0/stm32cubeide/plugins/com.st.stm32cube.ide.mcu.externaltools.gnu-tools-for-stm32.7-2018-q2-update.win32_1.0.0.201904181610/tools/bin/../lib/gcc/arm-none-eabi/7.3.1/../../../../arm-none-eabi/lib/thumb/v7-m/crt0.o (memset)
c:/st/stm32cubeide_1.1.0/stm32cubeide/plugins/com.st.stm32cube.ide.mcu.externaltools.gnu-tools-for-stm32.7-2018-q2-update.win32_1.0.0.201904181610/tools/bin/../lib/gcc/arm-none-eabi/7.3.1/../../../../arm-none-eabi/lib/thumb/v7-m\libc_nano.a(lib_a-sprintf.o)
                              Src/App.o (sprintf)
c:/st/stm32cubeide_1.1.0/stm32cubeide/plugins/com.st.stm32cube.ide.mcu.externaltools.gnu-tools-for-stm32.7-2018-q2-update.win32_1.0.0.201904181610/tools/bin/../lib/gcc/arm-none-eabi/7.3.1/../../../../arm-none-eabi/lib/thumb/v7-m\libc_nano.a(lib_a-strlen.o)
                              Drivers/Devices/Display/__Fonts.o (strlen)
c:/st/stm32cubeide_1.1.0/stm32cubeide/plugins/com.st.stm32cube.ide.mcu.externaltools.gnu-tools-for-stm32.7-2018-q2-update.win32_1.0.0.201904181610/tools/bin/../lib/gcc/arm-none-eabi/7.3.1/../../../../arm-none-eabi/lib/thumb/v7-m\libc_nano.a(lib_a-nano-svfprintf.o)
                              c:/st/stm32cubeide_1.1.0/stm32cubeide/plugins/com.st.stm32cube.ide.mcu.externaltools.gnu-tools-for-stm32.7-2018-q2-update.win32_1.0.0.201904181610/tools/bin/../lib/gcc/arm-none-eabi/7.3.1/../../../../arm-none-eabi/lib/thumb/v7-m\libc_nano.a(lib_a-sprintf.o) (_svfprintf_r)
c:/st/stm32cubeide_1.1.0/stm32cubeide/plugins/com.st.stm32cube.ide.mcu.externaltools.gnu-tools-for-stm32.7-2018-q2-update.win32_1.0.0.201904181610/tools/bin/../lib/gcc/arm-none-eabi/7.3.1/../../../../arm-none-eabi/lib/thumb/v7-m\libc_nano.a(lib_a-nano-vfprintf_i.o)
                              c:/st/stm32cubeide_1.1.0/stm32cubeide/plugins/com.st.stm32cube.ide.mcu.externaltools.gnu-tools-for-stm32.7-2018-q2-update.win32_1.0.0.201904181610/tools/bin/../lib/gcc/arm-none-eabi/7.3.1/../../../../arm-none-eabi/lib/thumb/v7-m\libc_nano.a(lib_a-nano-svfprintf.o) (_printf_i)
c:/st/stm32cubeide_1.1.0/stm32cubeide/plugins/com.st.stm32cube.ide.mcu.externaltools.gnu-tools-for-stm32.7-2018-q2-update.win32_1.0.0.201904181610/tools/bin/../lib/gcc/arm-none-eabi/7.3.1/../../../../arm-none-eabi/lib/thumb/v7-m\libc_nano.a(lib_a-memchr-stub.o)
[...]
Memory Configuration

Name             Origin             Length             Attributes
RAM              0x0000000020000000 0x0000000000005000 xrw
FLASH            0x0000000008000000 0x0000000000010000 xr
*default*        0x0000000000000000 0xffffffffffffffff

Linker script and memory map

LOAD c:/st/stm32cubeide_1.1.0/stm32cubeide/plugins/com.st.stm32cube.ide.mcu.externaltools.gnu-tools-for-stm32.7-2018-q2-update.win32_1.0.0.201904181610/tools/bin/../lib/gcc/arm-none-eabi/7.3.1/thumb/v7-m/crti.o
LOAD c:/st/stm32cubeide_1.1.0/stm32cubeide/plugins/com.st.stm32cube.ide.mcu.externaltools.gnu-tools-for-stm32.7-2018-q2-update.win32_1.0.0.201904181610/tools/bin/../lib/gcc/arm-none-eabi/7.3.1/thumb/v7-m/crtbegin.o
LOAD c:/st/stm32cubeide_1.1.0/stm32cubeide/plugins/com.st.stm32cube.ide.mcu.externaltools.gnu-tools-for-stm32.7-2018-q2-update.win32_1.0.0.201904181610/tools/bin/../lib/gcc/arm-none-eabi/7.3.1/../../../../arm-none-eabi/lib/thumb/v7-m/crt0.o
LOAD Drivers/Devices/Display/__Fonts.o
LOAD Drivers/Devices/Display/ssd1306.o
LOAD Drivers/Devices/PWM/PWM.o
LOAD Drivers/STM32F1xx_HAL_Driver/Src/stm32f1xx_hal.o
LOAD Drivers/STM32F1xx_HAL_Driver/Src/stm32f1xx_hal_adc.o
LOAD Drivers/STM32F1xx_HAL_Driver/Src/stm32f1xx_hal_adc_ex.o
LOAD Drivers/STM32F1xx_HAL_Driver/Src/stm32f1xx_hal_cortex.o
LOAD Drivers/STM32F1xx_HAL_Driver/Src/stm32f1xx_hal_dma.o
LOAD Drivers/STM32F1xx_HAL_Driver/Src/stm32f1xx_hal_exti.o
LOAD Drivers/STM32F1xx_HAL_Driver/Src/stm32f1xx_hal_flash.o
LOAD Drivers/STM32F1xx_HAL_Driver/Src/stm32f1xx_hal_flash_ex.o
LOAD Drivers/STM32F1xx_HAL_Driver/Src/stm32f1xx_hal_gpio.o
LOAD Drivers/STM32F1xx_HAL_Driver/Src/stm32f1xx_hal_gpio_ex.o
LOAD Drivers/STM32F1xx_HAL_Driver/Src/stm32f1xx_hal_pwr.o
LOAD Drivers/STM32F1xx_HAL_Driver/Src/stm32f1xx_hal_rcc.o
LOAD Drivers/STM32F1xx_HAL_Driver/Src/stm32f1xx_hal_rcc_ex.o
LOAD Drivers/STM32F1xx_HAL_Driver/Src/stm32f1xx_hal_tim.o
LOAD Drivers/STM32F1xx_HAL_Driver/Src/stm32f1xx_hal_tim_ex.o
LOAD Drivers/STM32F1xx_HAL_Driver/Src/stm32f1xx_hal_uart.o
LOAD Drivers/System/Flash_Manager.o
LOAD Middlewares/Protocol/DMX/DMX.o
LOAD Middlewares/Protocol/GENE_I2C/GENE_I2C_Master.o
LOAD Middlewares/Third_Party/FreeRTOS/Source/CMSIS_RTOS/cmsis_os.o
LOAD Middlewares/Third_Party/FreeRTOS/Source/croutine.o
LOAD Middlewares/Third_Party/FreeRTOS/Source/event_groups.o
LOAD Middlewares/Third_Party/FreeRTOS/Source/list.o
LOAD Middlewares/Third_Party/FreeRTOS/Source/queue.o
LOAD Middlewares/Third_Party/FreeRTOS/Source/stream_buffer.o
LOAD Middlewares/Third_Party/FreeRTOS/Source/tasks.o
LOAD Middlewares/Third_Party/FreeRTOS/Source/timers.o
LOAD Middlewares/Third_Party/FreeRTOS/Source/portable/GCC/ARM_CM3/port.o
LOAD Middlewares/Third_Party/FreeRTOS/Source/portable/MemMang/heap_4.o
LOAD Src/App.o
LOAD Src/adc.o
LOAD Src/freertos.o
LOAD Src/gpio.o
LOAD Src/main.o
LOAD Src/stm32f1xx_hal_msp.o
LOAD Src/stm32f1xx_it.o
LOAD Src/syscalls.o
LOAD Src/sysmem.o
LOAD Src/system_stm32f1xx.o
LOAD Src/tim.o
LOAD Src/usart.o
LOAD Startup/startup_stm32f103c8tx.o
START GROUP
LOAD c:/st/stm32cubeide_1.1.0/stm32cubeide/plugins/com.st.stm32cube.ide.mcu.externaltools.gnu-tools-for-stm32.7-2018-q2-update.win32_1.0.0.201904181610/tools/bin/../lib/gcc/arm-none-eabi/7.3.1/../../../../arm-none-eabi/lib/thumb/v7-m\libc_nano.a
LOAD c:/st/stm32cubeide_1.1.0/stm32cubeide/plugins/com.st.stm32cube.ide.mcu.externaltools.gnu-tools-for-stm32.7-2018-q2-update.win32_1.0.0.201904181610/tools/bin/../lib/gcc/arm-none-eabi/7.3.1/../../../../arm-none-eabi/lib/thumb/v7-m\libm.a
END GROUP
START GROUP
LOAD c:/st/stm32cubeide_1.1.0/stm32cubeide/plugins/com.st.stm32cube.ide.mcu.externaltools.gnu-tools-for-stm32.7-2018-q2-update.win32_1.0.0.201904181610/tools/bin/../lib/gcc/arm-none-eabi/7.3.1/thumb/v7-m\libgcc.a
LOAD c:/st/stm32cubeide_1.1.0/stm32cubeide/plugins/com.st.stm32cube.ide.mcu.externaltools.gnu-tools-for-stm32.7-2018-q2-update.win32_1.0.0.201904181610/tools/bin/../lib/gcc/arm-none-eabi/7.3.1/../../../../arm-none-eabi/lib/thumb/v7-m\libc_nano.a
END GROUP
START GROUP
LOAD c:/st/stm32cubeide_1.1.0/stm32cubeide/plugins/com.st.stm32cube.ide.mcu.externaltools.gnu-tools-for-stm32.7-2018-q2-update.win32_1.0.0.201904181610/tools/bin/../lib/gcc/arm-none-eabi/7.3.1/thumb/v7-m\libgcc.a
LOAD c:/st/stm32cubeide_1.1.0/stm32cubeide/plugins/com.st.stm32cube.ide.mcu.externaltools.gnu-tools-for-stm32.7-2018-q2-update.win32_1.0.0.201904181610/tools/bin/../lib/gcc/arm-none-eabi/7.3.1/../../../../arm-none-eabi/lib/thumb/v7-m\libc_nano.a
LOAD c:/st/stm32cubeide_1.1.0/stm32cubeide/plugins/com.st.stm32cube.ide.mcu.externaltools.gnu-tools-for-stm32.7-2018-q2-update.win32_1.0.0.201904181610/tools/bin/../lib/gcc/arm-none-eabi/7.3.1/../../../../arm-none-eabi/lib/thumb/v7-m\libnosys.a
END GROUP
START GROUP
LOAD c:/st/stm32cubeide_1.1.0/stm32cubeide/plugins/com.st.stm32cube.ide.mcu.externaltools.gnu-tools-for-stm32.7-2018-q2-update.win32_1.0.0.201904181610/tools/bin/../lib/gcc/arm-none-eabi/7.3.1/thumb/v7-m\libgcc.a
LOAD c:/st/stm32cubeide_1.1.0/stm32cubeide/plugins/com.st.stm32cube.ide.mcu.externaltools.gnu-tools-for-stm32.7-2018-q2-update.win32_1.0.0.201904181610/tools/bin/../lib/gcc/arm-none-eabi/7.3.1/../../../../arm-none-eabi/lib/thumb/v7-m\libc_nano.a
LOAD c:/st/stm32cubeide_1.1.0/stm32cubeide/plugins/com.st.stm32cube.ide.mcu.externaltools.gnu-tools-for-stm32.7-2018-q2-update.win32_1.0.0.201904181610/tools/bin/../lib/gcc/arm-none-eabi/7.3.1/../../../../arm-none-eabi/lib/thumb/v7-m\libnosys.a
END GROUP
LOAD c:/st/stm32cubeide_1.1.0/stm32cubeide/plugins/com.st.stm32cube.ide.mcu.externaltools.gnu-tools-for-stm32.7-2018-q2-update.win32_1.0.0.201904181610/tools/bin/../lib/gcc/arm-none-eabi/7.3.1/thumb/v7-m/crtend.o
LOAD c:/st/stm32cubeide_1.1.0/stm32cubeide/plugins/com.st.stm32cube.ide.mcu.externaltools.gnu-tools-for-stm32.7-2018-q2-update.win32_1.0.0.201904181610/tools/bin/../lib/gcc/arm-none-eabi/7.3.1/thumb/v7-m/crtn.o
                0x0000000020005000                _estack = 0x20005000
                0x0000000000000200                _Min_Heap_Size = 0x200
                0x0000000000000400                _Min_Stack_Size = 0x400

.isr_vector     0x0000000008000000      0x10c
                0x0000000008000000                . = ALIGN (0x4)
 *(.isr_vector)
 .isr_vector    0x0000000008000000      0x10c Startup/startup_stm32f103c8tx.o
                0x0000000008000000                g_pfnVectors
                0x000000000800010c                . = ALIGN (0x4)

.text           0x0000000008000110     0x69b4
                0x0000000008000110                . = ALIGN (0x4)
 *(.text)
 .text          0x0000000008000110       0x40 c:/st/stm32cubeide_1.1.0/stm32cubeide/plugins/com.st.stm32cube.ide.mcu.externaltools.gnu-tools-for-stm32.7-2018-q2-update.win32_1.0.0.201904181610/tools/bin/../lib/gcc/arm-none-eabi/7.3.1/thumb/v7-m/crtbegin.o
 *(.text*)
 .text.SSD1306_Init
                0x0000000008000150      0x16c Drivers/Devices/Display/ssd1306.o
                0x0000000008000150                SSD1306_Init
 .text.SSD1306_UpdateScreen
                0x00000000080002bc       0x5c Drivers/Devices/Display/ssd1306.o
                0x00000000080002bc                SSD1306_UpdateScreen
 .text.SSD1306_Fill
                0x0000000008000318       0x30 Drivers/Devices/Display/ssd1306.o
                0x0000000008000318                SSD1306_Fill
 .text.SSD1306_DrawPixel
                0x0000000008000348       0xbc Drivers/Devices/Display/ssd1306.o
                0x0000000008000348                SSD1306_DrawPixel
 .text.SSD1306_GotoXY
                0x0000000008000404       0x2c Drivers/Devices/Display/ssd1306.o
                0x0000000008000404                SSD1306_GotoXY
 .text.SSD1306_Putc
                0x0000000008000430      0x100 Drivers/Devices/Display/ssd1306.o
                0x0000000008000430                SSD1306_Putc
 .text.SSD1306_Puts
                0x0000000008000530       0x4a Drivers/Devices/Display/ssd1306.o
                0x0000000008000530                SSD1306_Puts
 .text.SSD1306_Clear
                0x000000000800057a        0xe Drivers/Devices/Display/ssd1306.o
                0x000000000800057a                SSD1306_Clear
 .text.ssd1306_I2C_Init
                0x0000000008000588       0x28 Drivers/Devices/Display/ssd1306.o
                0x0000000008000588                ssd1306_I2C_Init
 .text.ssd1306_I2C_WriteMulti
                0x00000000080005b0       0x84 Drivers/Devices/Display/ssd1306.o
                0x00000000080005b0                ssd1306_I2C_WriteMulti
 .text.ssd1306_I2C_Write
                0x0000000008000634       0x30 Drivers/Devices/Display/ssd1306.o
                0x0000000008000634                ssd1306_I2C_Write
 .text.PWM_SetDuty
                0x0000000008000664       0x50 Drivers/Devices/PWM/PWM.o
                0x0000000008000664                PWM_SetDuty
 .text.HAL_Init
                0x00000000080006b4       0x2c Drivers/STM32F1xx_HAL_Driver/Src/stm32f1xx_hal.o
                0x00000000080006b4                HAL_Init
 .text.HAL_InitTick
                0x00000000080006e0       0x60 Drivers/STM32F1xx_HAL_Driver/Src/stm32f1xx_hal.o
                0x00000000080006e0                HAL_InitTick
 .text.HAL_IncTick
                0x0000000008000740       0x24 Drivers/STM32F1xx_HAL_Driver/Src/stm32f1xx_hal.o
                0x0000000008000740                HAL_IncTick
 .text.HAL_GetTick
                0x0000000008000764       0x14 Drivers/STM32F1xx_HAL_Driver/Src/stm32f1xx_hal.o
                0x0000000008000764                HAL_GetTick
 .text.HAL_ADC_Init
                0x0000000008000778      0x1b0 Drivers/STM32F1xx_HAL_Driver/Src/stm32f1xx_hal_adc.o
                0x0000000008000778                HAL_ADC_Init
 .text.HAL_ADC_ConfigChannel
                0x0000000008000928      0x1f0 Drivers/STM32F1xx_HAL_Driver/Src/stm32f1xx_hal_adc.o
                0x0000000008000928                HAL_ADC_ConfigChannel
 .text.ADC_ConversionStop_Disable
                0x0000000008000b18       0x74 Drivers/STM32F1xx_HAL_Driver/Src/stm32f1xx_hal_adc.o
                0x0000000008000b18                ADC_ConversionStop_Disable
 .text.__NVIC_SetPriorityGrouping
                0x0000000008000b8c       0x48 Drivers/STM32F1xx_HAL_Driver/Src/stm32f1xx_hal_cortex.o
 .text.__NVIC_GetPriorityGrouping
                0x0000000008000bd4       0x1c Drivers/STM32F1xx_HAL_Driver/Src/stm32f1xx_hal_cortex.o
 .text.__NVIC_EnableIRQ
                0x0000000008000bf0       0x38 Drivers/STM32F1xx_HAL_Driver/Src/stm32f1xx_hal_cortex.o
 .text.__NVIC_SetPriority
                0x0000000008000c28       0x54 Drivers/STM32F1xx_HAL_Driver/Src/stm32f1xx_hal_cortex.o
 .text.NVIC_EncodePriority
                0x0000000008000c7c       0x64 Drivers/STM32F1xx_HAL_Driver/Src/stm32f1xx_hal_cortex.o
 .text.SysTick_Config
                0x0000000008000ce0       0x44 Drivers/STM32F1xx_HAL_Driver/Src/stm32f1xx_hal_cortex.o
 .text.HAL_NVIC_SetPriorityGrouping
                0x0000000008000d24       0x16 Drivers/STM32F1xx_HAL_Driver/Src/stm32f1xx_hal_cortex.o
                0x0000000008000d24                HAL_NVIC_SetPriorityGrouping
 .text.HAL_NVIC_SetPriority
                0x0000000008000d3a       0x38 Drivers/STM32F1xx_HAL_Driver/Src/stm32f1xx_hal_cortex.o
                0x0000000008000d3a                HAL_NVIC_SetPriority
 .text.HAL_NVIC_EnableIRQ
                0x0000000008000d72       0x1c Drivers/STM32F1xx_HAL_Driver/Src/stm32f1xx_hal_cortex.o
                0x0000000008000d72                HAL_NVIC_EnableIRQ
 .text.HAL_SYSTICK_Config
                0x0000000008000d8e       0x18 Drivers/STM32F1xx_HAL_Driver/Src/stm32f1xx_hal_cortex.o
                0x0000000008000d8e                HAL_SYSTICK_Config
 *fill*         0x0000000008000da6        0x2 
 .text.HAL_DMA_Abort_IT
                0x0000000008000da8       0xec Drivers/STM32F1xx_HAL_Driver/Src/stm32f1xx_hal_dma.o
                0x0000000008000da8                HAL_DMA_Abort_IT
 .text.HAL_FLASH_Program
                0x0000000008000e94       0xe0 Drivers/STM32F1xx_HAL_Driver/Src/stm32f1xx_hal_flash.o
                0x0000000008000e94                HAL_FLASH_Program
 .text.HAL_FLASH_Unlock
                0x0000000008000f74       0x4c Drivers/STM32F1xx_HAL_Driver/Src/stm32f1xx_hal_flash.o
                0x0000000008000f74                HAL_FLASH_Unlock
 .text.HAL_FLASH_Lock
                0x0000000008000fc0       0x20 Drivers/STM32F1xx_HAL_Driver/Src/stm32f1xx_hal_flash.o
                0x0000000008000fc0                HAL_FLASH_Lock
 .text.FLASH_Program_HalfWord
                0x0000000008000fe0       0x38 Drivers/STM32F1xx_HAL_Driver/Src/stm32f1xx_hal_flash.o
 .text.FLASH_WaitForLastOperation
                0x0000000008001018       0x8c Drivers/STM32F1xx_HAL_Driver/Src/stm32f1xx_hal_flash.o
                0x0000000008001018                FLASH_WaitForLastOperation
 .text.FLASH_SetErrorCode
                0x00000000080010a4       0xa0 Drivers/STM32F1xx_HAL_Driver/Src/stm32f1xx_hal_flash.o
 .text.HAL_FLASHEx_Erase
                0x0000000008001144       0xd8 Drivers/STM32F1xx_HAL_Driver/Src/stm32f1xx_hal_flash_ex.o
                0x0000000008001144                HAL_FLASHEx_Erase
 .text.FLASH_MassErase
                0x000000000800121c       0x38 Drivers/STM32F1xx_HAL_Driver/Src/stm32f1xx_hal_flash_ex.o
 .text.FLASH_PageErase
                0x0000000008001254       0x40 Drivers/STM32F1xx_HAL_Driver/Src/stm32f1xx_hal_flash_ex.o
                0x0000000008001254                FLASH_PageErase
 .text.HAL_GPIO_Init
                0x0000000008001294      0x2b4 Drivers/STM32F1xx_HAL_Driver/Src/stm32f1xx_hal_gpio.o
                0x0000000008001294                HAL_GPIO_Init
 .text.HAL_GPIO_ReadPin
                0x0000000008001548       0x2e Drivers/STM32F1xx_HAL_Driver/Src/stm32f1xx_hal_gpio.o
                0x0000000008001548                HAL_GPIO_ReadPin
 .text.HAL_GPIO_WritePin
                0x0000000008001576       0x30 Drivers/STM32F1xx_HAL_Driver/Src/stm32f1xx_hal_gpio.o
                0x0000000008001576                HAL_GPIO_WritePin
 *fill*         0x00000000080015a6        0x2 
 .text.HAL_RCC_OscConfig
                0x00000000080015a8      0x500 Drivers/STM32F1xx_HAL_Driver/Src/stm32f1xx_hal_rcc.o
                0x00000000080015a8                HAL_RCC_OscConfig
 .text.HAL_RCC_ClockConfig
                0x0000000008001aa8      0x1d4 Drivers/STM32F1xx_HAL_Driver/Src/stm32f1xx_hal_rcc.o
                0x0000000008001aa8                HAL_RCC_ClockConfig
 .text.HAL_RCC_GetSysClockFreq
                0x0000000008001c7c       0xc4 Drivers/STM32F1xx_HAL_Driver/Src/stm32f1xx_hal_rcc.o
                0x0000000008001c7c                HAL_RCC_GetSysClockFreq
 .text.HAL_RCC_GetHCLKFreq
                0x0000000008001d40       0x14 Drivers/STM32F1xx_HAL_Driver/Src/stm32f1xx_hal_rcc.o
                0x0000000008001d40                HAL_RCC_GetHCLKFreq
 .text.HAL_RCC_GetPCLK1Freq
                0x0000000008001d54       0x28 Drivers/STM32F1xx_HAL_Driver/Src/stm32f1xx_hal_rcc.o
                0x0000000008001d54                HAL_RCC_GetPCLK1Freq
 .text.HAL_RCC_GetPCLK2Freq
                0x0000000008001d7c       0x28 Drivers/STM32F1xx_HAL_Driver/Src/stm32f1xx_hal_rcc.o
                0x0000000008001d7c                HAL_RCC_GetPCLK2Freq
 .text.RCC_Delay
                0x0000000008001da4       0x3c Drivers/STM32F1xx_HAL_Driver/Src/stm32f1xx_hal_rcc.o
 .text.HAL_RCCEx_PeriphCLKConfig
                0x0000000008001de0      0x16c Drivers/STM32F1xx_HAL_Driver/Src/stm32f1xx_hal_rcc_ex.o
                0x0000000008001de0                HAL_RCCEx_PeriphCLKConfig
 .text.HAL_TIM_Base_Init
                0x0000000008001f4c       0x56 Drivers/STM32F1xx_HAL_Driver/Src/stm32f1xx_hal_tim.o
                0x0000000008001f4c                HAL_TIM_Base_Init
 .text.HAL_TIM_PWM_Init
                0x0000000008001fa2       0x56 Drivers/STM32F1xx_HAL_Driver/Src/stm32f1xx_hal_tim.o
                0x0000000008001fa2                HAL_TIM_PWM_Init
 .text.HAL_TIM_PWM_MspInit
                0x0000000008001ff8       0x12 Drivers/STM32F1xx_HAL_Driver/Src/stm32f1xx_hal_tim.o
                0x0000000008001ff8                HAL_TIM_PWM_MspInit
 *fill*         0x000000000800200a        0x2 
 .text.HAL_TIM_PWM_Start
                0x000000000800200c       0x64 Drivers/STM32F1xx_HAL_Driver/Src/stm32f1xx_hal_tim.o
                0x000000000800200c                HAL_TIM_PWM_Start
 .text.HAL_TIM_PWM_ConfigChannel
                0x0000000008002070      0x18c Drivers/STM32F1xx_HAL_Driver/Src/stm32f1xx_hal_tim.o
                0x0000000008002070                HAL_TIM_PWM_ConfigChannel
 .text.HAL_TIM_ConfigClockSource
                0x00000000080021fc      0x16e Drivers/STM32F1xx_HAL_Driver/Src/stm32f1xx_hal_tim.o
                0x00000000080021fc                HAL_TIM_ConfigClockSource
 *fill*         0x000000000800236a        0x2 
 .text.TIM_Base_SetConfig
                0x000000000800236c       0xc4 Drivers/STM32F1xx_HAL_Driver/Src/stm32f1xx_hal_tim.o
                0x000000000800236c                TIM_Base_SetConfig
 .text.TIM_OC1_SetConfig
                0x0000000008002430       0xcc Drivers/STM32F1xx_HAL_Driver/Src/stm32f1xx_hal_tim.o
 .text.TIM_OC2_SetConfig
                0x00000000080024fc       0xd4 Drivers/STM32F1xx_HAL_Driver/Src/stm32f1xx_hal_tim.o
                0x00000000080024fc                TIM_OC2_SetConfig
 .text.TIM_OC3_SetConfig
                0x00000000080025d0       0xd4 Drivers/STM32F1xx_HAL_Driver/Src/stm32f1xx_hal_tim.o
 .text.TIM_OC4_SetConfig
                0x00000000080026a4       0x9c Drivers/STM32F1xx_HAL_Driver/Src/stm32f1xx_hal_tim.o
 .text.TIM_TI1_ConfigInputStage
                0x0000000008002740       0x5c Drivers/STM32F1xx_HAL_Driver/Src/stm32f1xx_hal_tim.o
 .text.TIM_TI2_ConfigInputStage
                0x000000000800279c       0x5e Drivers/STM32F1xx_HAL_Driver/Src/stm32f1xx_hal_tim.o
 .text.TIM_ITRx_SetConfig
                0x00000000080027fa       0x34 Drivers/STM32F1xx_HAL_Driver/Src/stm32f1xx_hal_tim.o
 .text.TIM_ETR_SetConfig
                0x000000000800282e       0x3e Drivers/STM32F1xx_HAL_Driver/Src/stm32f1xx_hal_tim.o
                0x000000000800282e                TIM_ETR_SetConfig
 .text.TIM_CCxChannelCmd
                0x000000000800286c       0x48 Drivers/STM32F1xx_HAL_Driver/Src/stm32f1xx_hal_tim.o
                0x000000000800286c                TIM_CCxChannelCmd
 .text.HAL_TIMEx_MasterConfigSynchronization
                0x00000000080028b4       0x88 Drivers/STM32F1xx_HAL_Driver/Src/stm32f1xx_hal_tim_ex.o
                0x00000000080028b4                HAL_TIMEx_MasterConfigSynchronization
 .text.HAL_TIMEx_ConfigBreakDeadTime
                0x000000000800293c       0xa2 Drivers/STM32F1xx_HAL_Driver/Src/stm32f1xx_hal_tim_ex.o
                0x000000000800293c                HAL_TIMEx_ConfigBreakDeadTime
 .text.HAL_UART_Init
                0x00000000080029de       0x9a Drivers/STM32F1xx_HAL_Driver/Src/stm32f1xx_hal_uart.o
                0x00000000080029de                HAL_UART_Init
 .text.HAL_UART_Receive_IT
                0x0000000008002a78       0xa8 Drivers/STM32F1xx_HAL_Driver/Src/stm32f1xx_hal_uart.o
                0x0000000008002a78                HAL_UART_Receive_IT
 .text.HAL_UART_IRQHandler
                0x0000000008002b20      0x1f8 Drivers/STM32F1xx_HAL_Driver/Src/stm32f1xx_hal_uart.o
                0x0000000008002b20                HAL_UART_IRQHandler
 .text.HAL_UART_TxCpltCallback
                0x0000000008002d18       0x12 Drivers/STM32F1xx_HAL_Driver/Src/stm32f1xx_hal_uart.o
                0x0000000008002d18                HAL_UART_TxCpltCallback
 .text.HAL_UART_ErrorCallback
                0x0000000008002d2a       0x12 Drivers/STM32F1xx_HAL_Driver/Src/stm32f1xx_hal_uart.o
                0x0000000008002d2a                HAL_UART_ErrorCallback
 .text.UART_EndRxTransfer
                0x0000000008002d3c       0x3a Drivers/STM32F1xx_HAL_Driver/Src/stm32f1xx_hal_uart.o
 .text.UART_DMAAbortOnError
                0x0000000008002d76       0x28 Drivers/STM32F1xx_HAL_Driver/Src/stm32f1xx_hal_uart.o
 .text.UART_Transmit_IT
                0x0000000008002d9e       0xaa Drivers/STM32F1xx_HAL_Driver/Src/stm32f1xx_hal_uart.o
 .text.UART_EndTransmit_IT
                0x0000000008002e48       0x30 Drivers/STM32F1xx_HAL_Driver/Src/stm32f1xx_hal_uart.o
 .text.UART_Receive_IT
                0x0000000008002e78      0x102 Drivers/STM32F1xx_HAL_Driver/Src/stm32f1xx_hal_uart.o
 *fill*         0x0000000008002f7a        0x2 
 .text.UART_SetConfig
                0x0000000008002f7c      0x1b4 Drivers/STM32F1xx_HAL_Driver/Src/stm32f1xx_hal_uart.o
 .text.FlashManager_PageAddress
                0x0000000008003130       0x3c Drivers/System/Flash_Manager.o
                0x0000000008003130                FlashManager_PageAddress
 .text.FlashManager_ErasePage
                0x000000000800316c       0x4a Drivers/System/Flash_Manager.o
                0x000000000800316c                FlashManager_ErasePage
 *fill*         0x00000000080031b6        0x2 
 .text.FlashManager_WriteMulti
                0x00000000080031b8       0xec Drivers/System/Flash_Manager.o
                0x00000000080031b8                FlashManager_WriteMulti
 .text.FlashManager_ReadInt32
                0x00000000080032a4       0x1a Drivers/System/Flash_Manager.o
                0x00000000080032a4                FlashManager_ReadInt32
 *fill*         0x00000000080032be        0x2 
 .text.Protocol_DMX_init
                0x00000000080032c0       0xc0 Middlewares/Protocol/DMX/DMX.o
                0x00000000080032c0                Protocol_DMX_init
 .text.Protocol_DMX_UartCallback
                0x0000000008003380       0xe0 Middlewares/Protocol/DMX/DMX.o
                0x0000000008003380                Protocol_DMX_UartCallback
 .text.GENE_I2C_Init
                0x0000000008003460       0x64 Middlewares/Protocol/GENE_I2C/GENE_I2C_Master.o
                0x0000000008003460                GENE_I2C_Init
 .text.GENE_I2C_Master_Transmit
                0x00000000080034c4      0x22c Middlewares/Protocol/GENE_I2C/GENE_I2C_Master.o
                0x00000000080034c4                GENE_I2C_Master_Transmit
 .text.I2C_usDelay
                0x00000000080036f0       0x12 Middlewares/Protocol/GENE_I2C/GENE_I2C_Master.o
                0x00000000080036f0                I2C_usDelay
 .text.makeFreeRtosPriority
                0x0000000008003702       0x2e Middlewares/Third_Party/FreeRTOS/Source/CMSIS_RTOS/cmsis_os.o
 .text.osKernelStart
                0x0000000008003730        0xe Middlewares/Third_Party/FreeRTOS/Source/CMSIS_RTOS/cmsis_os.o
                0x0000000008003730                osKernelStart
 .text.osThreadCreate
                0x000000000800373e       0x98 Middlewares/Third_Party/FreeRTOS/Source/CMSIS_RTOS/cmsis_os.o
                0x000000000800373e                osThreadCreate
 *fill*         0x00000000080037d6        0x2 
 .text.osDelay  0x00000000080037d8       0x34 Middlewares/Third_Party/FreeRTOS/Source/CMSIS_RTOS/cmsis_os.o
                0x00000000080037d8                osDelay
 .text.vListInitialise
                0x000000000800380c       0x3e Middlewares/Third_Party/FreeRTOS/Source/list.o
                0x000000000800380c                vListInitialise
 .text.vListInitialiseItem
                0x000000000800384a       0x18 Middlewares/Third_Party/FreeRTOS/Source/list.o
                0x000000000800384a                vListInitialiseItem
 .text.vListInsertEnd
                0x0000000008003862       0x46 Middlewares/Third_Party/FreeRTOS/Source/list.o
                0x0000000008003862                vListInsertEnd
 .text.vListInsert
                0x00000000080038a8       0x70 Middlewares/Third_Party/FreeRTOS/Source/list.o
                0x00000000080038a8                vListInsert
 .text.uxListRemove
                0x0000000008003918       0x52 Middlewares/Third_Party/FreeRTOS/Source/list.o
                0x0000000008003918                uxListRemove
 .text.xTaskCreateStatic
                0x000000000800396a       0xb2 Middlewares/Third_Party/FreeRTOS/Source/tasks.o
                0x000000000800396a                xTaskCreateStatic
 .text.xTaskCreate
                0x0000000008003a1c       0x8a Middlewares/Third_Party/FreeRTOS/Source/tasks.o
                0x0000000008003a1c                xTaskCreate
 .text.prvInitialiseNewTask
                0x0000000008003aa6       0xfc Middlewares/Third_Party/FreeRTOS/Source/tasks.o
 *fill*         0x0000000008003ba2        0x2 
 .text.prvAddNewTaskToReadyList
                0x0000000008003ba4       0xd4 Middlewares/Third_Party/FreeRTOS/Source/tasks.o
 .text.vTaskDelay
                0x0000000008003c78       0x68 Middlewares/Third_Party/FreeRTOS/Source/tasks.o
                0x0000000008003c78                vTaskDelay
 .text.vTaskStartScheduler
                0x0000000008003ce0       0xbc Middlewares/Third_Party/FreeRTOS/Source/tasks.o
                0x0000000008003ce0                vTaskStartScheduler
 .text.vTaskSuspendAll
                0x0000000008003d9c       0x1c Middlewares/Third_Party/FreeRTOS/Source/tasks.o
                0x0000000008003d9c                vTaskSuspendAll
 .text.xTaskResumeAll
                0x0000000008003db8      0x138 Middlewares/Third_Party/FreeRTOS/Source/tasks.o
                0x0000000008003db8                xTaskResumeAll
 .text.xTaskIncrementTick
                0x0000000008003ef0      0x178 Middlewares/Third_Party/FreeRTOS/Source/tasks.o
                0x0000000008003ef0                xTaskIncrementTick
 .text.vTaskSwitchContext
                0x0000000008004068       0xb4 Middlewares/Third_Party/FreeRTOS/Source/tasks.o
                0x0000000008004068                vTaskSwitchContext
 .text.prvIdleTask
                0x000000000800411c       0x30 Middlewares/Third_Party/FreeRTOS/Source/tasks.o
 .text.prvInitialiseTaskLists
                0x000000000800414c       0x80 Middlewares/Third_Party/FreeRTOS/Source/tasks.o
 .text.prvCheckTasksWaitingTermination
                0x00000000080041cc       0x58 Middlewares/Third_Party/FreeRTOS/Source/tasks.o
 .text.prvDeleteTCB
                0x0000000008004224       0x5c Middlewares/Third_Party/FreeRTOS/Source/tasks.o
 .text.prvResetNextTaskUnblockTime
                0x0000000008004280       0x48 Middlewares/Third_Party/FreeRTOS/Source/tasks.o
 .text.xTaskGetSchedulerState
                0x00000000080042c8       0x3c Middlewares/Third_Party/FreeRTOS/Source/tasks.o
                0x00000000080042c8                xTaskGetSchedulerState
 .text.prvAddCurrentTaskToDelayedList
                0x0000000008004304       0xcc Middlewares/Third_Party/FreeRTOS/Source/tasks.o
 .text.pxPortInitialiseStack
                0x00000000080043d0       0x58 Middlewares/Third_Party/FreeRTOS/Source/portable/GCC/ARM_CM3/port.o
                0x00000000080043d0                pxPortInitialiseStack
 .text.prvTaskExitError
                0x0000000008004428       0x50 Middlewares/Third_Party/FreeRTOS/Source/portable/GCC/ARM_CM3/port.o
 *fill*         0x0000000008004478        0x8 
 .text.SVC_Handler
                0x0000000008004480       0x28 Middlewares/Third_Party/FreeRTOS/Source/portable/GCC/ARM_CM3/port.o
                0x0000000008004480                SVC_Handler
 .text.prvPortStartFirstTask
                0x00000000080044a8       0x20 Middlewares/Third_Party/FreeRTOS/Source/portable/GCC/ARM_CM3/port.o
 .text.xPortStartScheduler
                0x00000000080044c8       0xe0 Middlewares/Third_Party/FreeRTOS/Source/portable/GCC/ARM_CM3/port.o
                0x00000000080044c8                xPortStartScheduler
 .text.vPortEnterCritical
                0x00000000080045a8       0x5c Middlewares/Third_Party/FreeRTOS/Source/portable/GCC/ARM_CM3/port.o
                0x00000000080045a8                vPortEnterCritical
 .text.vPortExitCritical
                0x0000000008004604       0x4c Middlewares/Third_Party/FreeRTOS/Source/portable/GCC/ARM_CM3/port.o
                0x0000000008004604                vPortExitCritical
 .text.PendSV_Handler
                0x0000000008004650       0x48 Middlewares/Third_Party/FreeRTOS/Source/portable/GCC/ARM_CM3/port.o
                0x0000000008004650                PendSV_Handler
 .text.xPortSysTickHandler
                0x0000000008004698       0x40 Middlewares/Third_Party/FreeRTOS/Source/portable/GCC/ARM_CM3/port.o
                0x0000000008004698                xPortSysTickHandler
 .text.vPortSetupTimerInterrupt
                0x00000000080046d8       0x44 Middlewares/Third_Party/FreeRTOS/Source/portable/GCC/ARM_CM3/port.o
                0x00000000080046d8                vPortSetupTimerInterrupt
 .text.pvPortMalloc
                0x000000000800471c      0x184 Middlewares/Third_Party/FreeRTOS/Source/portable/MemMang/heap_4.o
                0x000000000800471c                pvPortMalloc
 .text.vPortFree
                0x00000000080048a0       0xb0 Middlewares/Third_Party/FreeRTOS/Source/portable/MemMang/heap_4.o
                0x00000000080048a0                vPortFree
 .text.prvHeapInit
                0x0000000008004950       0xc4 Middlewares/Third_Party/FreeRTOS/Source/portable/MemMang/heap_4.o
 .text.prvInsertBlockIntoFreeList
                0x0000000008004a14       0xb0 Middlewares/Third_Party/FreeRTOS/Source/portable/MemMang/heap_4.o
 .text.Load_Param
                0x0000000008004ac4       0x8c Src/App.o
                0x0000000008004ac4                Load_Param
 .text.Write_Param
                0x0000000008004b50       0x68 Src/App.o
                0x0000000008004b50                Write_Param
 .text.Manage_Button
                0x0000000008004bb8      0x150 Src/App.o
                0x0000000008004bb8                Manage_Button
 .text.AppLEDTask
                0x0000000008004d08      0x938 Src/App.o
                0x0000000008004d08                AppLEDTask
 .text.AppIHMTask
                0x0000000008005640      0x3b4 Src/App.o
                0x0000000008005640                AppIHMTask
 .text.App_Init
                0x00000000080059f4      0x1f8 Src/App.o
                0x00000000080059f4                App_Init
 .text.CreatAppTasks
                0x0000000008005bec       0x68 Src/App.o
                0x0000000008005bec                CreatAppTasks
 .text.HAL_UART_RxCpltCallback
                0x0000000008005c54       0x16 Src/App.o
                0x0000000008005c54                HAL_UART_RxCpltCallback
 *fill*         0x0000000008005c6a        0x2 
 .text.MX_ADC1_Init
                0x0000000008005c6c       0x7c Src/adc.o
                0x0000000008005c6c                MX_ADC1_Init
 .text.HAL_ADC_MspInit
                0x0000000008005ce8       0xa8 Src/adc.o
                0x0000000008005ce8                HAL_ADC_MspInit
 .text.vApplicationGetIdleTaskMemory
                0x0000000008005d90       0x30 Src/freertos.o
                0x0000000008005d90                vApplicationGetIdleTaskMemory
 .text.MX_FREERTOS_Init
                0x0000000008005dc0       0x38 Src/freertos.o
                0x0000000008005dc0                MX_FREERTOS_Init
 .text.StartDefaultTask
                0x0000000008005df8       0x10 Src/freertos.o
                0x0000000008005df8                StartDefaultTask
 .text.MX_GPIO_Init
                0x0000000008005e08      0x130 Src/gpio.o
                0x0000000008005e08                MX_GPIO_Init
 .text.main     0x0000000008005f38      0x140 Src/main.o
                0x0000000008005f38                main
 .text.SystemClock_Config
                0x0000000008006078       0xb0 Src/main.o
                0x0000000008006078                SystemClock_Config
 .text.Error_Handler
                0x0000000008006128        0xc Src/main.o
                0x0000000008006128                Error_Handler
 .text.HAL_MspInit
                0x0000000008006134       0x70 Src/stm32f1xx_hal_msp.o
                0x0000000008006134                HAL_MspInit
 .text.NMI_Handler
                0x00000000080061a4        0xc Src/stm32f1xx_it.o
                0x00000000080061a4                NMI_Handler
 .text.HardFault_Handler
                0x00000000080061b0        0x6 Src/stm32f1xx_it.o
                0x00000000080061b0                HardFault_Handler
 .text.MemManage_Handler
                0x00000000080061b6        0x6 Src/stm32f1xx_it.o
                0x00000000080061b6                MemManage_Handler
 .text.BusFault_Handler
                0x00000000080061bc        0x6 Src/stm32f1xx_it.o
                0x00000000080061bc                BusFault_Handler
 .text.UsageFault_Handler
                0x00000000080061c2        0x6 Src/stm32f1xx_it.o
                0x00000000080061c2                UsageFault_Handler
 .text.DebugMon_Handler
                0x00000000080061c8        0xc Src/stm32f1xx_it.o
                0x00000000080061c8                DebugMon_Handler
 .text.SysTick_Handler
                0x00000000080061d4       0x1a Src/stm32f1xx_it.o
                0x00000000080061d4                SysTick_Handler
 *fill*         0x00000000080061ee        0x2 
 .text.USART2_IRQHandler
                0x00000000080061f0       0x14 Src/stm32f1xx_it.o
                0x00000000080061f0                USART2_IRQHandler
 .text.SystemInit
                0x0000000008006204       0x68 Src/system_stm32f1xx.o
                0x0000000008006204                SystemInit
 .text.MX_TIM1_Init
                0x000000000800626c      0x188 Src/tim.o
                0x000000000800626c                MX_TIM1_Init
 .text.MX_TIM2_Init
                0x00000000080063f4      0x12c Src/tim.o
                0x00000000080063f4                MX_TIM2_Init
 .text.MX_TIM3_Init
                0x0000000008006520      0x118 Src/tim.o
                0x0000000008006520                MX_TIM3_Init
 .text.HAL_TIM_Base_MspInit
                0x0000000008006638       0x88 Src/tim.o
                0x0000000008006638                HAL_TIM_Base_MspInit
 .text.HAL_TIM_MspPostInit
                0x00000000080066c0      0x164 Src/tim.o
                0x00000000080066c0                HAL_TIM_MspPostInit
 .text.MX_USART1_UART_Init
                0x0000000008006824       0x54 Src/usart.o
                0x0000000008006824                MX_USART1_UART_Init
 .text.MX_USART2_UART_Init
                0x0000000008006878       0x58 Src/usart.o
                0x0000000008006878                MX_USART2_UART_Init
 .text.HAL_UART_MspInit
                0x00000000080068d0      0x138 Src/usart.o
                0x00000000080068d0                HAL_UART_MspInit
 .text.Reset_Handler
                0x0000000008006a08       0x48 Startup/startup_stm32f103c8tx.o
                0x0000000008006a08                Reset_Handler
 .text.Default_Handler
                0x0000000008006a50        0x2 Startup/startup_stm32f103c8tx.o
                0x0000000008006a50                RTC_Alarm_IRQHandler
                0x0000000008006a50                EXTI2_IRQHandler
                0x0000000008006a50                TIM1_CC_IRQHandler
                0x0000000008006a50                PVD_IRQHandler
                0x0000000008006a50                EXTI3_IRQHandler
                0x0000000008006a50                EXTI0_IRQHandler
                0x0000000008006a50                I2C2_EV_IRQHandler
                0x0000000008006a50                ADC1_2_IRQHandler
                0x0000000008006a50                SPI1_IRQHandler
                0x0000000008006a50                TAMPER_IRQHandler
                0x0000000008006a50                DMA1_Channel4_IRQHandler
                0x0000000008006a50                USART3_IRQHandler
                0x0000000008006a50                RTC_IRQHandler
                0x0000000008006a50                DMA1_Channel7_IRQHandler
                0x0000000008006a50                CAN1_RX1_IRQHandler
                0x0000000008006a50                TIM4_IRQHandler
                0x0000000008006a50                I2C1_EV_IRQHandler
                0x0000000008006a50                DMA1_Channel6_IRQHandler
                0x0000000008006a50                TIM3_IRQHandler
                0x0000000008006a50                RCC_IRQHandler
                0x0000000008006a50                TIM1_TRG_COM_IRQHandler
                0x0000000008006a50                DMA1_Channel1_IRQHandler
                0x0000000008006a50                Default_Handler
                0x0000000008006a50                EXTI15_10_IRQHandler
                0x0000000008006a50                EXTI9_5_IRQHandler
                0x0000000008006a50                SPI2_IRQHandler
                0x0000000008006a50                DMA1_Channel5_IRQHandler
                0x0000000008006a50                EXTI4_IRQHandler
                0x0000000008006a50                USB_LP_CAN1_RX0_IRQHandler
                0x0000000008006a50                USB_HP_CAN1_TX_IRQHandler
                0x0000000008006a50                DMA1_Channel3_IRQHandler
                0x0000000008006a50                TIM1_UP_IRQHandler
                0x0000000008006a50                WWDG_IRQHandler
                0x0000000008006a50                TIM2_IRQHandler
                0x0000000008006a50                TIM1_BRK_IRQHandler
                0x0000000008006a50                EXTI1_IRQHandler
                0x0000000008006a50                I2C2_ER_IRQHandler
                0x0000000008006a50                DMA1_Channel2_IRQHandler
                0x0000000008006a50                CAN1_SCE_IRQHandler
                0x0000000008006a50                FLASH_IRQHandler
                0x0000000008006a50                USART1_IRQHandler
                0x0000000008006a50                I2C1_ER_IRQHandler
                0x0000000008006a50                USBWakeUp_IRQHandler
 *fill*         0x0000000008006a52        0x2 
 .text.__libc_init_array
                0x0000000008006a54       0x48 c:/st/stm32cubeide_1.1.0/stm32cubeide/plugins/com.st.stm32cube.ide.mcu.externaltools.gnu-tools-for-stm32.7-2018-q2-update.win32_1.0.0.201904181610/tools/bin/../lib/gcc/arm-none-eabi/7.3.1/../../../../arm-none-eabi/lib/thumb/v7-m\libc_nano.a(lib_a-init.o)
                0x0000000008006a54                __libc_init_array
 .text.memset   0x0000000008006a9c       0x10 c:/st/stm32cubeide_1.1.0/stm32cubeide/plugins/com.st.stm32cube.ide.mcu.externaltools.gnu-tools-for-stm32.7-2018-q2-update.win32_1.0.0.201904181610/tools/bin/../lib/gcc/arm-none-eabi/7.3.1/../../../../arm-none-eabi/lib/thumb/v7-m\libc_nano.a(lib_a-memset.o)
                0x0000000008006a9c                memset
 *(.glue_7)
 .glue_7        0x0000000008006aac        0x0 linker stubs
 *(.glue_7t)
 .glue_7t       0x0000000008006aac        0x0 linker stubs
 *(.eh_frame)
 .eh_frame      0x0000000008006aac        0x0 c:/st/stm32cubeide_1.1.0/stm32cubeide/plugins/com.st.stm32cube.ide.mcu.externaltools.gnu-tools-for-stm32.7-2018-q2-update.win32_1.0.0.201904181610/tools/bin/../lib/gcc/arm-none-eabi/7.3.1/thumb/v7-m/crtbegin.o
 *(.init)
 .init          0x0000000008006aac        0x4 c:/st/stm32cubeide_1.1.0/stm32cubeide/plugins/com.st.stm32cube.ide.mcu.externaltools.gnu-tools-for-stm32.7-2018-q2-update.win32_1.0.0.201904181610/tools/bin/../lib/gcc/arm-none-eabi/7.3.1/thumb/v7-m/crti.o
                0x0000000008006aac                _init
 .init          0x0000000008006ab0        0x8 c:/st/stm32cubeide_1.1.0/stm32cubeide/plugins/com.st.stm32cube.ide.mcu.externaltools.gnu-tools-for-stm32.7-2018-q2-update.win32_1.0.0.201904181610/tools/bin/../lib/gcc/arm-none-eabi/7.3.1/thumb/v7-m/crtn.o
 *(.fini)
 .fini          0x0000000008006ab8        0x4 c:/st/stm32cubeide_1.1.0/stm32cubeide/plugins/com.st.stm32cube.ide.mcu.externaltools.gnu-tools-for-stm32.7-2018-q2-update.win32_1.0.0.201904181610/tools/bin/../lib/gcc/arm-none-eabi/7.3.1/thumb/v7-m/crti.o
                0x0000000008006ab8                _fini
 .fini          0x0000000008006abc        0x8 c:/st/stm32cubeide_1.1.0/stm32cubeide/plugins/com.st.stm32cube.ide.mcu.externaltools.gnu-tools-for-stm32.7-2018-q2-update.win32_1.0.0.201904181610/tools/bin/../lib/gcc/arm-none-eabi/7.3.1/thumb/v7-m/crtn.o
                0x0000000008006ac4                . = ALIGN (0x4)
                0x0000000008006ac4                _etext = .

.vfp11_veneer   0x0000000008006ac4        0x0
 .vfp11_veneer  0x0000000008006ac4        0x0 linker stubs

.v4_bx          0x0000000008006ac4        0x0
 .v4_bx         0x0000000008006ac4        0x0 linker stubs

.iplt           0x0000000008006ac4        0x0
 .iplt          0x0000000008006ac4        0x0 c:/st/stm32cubeide_1.1.0/stm32cubeide/plugins/com.st.stm32cube.ide.mcu.externaltools.gnu-tools-for-stm32.7-2018-q2-update.win32_1.0.0.201904181610/tools/bin/../lib/gcc/arm-none-eabi/7.3.1/thumb/v7-m/crtbegin.o

.rodata         0x0000000008006ac4     0x14a8
                0x0000000008006ac4                . = ALIGN (0x4)
 *(.rodata)
 .rodata        0x0000000008006ac4       0x12 Drivers/STM32F1xx_HAL_Driver/Src/stm32f1xx_hal_rcc.o
 *fill*         0x0000000008006ad6        0x2 
 .rodata        0x0000000008006ad8        0x5 Middlewares/Third_Party/FreeRTOS/Source/tasks.o
 *fill*         0x0000000008006add        0x3 
 .rodata        0x0000000008006ae0      0x100 Src/App.o
 .rodata        0x0000000008006be0       0x28 Src/freertos.o
 *(.rodata*)
 .rodata.Font16x26
                0x0000000008006c08     0x134c Drivers/Devices/Display/__Fonts.o
                0x0000000008006c08                Font16x26
 .rodata.AHBPrescTable
                0x0000000008007f54       0x10 Src/system_stm32f1xx.o
                0x0000000008007f54                AHBPrescTable
 .rodata.APBPrescTable
                0x0000000008007f64        0x8 Src/system_stm32f1xx.o
                0x0000000008007f64                APBPrescTable
                0x0000000008007f6c                . = ALIGN (0x4)

.rel.dyn        0x0000000008007f6c        0x0
 .rel.iplt      0x0000000008007f6c        0x0 c:/st/stm32cubeide_1.1.0/stm32cubeide/plugins/com.st.stm32cube.ide.mcu.externaltools.gnu-tools-for-stm32.7-2018-q2-update.win32_1.0.0.201904181610/tools/bin/../lib/gcc/arm-none-eabi/7.3.1/thumb/v7-m/crtbegin.o

.ARM.extab      0x0000000008007f6c        0x0
                0x0000000008007f6c                . = ALIGN (0x4)
 *(.ARM.extab* .gnu.linkonce.armextab.*)
                0x0000000008007f6c                . = ALIGN (0x4)

.ARM            0x0000000008007f6c        0x0
                0x0000000008007f6c                . = ALIGN (0x4)
                0x0000000008007f6c                __exidx_start = .
 *(.ARM.exidx*)
                0x0000000008007f6c                __exidx_end = .
                0x0000000008007f6c                . = ALIGN (0x4)

.preinit_array  0x0000000008007f6c        0x0
                0x0000000008007f6c                . = ALIGN (0x4)
                0x0000000008007f6c                PROVIDE (__preinit_array_start = .)
 *(.preinit_array*)
                0x0000000008007f6c                PROVIDE (__preinit_array_end = .)
                0x0000000008007f6c                . = ALIGN (0x4)

.init_array     0x0000000008007f6c        0x4
                0x0000000008007f6c                . = ALIGN (0x4)
                0x0000000008007f6c                PROVIDE (__init_array_start = .)
 *(SORT_BY_NAME(.init_array.*))
 *(.init_array*)
 .init_array    0x0000000008007f6c        0x4 c:/st/stm32cubeide_1.1.0/stm32cubeide/plugins/com.st.stm32cube.ide.mcu.externaltools.gnu-tools-for-stm32.7-2018-q2-update.win32_1.0.0.201904181610/tools/bin/../lib/gcc/arm-none-eabi/7.3.1/thumb/v7-m/crtbegin.o
                0x0000000008007f70                PROVIDE (__init_array_end = .)
                0x0000000008007f70                . = ALIGN (0x4)

.fini_array     0x0000000008007f70        0x4
                0x0000000008007f70                . = ALIGN (0x4)
                [!provide]                        PROVIDE (__fini_array_start = .)
 *(SORT_BY_NAME(.fini_array.*))
 *(.fini_array*)
 .fini_array    0x0000000008007f70        0x4 c:/st/stm32cubeide_1.1.0/stm32cubeide/plugins/com.st.stm32cube.ide.mcu.externaltools.gnu-tools-for-stm32.7-2018-q2-update.win32_1.0.0.201904181610/tools/bin/../lib/gcc/arm-none-eabi/7.3.1/thumb/v7-m/crtbegin.o
                [!provide]                        PROVIDE (__fini_array_end = .)
                0x0000000008007f74                . = ALIGN (0x4)
                0x0000000008007f74                _sidata = LOADADDR (.data)

.data           0x0000000020000000       0x18 load address 0x0000000008007f74
                0x0000000020000000                . = ALIGN (0x4)
                0x0000000020000000                _sdata = .
 *(.data)
 *(.data*)
 .data.Font_16x26
                0x0000000020000000        0x8 Drivers/Devices/Display/__Fonts.o
                0x0000000020000000                Font_16x26
 .data.uwTickPrio
                0x0000000020000008        0x4 Drivers/STM32F1xx_HAL_Driver/Src/stm32f1xx_hal.o
                0x0000000020000008                uwTickPrio
 .data.uwTickFreq
                0x000000002000000c        0x1 Drivers/STM32F1xx_HAL_Driver/Src/stm32f1xx_hal.o
                0x000000002000000c                uwTickFreq
 *fill*         0x000000002000000d        0x3 
 .data.uxCriticalNesting
                0x0000000020000010        0x4 Middlewares/Third_Party/FreeRTOS/Source/portable/GCC/ARM_CM3/port.o
 .data.SystemCoreClock
                0x0000000020000014        0x4 Src/system_stm32f1xx.o
                0x0000000020000014                SystemCoreClock
                0x0000000020000018                . = ALIGN (0x4)
                0x0000000020000018                _edata = .

.igot.plt       0x0000000020000018        0x0 load address 0x0000000008007f8c
 .igot.plt      0x0000000020000018        0x0 c:/st/stm32cubeide_1.1.0/stm32cubeide/plugins/com.st.stm32cube.ide.mcu.externaltools.gnu-tools-for-stm32.7-2018-q2-update.win32_1.0.0.201904181610/tools/bin/../lib/gcc/arm-none-eabi/7.3.1/thumb/v7-m/crtbegin.o
                0x0000000020000018                . = ALIGN (0x4)

.bss            0x0000000020000018     0x1a44 load address 0x0000000008007f8c
                0x0000000020000018                _sbss = .
                0x0000000020000018                __bss_start__ = _sbss
 *(.bss)
 .bss           0x0000000020000018       0x1c c:/st/stm32cubeide_1.1.0/stm32cubeide/plugins/com.st.stm32cube.ide.mcu.externaltools.gnu-tools-for-stm32.7-2018-q2-update.win32_1.0.0.201904181610/tools/bin/../lib/gcc/arm-none-eabi/7.3.1/thumb/v7-m/crtbegin.o
 *(.bss*)
 .bss.SSD1306_Buffer
                0x0000000020000034      0x400 Drivers/Devices/Display/ssd1306.o
 .bss.SSD1306   0x0000000020000434        0x6 Drivers/Devices/Display/ssd1306.o
 *fill*         0x000000002000043a        0x2 
 .bss.pxCurrentTCB
                0x000000002000043c        0x4 Middlewares/Third_Party/FreeRTOS/Source/tasks.o
                0x000000002000043c                pxCurrentTCB
 .bss.pxReadyTasksLists
                0x0000000020000440       0x8c Middlewares/Third_Party/FreeRTOS/Source/tasks.o
 .bss.xDelayedTaskList1
                0x00000000200004cc       0x14 Middlewares/Third_Party/FreeRTOS/Source/tasks.o
 .bss.xDelayedTaskList2
                0x00000000200004e0       0x14 Middlewares/Third_Party/FreeRTOS/Source/tasks.o
 .bss.pxDelayedTaskList
                0x00000000200004f4        0x4 Middlewares/Third_Party/FreeRTOS/Source/tasks.o
 .bss.pxOverflowDelayedTaskList
                0x00000000200004f8        0x4 Middlewares/Third_Party/FreeRTOS/Source/tasks.o
 .bss.xPendingReadyList
                0x00000000200004fc       0x14 Middlewares/Third_Party/FreeRTOS/Source/tasks.o
 .bss.xTasksWaitingTermination
                0x0000000020000510       0x14 Middlewares/Third_Party/FreeRTOS/Source/tasks.o
 .bss.uxDeletedTasksWaitingCleanUp
                0x0000000020000524        0x4 Middlewares/Third_Party/FreeRTOS/Source/tasks.o
 .bss.xSuspendedTaskList
                0x0000000020000528       0x14 Middlewares/Third_Party/FreeRTOS/Source/tasks.o
 .bss.uxCurrentNumberOfTasks
                0x000000002000053c        0x4 Middlewares/Third_Party/FreeRTOS/Source/tasks.o
 .bss.xTickCount
                0x0000000020000540        0x4 Middlewares/Third_Party/FreeRTOS/Source/tasks.o
 .bss.uxTopReadyPriority
                0x0000000020000544        0x4 Middlewares/Third_Party/FreeRTOS/Source/tasks.o
 .bss.xSchedulerRunning
                0x0000000020000548        0x4 Middlewares/Third_Party/FreeRTOS/Source/tasks.o
 .bss.uxPendedTicks
                0x000000002000054c        0x4 Middlewares/Third_Party/FreeRTOS/Source/tasks.o
 .bss.xYieldPending
                0x0000000020000550        0x4 Middlewares/Third_Party/FreeRTOS/Source/tasks.o
 .bss.xNumOfOverflows
                0x0000000020000554        0x4 Middlewares/Third_Party/FreeRTOS/Source/tasks.o
 .bss.uxTaskNumber
                0x0000000020000558        0x4 Middlewares/Third_Party/FreeRTOS/Source/tasks.o
 .bss.xNextTaskUnblockTime
                0x000000002000055c        0x4 Middlewares/Third_Party/FreeRTOS/Source/tasks.o
 .bss.xIdleTaskHandle
                0x0000000020000560        0x4 Middlewares/Third_Party/FreeRTOS/Source/tasks.o
 .bss.uxSchedulerSuspended
                0x0000000020000564        0x4 Middlewares/Third_Party/FreeRTOS/Source/tasks.o
 .bss.ucMaxSysCallPriority
                0x0000000020000568        0x1 Middlewares/Third_Party/FreeRTOS/Source/portable/GCC/ARM_CM3/port.o
 *fill*         0x0000000020000569        0x3 
 .bss.ulMaxPRIGROUPValue
                0x000000002000056c        0x4 Middlewares/Third_Party/FreeRTOS/Source/portable/GCC/ARM_CM3/port.o
 .bss.ucHeap    0x0000000020000570      0xc00 Middlewares/Third_Party/FreeRTOS/Source/portable/MemMang/heap_4.o
 .bss.xStart    0x0000000020001170        0x8 Middlewares/Third_Party/FreeRTOS/Source/portable/MemMang/heap_4.o
 .bss.pxEnd     0x0000000020001178        0x4 Middlewares/Third_Party/FreeRTOS/Source/portable/MemMang/heap_4.o
 .bss.xFreeBytesRemaining
                0x000000002000117c        0x4 Middlewares/Third_Party/FreeRTOS/Source/portable/MemMang/heap_4.o
 .bss.xMinimumEverFreeBytesRemaining
                0x0000000020001180        0x4 Middlewares/Third_Party/FreeRTOS/Source/portable/MemMang/heap_4.o
 .bss.xBlockAllocatedBit
                0x0000000020001184        0x4 Middlewares/Third_Party/FreeRTOS/Source/portable/MemMang/heap_4.o
 .bss.time_BpUp.8797
                0x0000000020001188        0x4 Src/App.o
 .bss.time_BpDown.8798
                0x000000002000118c        0x4 Src/App.o
 .bss.time_BpOk.8799
                0x0000000020001190        0x4 Src/App.o
 .bss.A.8803    0x0000000020001194        0x1 Src/App.o
 *fill*         0x0000000020001195        0x3 
 .bss.xIdleTaskTCBBuffer
                0x0000000020001198       0x54 Src/freertos.o
 .bss.xIdleStack
                0x00000000200011ec      0x200 Src/freertos.o
 *(COMMON)
 COMMON         0x00000000200013ec        0x4 Drivers/STM32F1xx_HAL_Driver/Src/stm32f1xx_hal.o
                0x00000000200013ec                uwTick
 COMMON         0x00000000200013f0       0x20 Drivers/STM32F1xx_HAL_Driver/Src/stm32f1xx_hal_flash.o
                0x00000000200013f0                pFlash
 COMMON         0x0000000020001410      0x400 Drivers/System/Flash_Manager.o
                0x0000000020001410                flash_temp_data
 COMMON         0x0000000020001810       0x3a Middlewares/Protocol/DMX/DMX.o
                0x0000000020001810                dmx_LastTick
                0x0000000020001814                dmx_address_end
                0x0000000020001818                dmx_buff_valid
                0x0000000020001824                dmx_ref_uart
                0x0000000020001828                dmx_Last_Error
                0x0000000020001829                dmx_address_begin
                0x000000002000182c                dmx_rx_buff
                0x000000002000182d                dmx_ref_buffer
                0x000000002000182e                dmx_cptAddress
                0x0000000020001830                dmx_buff1
                0x000000002000183c                dmx_buff2
                0x0000000020001848                dmx_cptByte
 *fill*         0x000000002000184a        0x2 
 COMMON         0x000000002000184c        0xc Middlewares/Protocol/GENE_I2C/GENE_I2C_Master.o
                0x000000002000184c                pSDA_Port
                0x0000000020001850                iSDA_Pin
                0x0000000020001852                iSCL_Pin
                0x0000000020001854                pSCL_Port
 COMMON         0x0000000020001858       0x90 Src/App.o
                0x0000000020001858                LED5_pwmtimer
                0x000000002000185c                LED9_PWMchannel
                0x0000000020001860                IsInverted
                0x0000000020001864                LED1_PWMchannel
                0x0000000020001868                Manu_value
                0x0000000020001869                DMX_signal_OK
                0x000000002000186c                LED10_pwmtimer
                0x0000000020001870                FAN_PWMchannel
                0x0000000020001874                LED2_PWMchannel
                0x0000000020001878                Bp_Down
                0x000000002000187c                LED3_pwmtimer
                0x0000000020001880                LED6_PWMchannel
                0x0000000020001884                DMX_uart
                0x0000000020001888                AppIHMTaskHandle
                0x000000002000188c                LED1_pwmtimer
                0x0000000020001890                LED6_pwmtimer
                0x0000000020001894                Current_Mode
                0x0000000020001898                LED3_PWMchannel
                0x000000002000189c                LED7_pwmtimer
                0x00000000200018a0                LED7_PWMchannel
                0x00000000200018a4                LED10_PWMchannel
                0x00000000200018a8                LED4_pwmtimer
                0x00000000200018ac                LED8_PWMchannel
                0x00000000200018b0                Bp_Ok
                0x00000000200018b4                LED9_pwmtimer
                0x00000000200018b8                LED2_pwmtimer
                0x00000000200018bc                LED4_PWMchannel
                0x00000000200018c0                Current_Display
                0x00000000200018c4                FAN_pwmtimer
                0x00000000200018c8                DMX_values
                0x00000000200018d4                Bp_Up
                0x00000000200018d5                Display_Cursor
                0x00000000200018d8                LED5_PWMchannel
                0x00000000200018dc                DMX_Adress
                0x00000000200018e0                LED8_pwmtimer
                0x00000000200018e4                AppLEDTaskHandle
 COMMON         0x00000000200018e8       0x30 Src/adc.o
                0x00000000200018e8                hadc1
 COMMON         0x0000000020001918        0x4 Src/freertos.o
                0x0000000020001918                defaultTaskHandle
 COMMON         0x000000002000191c       0xc0 Src/tim.o
                0x000000002000191c                htim3
                0x000000002000195c                htim1
                0x000000002000199c                htim2
 COMMON         0x00000000200019dc       0x80 Src/usart.o
                0x00000000200019dc                huart1
                0x0000000020001a1c                huart2
                0x0000000020001a5c                . = ALIGN (0x4)
                0x0000000020001a5c                _ebss = .
                0x0000000020001a5c                __bss_end__ = _ebss

._user_heap_stack
                0x0000000020001a5c      0x604 load address 0x0000000008007f8c
                0x0000000020001a60                . = ALIGN (0x8)
 *fill*         0x0000000020001a5c        0x4 
                0x0000000020001a60                PROVIDE (end = .)
                [!provide]                        PROVIDE (_end = .)
                0x0000000020001c60                . = (. + _Min_Heap_Size)
 *fill*         0x0000000020001a60      0x200 
                0x0000000020002060                . = (. + _Min_Stack_Size)
 *fill*         0x0000000020001c60      0x400 
                0x0000000020002060                . = ALIGN (0x8)

/DISCARD/
 libc.a(*)
 libm.a(*)
 libgcc.a(*)

.ARM.attributes
                0x0000000000000000       0x29
 *(.ARM.attributes)
 .ARM.attributes
                0x0000000000000000       0x1d c:/st/stm32cubeide_1.1.0/stm32cubeide/plugins/com.st.stm32cube.ide.mcu.externaltools.gnu-tools-for-stm32.7-2018-q2-update.win32_1.0.0.201904181610/tools/bin/../lib/gcc/arm-none-eabi/7.3.1/thumb/v7-m/crti.o
 .ARM.attributes
                0x000000000000001d       0x2d c:/st/stm32cubeide_1.1.0/stm32cubeide/plugins/com.st.stm32cube.ide.mcu.externaltools.gnu-tools-for-stm32.7-2018-q2-update.win32_1.0.0.201904181610/tools/bin/../lib/gcc/arm-none-eabi/7.3.1/thumb/v7-m/crtbegin.o
 .ARM.attributes
                0x000000000000004a       0x33 Drivers/Devices/Display/__Fonts.o
 .ARM.attributes
                0x000000000000007d       0x33 Drivers/Devices/Display/ssd1306.o
 .ARM.attributes
                0x00000000000000b0       0x33 Drivers/Devices/PWM/PWM.o
 .ARM.attributes
                0x00000000000000e3       0x33 Drivers/STM32F1xx_HAL_Driver/Src/stm32f1xx_hal.o
 .ARM.attributes
                0x0000000000000116       0x33 Drivers/STM32F1xx_HAL_Driver/Src/stm32f1xx_hal_adc.o
 .ARM.attributes
                0x0000000000000149       0x33 Drivers/STM32F1xx_HAL_Driver/Src/stm32f1xx_hal_cortex.o
 .ARM.attributes
                0x000000000000017c       0x33 Drivers/STM32F1xx_HAL_Driver/Src/stm32f1xx_hal_dma.o
 .ARM.attributes
                0x00000000000001af       0x33 Drivers/STM32F1xx_HAL_Driver/Src/stm32f1xx_hal_flash.o
 .ARM.attributes
                0x00000000000001e2       0x33 Drivers/STM32F1xx_HAL_Driver/Src/stm32f1xx_hal_flash_ex.o
 .ARM.attributes
                0x0000000000000215       0x33 Drivers/STM32F1xx_HAL_Driver/Src/stm32f1xx_hal_gpio.o
 .ARM.attributes
                0x0000000000000248       0x33 Drivers/STM32F1xx_HAL_Driver/Src/stm32f1xx_hal_rcc.o
 .ARM.attributes
                0x000000000000027b       0x33 Drivers/STM32F1xx_HAL_Driver/Src/stm32f1xx_hal_rcc_ex.o
 .ARM.attributes
                0x00000000000002ae       0x33 Drivers/STM32F1xx_HAL_Driver/Src/stm32f1xx_hal_tim.o
 .ARM.attributes
                0x00000000000002e1       0x33 Drivers/STM32F1xx_HAL_Driver/Src/stm32f1xx_hal_tim_ex.o
 .ARM.attributes
                0x0000000000000314       0x33 Drivers/STM32F1xx_HAL_Driver/Src/stm32f1xx_hal_uart.o
 .ARM.attributes
                0x0000000000000347       0x33 Drivers/System/Flash_Manager.o
 .ARM.attributes
                0x000000000000037a       0x33 Middlewares/Protocol/DMX/DMX.o
 .ARM.attributes
                0x00000000000003ad       0x33 Middlewares/Protocol/GENE_I2C/GENE_I2C_Master.o
 .ARM.attributes
                0x00000000000003e0       0x33 Middlewares/Third_Party/FreeRTOS/Source/CMSIS_RTOS/cmsis_os.o
 .ARM.attributes
                0x0000000000000413       0x33 Middlewares/Third_Party/FreeRTOS/Source/list.o
 .ARM.attributes
                0x0000000000000446       0x33 Middlewares/Third_Party/FreeRTOS/Source/tasks.o
 .ARM.attributes
                0x0000000000000479       0x33 Middlewares/Third_Party/FreeRTOS/Source/portable/GCC/ARM_CM3/port.o
 .ARM.attributes
                0x00000000000004ac       0x33 Middlewares/Third_Party/FreeRTOS/Source/portable/MemMang/heap_4.o
 .ARM.attributes
                0x00000000000004df       0x33 Src/App.o
 .ARM.attributes
                0x0000000000000512       0x33 Src/adc.o
 .ARM.attributes
                0x0000000000000545       0x33 Src/freertos.o
 .ARM.attributes
                0x0000000000000578       0x33 Src/gpio.o
 .ARM.attributes
                0x00000000000005ab       0x33 Src/main.o
 .ARM.attributes
                0x00000000000005de       0x33 Src/stm32f1xx_hal_msp.o
 .ARM.attributes
                0x0000000000000611       0x33 Src/stm32f1xx_it.o
 .ARM.attributes
                0x0000000000000644       0x33 Src/system_stm32f1xx.o
 .ARM.attributes
                0x0000000000000677       0x33 Src/tim.o
 .ARM.attributes
                0x00000000000006aa       0x33 Src/usart.o
 .ARM.attributes
                0x00000000000006dd       0x21 Startup/startup_stm32f103c8tx.o
 .ARM.attributes
                0x00000000000006fe       0x2d c:/st/stm32cubeide_1.1.0/stm32cubeide/plugins/com.st.stm32cube.ide.mcu.externaltools.gnu-tools-for-stm32.7-2018-q2-update.win32_1.0.0.201904181610/tools/bin/../lib/gcc/arm-none-eabi/7.3.1/../../../../arm-none-eabi/lib/thumb/v7-m\libc_nano.a(lib_a-init.o)
 .ARM.attributes
                0x000000000000072b       0x2d c:/st/stm32cubeide_1.1.0/stm32cubeide/plugins/com.st.stm32cube.ide.mcu.externaltools.gnu-tools-for-stm32.7-2018-q2-update.win32_1.0.0.201904181610/tools/bin/../lib/gcc/arm-none-eabi/7.3.1/../../../../arm-none-eabi/lib/thumb/v7-m\libc_nano.a(lib_a-memset.o)
 .ARM.attributes
                0x0000000000000758       0x1d c:/st/stm32cubeide_1.1.0/stm32cubeide/plugins/com.st.stm32cube.ide.mcu.externaltools.gnu-tools-for-stm32.7-2018-q2-update.win32_1.0.0.201904181610/tools/bin/../lib/gcc/arm-none-eabi/7.3.1/thumb/v7-m/crtn.o
OUTPUT(Sunstrip_LED.elf elf32-littlearm)

.debug_info     0x0000000000000000    0x17abe
 .debug_info    0x0000000000000000      0xb0c Drivers/Devices/Display/__Fonts.o
 .debug_info    0x0000000000000b0c     0x13b3 Drivers/Devices/Display/ssd1306.o
 .debug_info    0x0000000000001ebf      0x6ff Drivers/Devices/PWM/PWM.o
 .debug_info    0x00000000000025be      0x6fe Drivers/STM32F1xx_HAL_Driver/Src/stm32f1xx_hal.o
 .debug_info    0x0000000000002cbc      0xc61 Drivers/STM32F1xx_HAL_Driver/Src/stm32f1xx_hal_adc.o
 .debug_info    0x000000000000391d      0xb46 Drivers/STM32F1xx_HAL_Driver/Src/stm32f1xx_hal_cortex.o
 .debug_info    0x0000000000004463      0x7a6 Drivers/STM32F1xx_HAL_Driver/Src/stm32f1xx_hal_dma.o
 .debug_info    0x0000000000004c09      0x599 Drivers/STM32F1xx_HAL_Driver/Src/stm32f1xx_hal_flash.o
 .debug_info    0x00000000000051a2      0x81c Drivers/STM32F1xx_HAL_Driver/Src/stm32f1xx_hal_flash_ex.o
 .debug_info    0x00000000000059be      0x681 Drivers/STM32F1xx_HAL_Driver/Src/stm32f1xx_hal_gpio.o
 .debug_info    0x000000000000603f      0x804 Drivers/STM32F1xx_HAL_Driver/Src/stm32f1xx_hal_rcc.o
 .debug_info    0x0000000000006843      0x439 Drivers/STM32F1xx_HAL_Driver/Src/stm32f1xx_hal_rcc_ex.o
 .debug_info    0x0000000000006c7c     0x2456 Drivers/STM32F1xx_HAL_Driver/Src/stm32f1xx_hal_tim.o
 .debug_info    0x00000000000090d2     0x1104 Drivers/STM32F1xx_HAL_Driver/Src/stm32f1xx_hal_tim_ex.o
 .debug_info    0x000000000000a1d6     0x11e3 Drivers/STM32F1xx_HAL_Driver/Src/stm32f1xx_hal_uart.o
 .debug_info    0x000000000000b3b9      0x402 Drivers/System/Flash_Manager.o
 .debug_info    0x000000000000b7bb      0x73d Middlewares/Protocol/DMX/DMX.o
 .debug_info    0x000000000000bef8      0x334 Middlewares/Protocol/GENE_I2C/GENE_I2C_Master.o
 .debug_info    0x000000000000c22c     0x1e5d Middlewares/Third_Party/FreeRTOS/Source/CMSIS_RTOS/cmsis_os.o
 .debug_info    0x000000000000e089      0xac5 Middlewares/Third_Party/FreeRTOS/Source/list.o
 .debug_info    0x000000000000eb4e     0x243c Middlewares/Third_Party/FreeRTOS/Source/tasks.o
 .debug_info    0x0000000000010f8a      0x4d2 Middlewares/Third_Party/FreeRTOS/Source/portable/GCC/ARM_CM3/port.o
 .debug_info    0x000000000001145c      0xbea Middlewares/Third_Party/FreeRTOS/Source/portable/MemMang/heap_4.o
 .debug_info    0x0000000000012046     0x182c Src/App.o
 .debug_info    0x0000000000013872      0x80a Src/adc.o
 .debug_info    0x000000000001407c      0x4a1 Src/freertos.o
 .debug_info    0x000000000001451d      0x36e Src/gpio.o
 .debug_info    0x000000000001488b      0xe15 Src/main.o
 .debug_info    0x00000000000156a0      0x411 Src/stm32f1xx_hal_msp.o
 .debug_info    0x0000000000015ab1      0x622 Src/stm32f1xx_it.o
 .debug_info    0x00000000000160d3      0x437 Src/system_stm32f1xx.o
 .debug_info    0x000000000001650a      0xbbb Src/tim.o
 .debug_info    0x00000000000170c5      0x9d7 Src/usart.o
 .debug_info    0x0000000000017a9c       0x22 Startup/startup_stm32f103c8tx.o

.debug_abbrev   0x0000000000000000     0x4033
 .debug_abbrev  0x0000000000000000      0x1de Drivers/Devices/Display/__Fonts.o
 .debug_abbrev  0x00000000000001de      0x305 Drivers/Devices/Display/ssd1306.o
 .debug_abbrev  0x00000000000004e3      0x17a Drivers/Devices/PWM/PWM.o
 .debug_abbrev  0x000000000000065d      0x1d8 Drivers/STM32F1xx_HAL_Driver/Src/stm32f1xx_hal.o
 .debug_abbrev  0x0000000000000835      0x1d5 Drivers/STM32F1xx_HAL_Driver/Src/stm32f1xx_hal_adc.o
 .debug_abbrev  0x0000000000000a0a      0x2d5 Drivers/STM32F1xx_HAL_Driver/Src/stm32f1xx_hal_cortex.o
 .debug_abbrev  0x0000000000000cdf      0x1fe Drivers/STM32F1xx_HAL_Driver/Src/stm32f1xx_hal_dma.o
 .debug_abbrev  0x0000000000000edd      0x210 Drivers/STM32F1xx_HAL_Driver/Src/stm32f1xx_hal_flash.o
 .debug_abbrev  0x00000000000010ed      0x21b Drivers/STM32F1xx_HAL_Driver/Src/stm32f1xx_hal_flash_ex.o
 .debug_abbrev  0x0000000000001308      0x1c0 Drivers/STM32F1xx_HAL_Driver/Src/stm32f1xx_hal_gpio.o
 .debug_abbrev  0x00000000000014c8      0x243 Drivers/STM32F1xx_HAL_Driver/Src/stm32f1xx_hal_rcc.o
 .debug_abbrev  0x000000000000170b      0x175 Drivers/STM32F1xx_HAL_Driver/Src/stm32f1xx_hal_rcc_ex.o
 .debug_abbrev  0x0000000000001880      0x230 Drivers/STM32F1xx_HAL_Driver/Src/stm32f1xx_hal_tim.o
 .debug_abbrev  0x0000000000001ab0      0x21e Drivers/STM32F1xx_HAL_Driver/Src/stm32f1xx_hal_tim_ex.o
 .debug_abbrev  0x0000000000001cce      0x242 Drivers/STM32F1xx_HAL_Driver/Src/stm32f1xx_hal_uart.o
 .debug_abbrev  0x0000000000001f10      0x13c Drivers/System/Flash_Manager.o
 .debug_abbrev  0x000000000000204c      0x1bf Middlewares/Protocol/DMX/DMX.o
 .debug_abbrev  0x000000000000220b      0x177 Middlewares/Protocol/GENE_I2C/GENE_I2C_Master.o
 .debug_abbrev  0x0000000000002382      0x379 Middlewares/Third_Party/FreeRTOS/Source/CMSIS_RTOS/cmsis_os.o
 .debug_abbrev  0x00000000000026fb      0x1cf Middlewares/Third_Party/FreeRTOS/Source/list.o
 .debug_abbrev  0x00000000000028ca      0x338 Middlewares/Third_Party/FreeRTOS/Source/tasks.o
 .debug_abbrev  0x0000000000002c02      0x205 Middlewares/Third_Party/FreeRTOS/Source/portable/GCC/ARM_CM3/port.o
 .debug_abbrev  0x0000000000002e07      0x29e Middlewares/Third_Party/FreeRTOS/Source/portable/MemMang/heap_4.o
 .debug_abbrev  0x00000000000030a5      0x275 Src/App.o
 .debug_abbrev  0x000000000000331a      0x199 Src/adc.o
 .debug_abbrev  0x00000000000034b3      0x152 Src/freertos.o
 .debug_abbrev  0x0000000000003605      0x134 Src/gpio.o
 .debug_abbrev  0x0000000000003739      0x1bb Src/main.o
 .debug_abbrev  0x00000000000038f4      0x112 Src/stm32f1xx_hal_msp.o
 .debug_abbrev  0x0000000000003a06      0x149 Src/stm32f1xx_it.o
 .debug_abbrev  0x0000000000003b4f      0x134 Src/system_stm32f1xx.o
 .debug_abbrev  0x0000000000003c83      0x1fc Src/tim.o
 .debug_abbrev  0x0000000000003e7f      0x1a2 Src/usart.o
 .debug_abbrev  0x0000000000004021       0x12 Startup/startup_stm32f103c8tx.o

.debug_aranges  0x0000000000000000     0x1518
 .debug_aranges
                0x0000000000000000       0x20 Drivers/Devices/Display/__Fonts.o
 .debug_aranges
                0x0000000000000020       0xf8 Drivers/Devices/Display/ssd1306.o
 .debug_aranges
                0x0000000000000118       0x28 Drivers/Devices/PWM/PWM.o
 .debug_aranges
                0x0000000000000140       0xe0 Drivers/STM32F1xx_HAL_Driver/Src/stm32f1xx_hal.o
 .debug_aranges
                0x0000000000000220       0xf0 Drivers/STM32F1xx_HAL_Driver/Src/stm32f1xx_hal_adc.o
 .debug_aranges
                0x0000000000000310      0x100 Drivers/STM32F1xx_HAL_Driver/Src/stm32f1xx_hal_cortex.o
 .debug_aranges
                0x0000000000000410       0x80 Drivers/STM32F1xx_HAL_Driver/Src/stm32f1xx_hal_dma.o
 .debug_aranges
                0x0000000000000490       0x88 Drivers/STM32F1xx_HAL_Driver/Src/stm32f1xx_hal_flash.o
 .debug_aranges
                0x0000000000000518       0x98 Drivers/STM32F1xx_HAL_Driver/Src/stm32f1xx_hal_flash_ex.o
 .debug_aranges
                0x00000000000005b0       0x58 Drivers/STM32F1xx_HAL_Driver/Src/stm32f1xx_hal_gpio.o
 .debug_aranges
                0x0000000000000608       0x90 Drivers/STM32F1xx_HAL_Driver/Src/stm32f1xx_hal_rcc.o
 .debug_aranges
                0x0000000000000698       0x30 Drivers/STM32F1xx_HAL_Driver/Src/stm32f1xx_hal_rcc_ex.o
 .debug_aranges
                0x00000000000006c8      0x3a8 Drivers/STM32F1xx_HAL_Driver/Src/stm32f1xx_hal_tim.o
 .debug_aranges
                0x0000000000000a70      0x150 Drivers/STM32F1xx_HAL_Driver/Src/stm32f1xx_hal_tim_ex.o
 .debug_aranges
                0x0000000000000bc0      0x1d0 Drivers/STM32F1xx_HAL_Driver/Src/stm32f1xx_hal_uart.o
 .debug_aranges
                0x0000000000000d90       0x40 Drivers/System/Flash_Manager.o
 .debug_aranges
                0x0000000000000dd0       0x38 Middlewares/Protocol/DMX/DMX.o
 .debug_aranges
                0x0000000000000e08       0x30 Middlewares/Protocol/GENE_I2C/GENE_I2C_Master.o
 .debug_aranges
                0x0000000000000e38      0x1d8 Middlewares/Third_Party/FreeRTOS/Source/CMSIS_RTOS/cmsis_os.o
 .debug_aranges
                0x0000000000001010       0x40 Middlewares/Third_Party/FreeRTOS/Source/list.o
 .debug_aranges
                0x0000000000001050      0x1a8 Middlewares/Third_Party/FreeRTOS/Source/tasks.o
 .debug_aranges
                0x00000000000011f8       0x78 Middlewares/Third_Party/FreeRTOS/Source/portable/GCC/ARM_CM3/port.o
 .debug_aranges
                0x0000000000001270       0x50 Middlewares/Third_Party/FreeRTOS/Source/portable/MemMang/heap_4.o
 .debug_aranges
                0x00000000000012c0       0x60 Src/App.o
 .debug_aranges
                0x0000000000001320       0x30 Src/adc.o
 .debug_aranges
                0x0000000000001350       0x30 Src/freertos.o
 .debug_aranges
                0x0000000000001380       0x20 Src/gpio.o
 .debug_aranges
                0x00000000000013a0       0x30 Src/main.o
 .debug_aranges
                0x00000000000013d0       0x20 Src/stm32f1xx_hal_msp.o
 .debug_aranges
                0x00000000000013f0       0x58 Src/stm32f1xx_it.o
 .debug_aranges
                0x0000000000001448       0x28 Src/system_stm32f1xx.o
 .debug_aranges
                0x0000000000001470       0x48 Src/tim.o
 .debug_aranges
                0x00000000000014b8       0x38 Src/usart.o
 .debug_aranges
                0x00000000000014f0       0x28 Startup/startup_stm32f103c8tx.o

.debug_ranges   0x0000000000000000     0x1300
 .debug_ranges  0x0000000000000000       0x10 Drivers/Devices/Display/__Fonts.o
 .debug_ranges  0x0000000000000010       0xe8 Drivers/Devices/Display/ssd1306.o
 .debug_ranges  0x00000000000000f8       0x18 Drivers/Devices/PWM/PWM.o
 .debug_ranges  0x0000000000000110       0xd0 Drivers/STM32F1xx_HAL_Driver/Src/stm32f1xx_hal.o
 .debug_ranges  0x00000000000001e0       0xe0 Drivers/STM32F1xx_HAL_Driver/Src/stm32f1xx_hal_adc.o
 .debug_ranges  0x00000000000002c0       0xf0 Drivers/STM32F1xx_HAL_Driver/Src/stm32f1xx_hal_cortex.o
 .debug_ranges  0x00000000000003b0       0x70 Drivers/STM32F1xx_HAL_Driver/Src/stm32f1xx_hal_dma.o
 .debug_ranges  0x0000000000000420       0x78 Drivers/STM32F1xx_HAL_Driver/Src/stm32f1xx_hal_flash.o
 .debug_ranges  0x0000000000000498       0x88 Drivers/STM32F1xx_HAL_Driver/Src/stm32f1xx_hal_flash_ex.o
 .debug_ranges  0x0000000000000520       0x48 Drivers/STM32F1xx_HAL_Driver/Src/stm32f1xx_hal_gpio.o
 .debug_ranges  0x0000000000000568       0x80 Drivers/STM32F1xx_HAL_Driver/Src/stm32f1xx_hal_rcc.o
 .debug_ranges  0x00000000000005e8       0x20 Drivers/STM32F1xx_HAL_Driver/Src/stm32f1xx_hal_rcc_ex.o
 .debug_ranges  0x0000000000000608      0x398 Drivers/STM32F1xx_HAL_Driver/Src/stm32f1xx_hal_tim.o
 .debug_ranges  0x00000000000009a0      0x140 Drivers/STM32F1xx_HAL_Driver/Src/stm32f1xx_hal_tim_ex.o
 .debug_ranges  0x0000000000000ae0      0x1c0 Drivers/STM32F1xx_HAL_Driver/Src/stm32f1xx_hal_uart.o
 .debug_ranges  0x0000000000000ca0       0x30 Drivers/System/Flash_Manager.o
 .debug_ranges  0x0000000000000cd0       0x28 Middlewares/Protocol/DMX/DMX.o
 .debug_ranges  0x0000000000000cf8       0x20 Middlewares/Protocol/GENE_I2C/GENE_I2C_Master.o
 .debug_ranges  0x0000000000000d18      0x1c8 Middlewares/Third_Party/FreeRTOS/Source/CMSIS_RTOS/cmsis_os.o
 .debug_ranges  0x0000000000000ee0       0x30 Middlewares/Third_Party/FreeRTOS/Source/list.o
 .debug_ranges  0x0000000000000f10      0x198 Middlewares/Third_Party/FreeRTOS/Source/tasks.o
 .debug_ranges  0x00000000000010a8       0x68 Middlewares/Third_Party/FreeRTOS/Source/portable/GCC/ARM_CM3/port.o
 .debug_ranges  0x0000000000001110       0x40 Middlewares/Third_Party/FreeRTOS/Source/portable/MemMang/heap_4.o
 .debug_ranges  0x0000000000001150       0x50 Src/App.o
 .debug_ranges  0x00000000000011a0       0x20 Src/adc.o
 .debug_ranges  0x00000000000011c0       0x20 Src/freertos.o
 .debug_ranges  0x00000000000011e0       0x10 Src/gpio.o
 .debug_ranges  0x00000000000011f0       0x20 Src/main.o
 .debug_ranges  0x0000000000001210       0x10 Src/stm32f1xx_hal_msp.o
 .debug_ranges  0x0000000000001220       0x48 Src/stm32f1xx_it.o
 .debug_ranges  0x0000000000001268       0x18 Src/system_stm32f1xx.o
 .debug_ranges  0x0000000000001280       0x38 Src/tim.o
 .debug_ranges  0x00000000000012b8       0x28 Src/usart.o
 .debug_ranges  0x00000000000012e0       0x20 Startup/startup_stm32f103c8tx.o

.debug_macro    0x0000000000000000    0x18885
 .debug_macro   0x0000000000000000      0x279 Drivers/Devices/Display/__Fonts.o
 .debug_macro   0x0000000000000279      0xa5a Drivers/Devices/Display/__Fonts.o
 .debug_macro   0x0000000000000cd3      0x221 Drivers/Devices/Display/__Fonts.o
 .debug_macro   0x0000000000000ef4       0x2e Drivers/Devices/Display/__Fonts.o
 .debug_macro   0x0000000000000f22       0x22 Drivers/Devices/Display/__Fonts.o
 .debug_macro   0x0000000000000f44       0x22 Drivers/Devices/Display/__Fonts.o
 .debug_macro   0x0000000000000f66       0x8e Drivers/Devices/Display/__Fonts.o
 .debug_macro   0x0000000000000ff4       0x51 Drivers/Devices/Display/__Fonts.o
 .debug_macro   0x0000000000001045       0xef Drivers/Devices/Display/__Fonts.o
 .debug_macro   0x0000000000001134       0x6a Drivers/Devices/Display/__Fonts.o
 .debug_macro   0x000000000000119e      0x1df Drivers/Devices/Display/__Fonts.o
 .debug_macro   0x000000000000137d       0x1c Drivers/Devices/Display/__Fonts.o
 .debug_macro   0x0000000000001399       0x22 Drivers/Devices/Display/__Fonts.o
 .debug_macro   0x00000000000013bb       0xc3 Drivers/Devices/Display/__Fonts.o
 .debug_macro   0x000000000000147e      0xd23 Drivers/Devices/Display/__Fonts.o
 .debug_macro   0x00000000000021a1     0xe09e Drivers/Devices/Display/__Fonts.o
 .debug_macro   0x000000000001023f       0x43 Drivers/Devices/Display/__Fonts.o
 .debug_macro   0x0000000000010282      0x174 Drivers/Devices/Display/__Fonts.o
 .debug_macro   0x00000000000103f6       0x5a Drivers/Devices/Display/__Fonts.o
 .debug_macro   0x0000000000010450      0x5be Drivers/Devices/Display/__Fonts.o
 .debug_macro   0x0000000000010a0e      0x289 Drivers/Devices/Display/__Fonts.o
 .debug_macro   0x0000000000010c97      0x1cb Drivers/Devices/Display/__Fonts.o
 .debug_macro   0x0000000000010e62      0x114 Drivers/Devices/Display/__Fonts.o
 .debug_macro   0x0000000000010f76      0x1b2 Drivers/Devices/Display/__Fonts.o
 .debug_macro   0x0000000000011128       0x27 Drivers/Devices/Display/__Fonts.o
 .debug_macro   0x000000000001114f      0x136 Drivers/Devices/Display/__Fonts.o
 .debug_macro   0x0000000000011285      0x1bc Drivers/Devices/Display/__Fonts.o
 .debug_macro   0x0000000000011441       0x34 Drivers/Devices/Display/__Fonts.o
 .debug_macro   0x0000000000011475       0x3c Drivers/Devices/Display/__Fonts.o
 .debug_macro   0x00000000000114b1       0x57 Drivers/Devices/Display/__Fonts.o
 .debug_macro   0x0000000000011508      0x46a Drivers/Devices/Display/__Fonts.o
 .debug_macro   0x0000000000011972      0x1b5 Drivers/Devices/Display/__Fonts.o
 .debug_macro   0x0000000000011b27       0x88 Drivers/Devices/Display/__Fonts.o
 .debug_macro   0x0000000000011baf      0x241 Drivers/Devices/Display/__Fonts.o
 .debug_macro   0x0000000000011df0      0x141 Drivers/Devices/Display/__Fonts.o
 .debug_macro   0x0000000000011f31      0x88b Drivers/Devices/Display/__Fonts.o
 .debug_macro   0x00000000000127bc      0x26b Drivers/Devices/Display/__Fonts.o
 .debug_macro   0x0000000000012a27       0x83 Drivers/Devices/Display/__Fonts.o
 .debug_macro   0x0000000000012aaa       0x46 Drivers/Devices/Display/__Fonts.o
 .debug_macro   0x0000000000012af0       0x18 Drivers/Devices/Display/__Fonts.o
 .debug_macro   0x0000000000012b08       0x3c Drivers/Devices/Display/__Fonts.o
 .debug_macro   0x0000000000012b44       0x34 Drivers/Devices/Display/__Fonts.o
 .debug_macro   0x0000000000012b78       0x52 Drivers/Devices/Display/__Fonts.o
 .debug_macro   0x0000000000012bca       0x1f Drivers/Devices/Display/__Fonts.o
 .debug_macro   0x0000000000012be9       0x43 Drivers/Devices/Display/__Fonts.o
 .debug_macro   0x0000000000012c2c       0x20 Drivers/Devices/Display/__Fonts.o
 .debug_macro   0x0000000000012c4c      0x1a3 Drivers/Devices/Display/__Fonts.o
 .debug_macro   0x0000000000012def      0x32a Drivers/Devices/Display/__Fonts.o
 .debug_macro   0x0000000000013119       0x10 Drivers/Devices/Display/__Fonts.o
 .debug_macro   0x0000000000013129       0x35 Drivers/Devices/Display/__Fonts.o
 .debug_macro   0x000000000001315e       0x20 Drivers/Devices/Display/__Fonts.o
 .debug_macro   0x000000000001317e      0x2d6 Drivers/Devices/Display/ssd1306.o
 .debug_macro   0x0000000000013454       0x10 Drivers/Devices/Display/ssd1306.o
 .debug_macro   0x0000000000013464       0x16 Drivers/Devices/Display/ssd1306.o
 .debug_macro   0x000000000001347a       0x16 Drivers/Devices/Display/ssd1306.o
 .debug_macro   0x0000000000013490       0x29 Drivers/Devices/Display/ssd1306.o
 .debug_macro   0x00000000000134b9       0x16 Drivers/Devices/Display/ssd1306.o
 .debug_macro   0x00000000000134cf       0x53 Drivers/Devices/Display/ssd1306.o
 .debug_macro   0x0000000000013522      0x1b8 Drivers/Devices/PWM/PWM.o
 .debug_macro   0x00000000000136da      0x1d2 Drivers/STM32F1xx_HAL_Driver/Src/stm32f1xx_hal.o
 .debug_macro   0x00000000000138ac      0x1cb Drivers/STM32F1xx_HAL_Driver/Src/stm32f1xx_hal_adc.o
 .debug_macro   0x0000000000013a77      0x1ae Drivers/STM32F1xx_HAL_Driver/Src/stm32f1xx_hal_cortex.o
 .debug_macro   0x0000000000013c25      0x1ae Drivers/STM32F1xx_HAL_Driver/Src/stm32f1xx_hal_dma.o
 .debug_macro   0x0000000000013dd3      0x1ae Drivers/STM32F1xx_HAL_Driver/Src/stm32f1xx_hal_flash.o
 .debug_macro   0x0000000000013f81      0x1c0 Drivers/STM32F1xx_HAL_Driver/Src/stm32f1xx_hal_flash_ex.o
 .debug_macro   0x0000000000014141      0x219 Drivers/STM32F1xx_HAL_Driver/Src/stm32f1xx_hal_gpio.o
 .debug_macro   0x000000000001435a      0x1c0 Drivers/STM32F1xx_HAL_Driver/Src/stm32f1xx_hal_rcc.o
 .debug_macro   0x000000000001451a      0x1ae Drivers/STM32F1xx_HAL_Driver/Src/stm32f1xx_hal_rcc_ex.o
 .debug_macro   0x00000000000146c8      0x1af Drivers/STM32F1xx_HAL_Driver/Src/stm32f1xx_hal_tim.o
 .debug_macro   0x0000000000014877      0x1ae Drivers/STM32F1xx_HAL_Driver/Src/stm32f1xx_hal_tim_ex.o
 .debug_macro   0x0000000000014a25      0x1af Drivers/STM32F1xx_HAL_Driver/Src/stm32f1xx_hal_uart.o
 .debug_macro   0x0000000000014bd4      0x1bd Drivers/System/Flash_Manager.o
 .debug_macro   0x0000000000014d91       0x10 Drivers/System/Flash_Manager.o
 .debug_macro   0x0000000000014da1      0x1be Middlewares/Protocol/DMX/DMX.o
 .debug_macro   0x0000000000014f5f      0x1bd Middlewares/Protocol/GENE_I2C/GENE_I2C_Master.o
 .debug_macro   0x000000000001511c       0x10 Middlewares/Protocol/GENE_I2C/GENE_I2C_Master.o
 .debug_macro   0x000000000001512c      0x1f1 Middlewares/Third_Party/FreeRTOS/Source/CMSIS_RTOS/cmsis_os.o
 .debug_macro   0x000000000001531d       0x40 Middlewares/Third_Party/FreeRTOS/Source/CMSIS_RTOS/cmsis_os.o
 .debug_macro   0x000000000001535d       0x94 Middlewares/Third_Party/FreeRTOS/Source/CMSIS_RTOS/cmsis_os.o
 .debug_macro   0x00000000000153f1       0x57 Middlewares/Third_Party/FreeRTOS/Source/CMSIS_RTOS/cmsis_os.o
 .debug_macro   0x0000000000015448      0x330 Middlewares/Third_Party/FreeRTOS/Source/CMSIS_RTOS/cmsis_os.o
 .debug_macro   0x0000000000015778       0xd8 Middlewares/Third_Party/FreeRTOS/Source/CMSIS_RTOS/cmsis_os.o
 .debug_macro   0x0000000000015850      0x15a Middlewares/Third_Party/FreeRTOS/Source/CMSIS_RTOS/cmsis_os.o
 .debug_macro   0x00000000000159aa       0xd7 Middlewares/Third_Party/FreeRTOS/Source/CMSIS_RTOS/cmsis_os.o
 .debug_macro   0x0000000000015a81       0x10 Middlewares/Third_Party/FreeRTOS/Source/CMSIS_RTOS/cmsis_os.o
 .debug_macro   0x0000000000015a91       0x1f Middlewares/Third_Party/FreeRTOS/Source/CMSIS_RTOS/cmsis_os.o
 .debug_macro   0x0000000000015ab0      0x4b7 Middlewares/Third_Party/FreeRTOS/Source/CMSIS_RTOS/cmsis_os.o
 .debug_macro   0x0000000000015f67       0xb5 Middlewares/Third_Party/FreeRTOS/Source/CMSIS_RTOS/cmsis_os.o
 .debug_macro   0x000000000001601c       0x8c Middlewares/Third_Party/FreeRTOS/Source/CMSIS_RTOS/cmsis_os.o
 .debug_macro   0x00000000000160a8       0x91 Middlewares/Third_Party/FreeRTOS/Source/CMSIS_RTOS/cmsis_os.o
 .debug_macro   0x0000000000016139       0x8d Middlewares/Third_Party/FreeRTOS/Source/CMSIS_RTOS/cmsis_os.o
 .debug_macro   0x00000000000161c6       0x7e Middlewares/Third_Party/FreeRTOS/Source/CMSIS_RTOS/cmsis_os.o
 .debug_macro   0x0000000000016244       0x19 Middlewares/Third_Party/FreeRTOS/Source/CMSIS_RTOS/cmsis_os.o
 .debug_macro   0x000000000001625d       0xf2 Middlewares/Third_Party/FreeRTOS/Source/CMSIS_RTOS/cmsis_os.o
 .debug_macro   0x000000000001634f       0xab Middlewares/Third_Party/FreeRTOS/Source/CMSIS_RTOS/cmsis_os.o
 .debug_macro   0x00000000000163fa      0x17a Middlewares/Third_Party/FreeRTOS/Source/list.o
 .debug_macro   0x0000000000016574      0x273 Middlewares/Third_Party/FreeRTOS/Source/tasks.o
 .debug_macro   0x00000000000167e7       0x10 Middlewares/Third_Party/FreeRTOS/Source/tasks.o
 .debug_macro   0x00000000000167f7      0x172 Middlewares/Third_Party/FreeRTOS/Source/portable/GCC/ARM_CM3/port.o
 .debug_macro   0x0000000000016969      0x1a1 Middlewares/Third_Party/FreeRTOS/Source/portable/MemMang/heap_4.o
 .debug_macro   0x0000000000016b0a      0x4c6 Src/App.o
 .debug_macro   0x0000000000016fd0       0x16 Src/App.o
 .debug_macro   0x0000000000016fe6       0xd8 Src/App.o
 .debug_macro   0x00000000000170be      0x11e Src/App.o
 .debug_macro   0x00000000000171dc       0x1c Src/App.o
 .debug_macro   0x00000000000171f8       0x10 Src/App.o
 .debug_macro   0x0000000000017208       0x10 Src/App.o
 .debug_macro   0x0000000000017218       0x1c Src/App.o
 .debug_macro   0x0000000000017234       0x52 Src/App.o
 .debug_macro   0x0000000000017286       0x40 Src/App.o
 .debug_macro   0x00000000000172c6       0x10 Src/App.o
 .debug_macro   0x00000000000172d6       0x40 Src/App.o
 .debug_macro   0x0000000000017316       0xd7 Src/App.o
 .debug_macro   0x00000000000173ed       0x1c Src/App.o
 .debug_macro   0x0000000000017409       0x3d Src/App.o
 .debug_macro   0x0000000000017446       0x16 Src/App.o
 .debug_macro   0x000000000001745c      0x145 Src/App.o
 .debug_macro   0x00000000000175a1      0x1c7 Src/adc.o
 .debug_macro   0x0000000000017768      0x118 Src/adc.o
 .debug_macro   0x0000000000017880      0x270 Src/freertos.o
 .debug_macro   0x0000000000017af0      0x1c7 Src/gpio.o
 .debug_macro   0x0000000000017cb7      0x2a0 Src/main.o
 .debug_macro   0x0000000000017f57      0x1bd Src/stm32f1xx_hal_msp.o
 .debug_macro   0x0000000000018114      0x22f Src/stm32f1xx_it.o
 .debug_macro   0x0000000000018343      0x1b4 Src/system_stm32f1xx.o
 .debug_macro   0x00000000000184f7      0x1c7 Src/tim.o
 .debug_macro   0x00000000000186be      0x1c7 Src/usart.o

.debug_line     0x0000000000000000    0x134a8
 .debug_line    0x0000000000000000      0x7bf Drivers/Devices/Display/__Fonts.o
 .debug_line    0x00000000000007bf      0xcb8 Drivers/Devices/Display/ssd1306.o
 .debug_line    0x0000000000001477      0x6a8 Drivers/Devices/PWM/PWM.o
 .debug_line    0x0000000000001b1f      0x83b Drivers/STM32F1xx_HAL_Driver/Src/stm32f1xx_hal.o
 .debug_line    0x000000000000235a      0xb8d Drivers/STM32F1xx_HAL_Driver/Src/stm32f1xx_hal_adc.o
 .debug_line    0x0000000000002ee7      0x914 Drivers/STM32F1xx_HAL_Driver/Src/stm32f1xx_hal_cortex.o
 .debug_line    0x00000000000037fb      0xaa2 Drivers/STM32F1xx_HAL_Driver/Src/stm32f1xx_hal_dma.o
 .debug_line    0x000000000000429d      0x858 Drivers/STM32F1xx_HAL_Driver/Src/stm32f1xx_hal_flash.o
 .debug_line    0x0000000000004af5      0x8a7 Drivers/STM32F1xx_HAL_Driver/Src/stm32f1xx_hal_flash_ex.o
 .debug_line    0x000000000000539c      0x83b Drivers/STM32F1xx_HAL_Driver/Src/stm32f1xx_hal_gpio.o
 .debug_line    0x0000000000005bd7      0x8fd Drivers/STM32F1xx_HAL_Driver/Src/stm32f1xx_hal_rcc.o
 .debug_line    0x00000000000064d4      0x71b Drivers/STM32F1xx_HAL_Driver/Src/stm32f1xx_hal_rcc_ex.o
 .debug_line    0x0000000000006bef     0x1701 Drivers/STM32F1xx_HAL_Driver/Src/stm32f1xx_hal_tim.o
 .debug_line    0x00000000000082f0      0xc4e Drivers/STM32F1xx_HAL_Driver/Src/stm32f1xx_hal_tim_ex.o
 .debug_line    0x0000000000008f3e      0xf46 Drivers/STM32F1xx_HAL_Driver/Src/stm32f1xx_hal_uart.o
 .debug_line    0x0000000000009e84      0x750 Drivers/System/Flash_Manager.o
 .debug_line    0x000000000000a5d4      0x6e1 Middlewares/Protocol/DMX/DMX.o
 .debug_line    0x000000000000acb5      0x74a Middlewares/Protocol/GENE_I2C/GENE_I2C_Master.o
 .debug_line    0x000000000000b3ff      0xcba Middlewares/Third_Party/FreeRTOS/Source/CMSIS_RTOS/cmsis_os.o
 .debug_line    0x000000000000c0b9      0x666 Middlewares/Third_Party/FreeRTOS/Source/list.o
 .debug_line    0x000000000000c71f     0x116d Middlewares/Third_Party/FreeRTOS/Source/tasks.o
 .debug_line    0x000000000000d88c      0x658 Middlewares/Third_Party/FreeRTOS/Source/portable/GCC/ARM_CM3/port.o
 .debug_line    0x000000000000dee4      0x74c Middlewares/Third_Party/FreeRTOS/Source/portable/MemMang/heap_4.o
 .debug_line    0x000000000000e630      0xd91 Src/App.o
 .debug_line    0x000000000000f3c1      0x694 Src/adc.o
 .debug_line    0x000000000000fa55      0x7fa Src/freertos.o
 .debug_line    0x000000000001024f      0x675 Src/gpio.o
 .debug_line    0x00000000000108c4      0x85a Src/main.o
 .debug_line    0x000000000001111e      0x65f Src/stm32f1xx_hal_msp.o
 .debug_line    0x000000000001177d      0x7f5 Src/stm32f1xx_it.o
 .debug_line    0x0000000000011f72      0x68e Src/system_stm32f1xx.o
 .debug_line    0x0000000000012600      0x75f Src/tim.o
 .debug_line    0x0000000000012d5f      0x6ca Src/usart.o
 .debug_line    0x0000000000013429       0x7f Startup/startup_stm32f103c8tx.o

.debug_str      0x0000000000000000    0x80902
 .debug_str     0x0000000000000000    0x71fc2 Drivers/Devices/Display/__Fonts.o
                                      0x7230d (size before relaxing)
 .debug_str     0x0000000000071fc2      0x6cd Drivers/Devices/Display/ssd1306.o
                                      0x7297d (size before relaxing)
 .debug_str     0x000000000007268f      0x41c Drivers/Devices/PWM/PWM.o
                                      0x6f737 (size before relaxing)
 .debug_str     0x0000000000072aab      0x69a Drivers/STM32F1xx_HAL_Driver/Src/stm32f1xx_hal.o
                                      0x6f9cf (size before relaxing)
 .debug_str     0x0000000000073145      0x4bb Drivers/STM32F1xx_HAL_Driver/Src/stm32f1xx_hal_adc.o
                                      0x6f9d4 (size before relaxing)
 .debug_str     0x0000000000073600      0x31d Drivers/STM32F1xx_HAL_Driver/Src/stm32f1xx_hal_cortex.o
                                      0x6f9dd (size before relaxing)
 .debug_str     0x000000000007391d      0x23f Drivers/STM32F1xx_HAL_Driver/Src/stm32f1xx_hal_dma.o
                                      0x6f71f (size before relaxing)
 .debug_str     0x0000000000073b5c      0x280 Drivers/STM32F1xx_HAL_Driver/Src/stm32f1xx_hal_flash.o
                                      0x6f61a (size before relaxing)
 .debug_str     0x0000000000073ddc      0x357 Drivers/STM32F1xx_HAL_Driver/Src/stm32f1xx_hal_flash_ex.o
                                      0x6f7de (size before relaxing)
 .debug_str     0x0000000000074133      0x399 Drivers/STM32F1xx_HAL_Driver/Src/stm32f1xx_hal_gpio.o
                                      0x6f708 (size before relaxing)
 .debug_str     0x00000000000744cc      0x373 Drivers/STM32F1xx_HAL_Driver/Src/stm32f1xx_hal_rcc.o
                                      0x6f741 (size before relaxing)
 .debug_str     0x000000000007483f      0x12b Drivers/STM32F1xx_HAL_Driver/Src/stm32f1xx_hal_rcc_ex.o
                                      0x6f4ce (size before relaxing)
 .debug_str     0x000000000007496a      0xd98 Drivers/STM32F1xx_HAL_Driver/Src/stm32f1xx_hal_tim.o
                                      0x7050c (size before relaxing)
 .debug_str     0x0000000000075702      0x579 Drivers/STM32F1xx_HAL_Driver/Src/stm32f1xx_hal_tim_ex.o
                                      0x6fd0c (size before relaxing)
 .debug_str     0x0000000000075c7b      0x6dd Drivers/STM32F1xx_HAL_Driver/Src/stm32f1xx_hal_uart.o
                                      0x6fc30 (size before relaxing)
 .debug_str     0x0000000000076358      0x1fa Drivers/System/Flash_Manager.o
                                      0x6f515 (size before relaxing)
 .debug_str     0x0000000000076552      0x183 Middlewares/Protocol/DMX/DMX.o
                                      0x6f7ea (size before relaxing)
 .debug_str     0x00000000000766d5       0x8c Middlewares/Protocol/GENE_I2C/GENE_I2C_Master.o
                                      0x6f3f7 (size before relaxing)
 .debug_str     0x0000000000076761     0x6596 Middlewares/Third_Party/FreeRTOS/Source/CMSIS_RTOS/cmsis_os.o
                                       0xdb62 (size before relaxing)
 .debug_str     0x000000000007ccf7      0x139 Middlewares/Third_Party/FreeRTOS/Source/list.o
                                       0xa4a7 (size before relaxing)
 .debug_str     0x000000000007ce30     0x12bf Middlewares/Third_Party/FreeRTOS/Source/tasks.o
                                       0xc694 (size before relaxing)
 .debug_str     0x000000000007e0ef      0x702 Middlewares/Third_Party/FreeRTOS/Source/portable/GCC/ARM_CM3/port.o
                                       0x808f (size before relaxing)
 .debug_str     0x000000000007e7f1      0x25a Middlewares/Third_Party/FreeRTOS/Source/portable/MemMang/heap_4.o
                                       0xabca (size before relaxing)
 .debug_str     0x000000000007ea4b     0x1b16 Src/App.o
                                      0x7a410 (size before relaxing)
 .debug_str     0x0000000000080561       0x43 Src/adc.o
                                      0x6fafc (size before relaxing)
 .debug_str     0x00000000000805a4       0xca Src/freertos.o
                                      0x754ef (size before relaxing)
 .debug_str     0x000000000008066e       0x25 Src/gpio.o
                                      0x6f78a (size before relaxing)
 .debug_str     0x0000000000080693       0x68 Src/main.o
                                      0x75c5b (size before relaxing)
 .debug_str     0x00000000000806fb       0x1b Src/stm32f1xx_hal_msp.o
                                      0x6fa17 (size before relaxing)
 .debug_str     0x0000000000080716       0xaf Src/stm32f1xx_it.o
                                      0x734cd (size before relaxing)
 .debug_str     0x00000000000807c5       0x69 Src/system_stm32f1xx.o
                                      0x6f3b9 (size before relaxing)
 .debug_str     0x000000000008082e       0x61 Src/tim.o
                                      0x6fd9d (size before relaxing)
 .debug_str     0x000000000008088f       0x42 Src/usart.o
                                      0x6fe73 (size before relaxing)
 .debug_str     0x00000000000808d1       0x31 Startup/startup_stm32f103c8tx.o
                                         0x75 (size before relaxing)

.comment        0x0000000000000000       0x7b
 .comment       0x0000000000000000       0x7b Drivers/Devices/Display/__Fonts.o
                                         0x7c (size before relaxing)
 .comment       0x000000000000007b       0x7c Drivers/Devices/Display/ssd1306.o
 .comment       0x000000000000007b       0x7c Drivers/Devices/PWM/PWM.o
 .comment       0x000000000000007b       0x7c Drivers/STM32F1xx_HAL_Driver/Src/stm32f1xx_hal.o
 .comment       0x000000000000007b       0x7c Drivers/STM32F1xx_HAL_Driver/Src/stm32f1xx_hal_adc.o
 .comment       0x000000000000007b       0x7c Drivers/STM32F1xx_HAL_Driver/Src/stm32f1xx_hal_cortex.o
 .comment       0x000000000000007b       0x7c Drivers/STM32F1xx_HAL_Driver/Src/stm32f1xx_hal_dma.o
 .comment       0x000000000000007b       0x7c Drivers/STM32F1xx_HAL_Driver/Src/stm32f1xx_hal_flash.o
 .comment       0x000000000000007b       0x7c Drivers/STM32F1xx_HAL_Driver/Src/stm32f1xx_hal_flash_ex.o
 .comment       0x000000000000007b       0x7c Drivers/STM32F1xx_HAL_Driver/Src/stm32f1xx_hal_gpio.o
 .comment       0x000000000000007b       0x7c Drivers/STM32F1xx_HAL_Driver/Src/stm32f1xx_hal_rcc.o
 .comment       0x000000000000007b       0x7c Drivers/STM32F1xx_HAL_Driver/Src/stm32f1xx_hal_rcc_ex.o
 .comment       0x000000000000007b       0x7c Drivers/STM32F1xx_HAL_Driver/Src/stm32f1xx_hal_tim.o
 .comment       0x000000000000007b       0x7c Drivers/STM32F1xx_HAL_Driver/Src/stm32f1xx_hal_tim_ex.o
 .comment       0x000000000000007b       0x7c Drivers/STM32F1xx_HAL_Driver/Src/stm32f1xx_hal_uart.o
 .comment       0x000000000000007b       0x7c Drivers/System/Flash_Manager.o
 .comment       0x000000000000007b       0x7c Middlewares/Protocol/DMX/DMX.o
 .comment       0x000000000000007b       0x7c Middlewares/Protocol/GENE_I2C/GENE_I2C_Master.o
 .comment       0x000000000000007b       0x7c Middlewares/Third_Party/FreeRTOS/Source/CMSIS_RTOS/cmsis_os.o
 .comment       0x000000000000007b       0x7c Middlewares/Third_Party/FreeRTOS/Source/list.o
 .comment       0x000000000000007b       0x7c Middlewares/Third_Party/FreeRTOS/Source/tasks.o
 .comment       0x000000000000007b       0x7c Middlewares/Third_Party/FreeRTOS/Source/portable/GCC/ARM_CM3/port.o
 .comment       0x000000000000007b       0x7c Middlewares/Third_Party/FreeRTOS/Source/portable/MemMang/heap_4.o