Archive member included to satisfy reference by file (symbol)

c:/st/stm32cubeide_1.1.0/stm32cubeide/plugins/com.st.stm32cube.ide.mcu.externaltools.gnu-tools-for-stm32.7-2018-q2-update.win32_1.0.0.201904181610/tools/bin/../lib/gcc/arm-none-eabi/7.3.1/../../../../arm-none-eabi/lib/thumb/v7-m\libc_nano.a(lib_a-errno.o)
                              Src/syscalls.o (__errno)
c:/st/stm32cubeide_1.1.0/stm32cubeide/plugins/com.st.stm32cube.ide.mcu.externaltools.gnu-tools-for-stm32.7-2018-q2-update.win32_1.0.0.201904181610/tools/bin/../lib/gcc/arm-none-eabi/7.3.1/../../../../arm-none-eabi/lib/thumb/v7-m\libc_nano.a(lib_a-exit.o)
                              c:/st/stm32cubeide_1.1.0/stm32cubeide/plugins/com.st.stm32cube.ide.mcu.externaltools.gnu-tools-for-stm32.7-2018-q2-update.win32_1.0.0.201904181610/tools/bin/../lib/gcc/arm-none-eabi/7.3.1/../../../../arm-none-eabi/lib/thumb/v7-m/crt0.o (exit)
c:/st/stm32cubeide_1.1.0/stm32cubeide/plugins/com.st.stm32cube.ide.mcu.externaltools.gnu-tools-for-stm32.7-2018-q2-update.win32_1.0.0.201904181610/tools/bin/../lib/gcc/arm-none-eabi/7.3.1/../../../../arm-none-eabi/lib/thumb/v7-m\libc_nano.a(lib_a-impure.o)
                              c:/st/stm32cubeide_1.1.0/stm32cubeide/plugins/com.st.stm32cube.ide.mcu.externaltools.gnu-tools-for-stm32.7-2018-q2-update.win32_1.0.0.201904181610/tools/bin/../lib/gcc/arm-none-eabi/7.3.1/../../../../arm-none-eabi/lib/thumb/v7-m\libc_nano.a(lib_a-exit.o) (_global_impure_ptr)
c:/st/stm32cubeide_1.1.0/stm32cubeide/plugins/com.st.stm32cube.ide.mcu.externaltools.gnu-tools-for-stm32.7-2018-q2-update.win32_1.0.0.201904181610/tools/bin/../lib/gcc/arm-none-eabi/7.3.1/../../../../arm-none-eabi/lib/thumb/v7-m\libc_nano.a(lib_a-init.o)
                              c:/st/stm32cubeide_1.1.0/stm32cubeide/plugins/com.st.stm32cube.ide.mcu.externaltools.gnu-tools-for-stm32.7-2018-q2-update.win32_1.0.0.201904181610/tools/bin/../lib/gcc/arm-none-eabi/7.3.1/../../../../arm-none-eabi/lib/thumb/v7-m/crt0.o (__libc_init_array)
c:/st/stm32cubeide_1.1.0/stm32cubeide/plugins/com.st.stm32cube.ide.mcu.externaltools.gnu-tools-for-stm32.7-2018-q2-update.win32_1.0.0.201904181610/tools/bin/../lib/gcc/arm-none-eabi/7.3.1/../../../../arm-none-eabi/lib/thumb/v7-m\libc_nano.a(lib_a-memcpy-stub.o)
                              Middlewares/Third_Party/FreeRTOS/Source/queue.o (memcpy)
c:/st/stm32cubeide_1.1.0/stm32cubeide/plugins/com.st.stm32cube.ide.mcu.externaltools.gnu-tools-for-stm32.7-2018-q2-update.win32_1.0.0.201904181610/tools/bin/../lib/gcc/arm-none-eabi/7.3.1/../../../../arm-none-eabi/lib/thumb/v7-m\libc_nano.a(lib_a-memset.o)
                              c:/st/stm32cubeide_1.1.0/stm32cubeide/plugins/com.st.stm32cube.ide.mcu.externaltools.gnu-tools-for-stm32.7-2018-q2-update.win32_1.0.0.201904181610/tools/bin/../lib/gcc/arm-none-eabi/7.3.1/../../../../arm-none-eabi/lib/thumb/v7-m/crt0.o (memset)
c:/st/stm32cubeide_1.1.0/stm32cubeide/plugins/com.st.stm32cube.ide.mcu.externaltools.gnu-tools-for-stm32.7-2018-q2-update.win32_1.0.0.201904181610/tools/bin/../lib/gcc/arm-none-eabi/7.3.1/../../../../arm-none-eabi/lib/thumb/v7-m\libc_nano.a(lib_a-sprintf.o)
                              Src/App.o (sprintf)
c:/st/stm32cubeide_1.1.0/stm32cubeide/plugins/com.st.stm32cube.ide.mcu.externaltools.gnu-tools-for-stm32.7-2018-q2-update.win32_1.0.0.201904181610/tools/bin/../lib/gcc/arm-none-eabi/7.3.1/../../../../arm-none-eabi/lib/thumb/v7-m\libc_nano.a(lib_a-strlen.o)
                              Drivers/Devices/Display/__Fonts.o (strlen)
c:/st/stm32cubeide_1.1.0/stm32cubeide/plugins/com.st.stm32cube.ide.mcu.externaltools.gnu-tools-for-stm32.7-2018-q2-update.win32_1.0.0.201904181610/tools/bin/../lib/gcc/arm-none-eabi/7.3.1/../../../../arm-none-eabi/lib/thumb/v7-m\libc_nano.a(lib_a-nano-svfprintf.o)
                              c:/st/stm32cubeide_1.1.0/stm32cubeide/plugins/com.st.stm32cube.ide.mcu.externaltools.gnu-tools-for-stm32.7-2018-q2-update.win32_1.0.0.201904181610/tools/bin/../lib/gcc/arm-none-eabi/7.3.1/../../../../arm-none-eabi/lib/thumb/v7-m\libc_nano.a(lib_a-sprintf.o) (_svfprintf_r)
c:/st/stm32cubeide_1.1.0/stm32cubeide/plugins/com.st.stm32cube.ide.mcu.externaltools.gnu-tools-for-stm32.7-2018-q2-update.win32_1.0.0.201904181610/tools/bin/../lib/gcc/arm-none-eabi/7.3.1/../../../../arm-none-eabi/lib/thumb/v7-m\libc_nano.a(lib_a-nano-vfprintf_i.o)
                              c:/st/stm32cubeide_1.1.0/stm32cubeide/plugins/com.st.stm32cube.ide.mcu.externaltools.gnu-tools-for-stm32.7-2018-q2-update.win32_1.0.0.201904181610/tools/bin/../lib/gcc/arm-none-eabi/7.3.1/../../../../arm-none-eabi/lib/thumb/v7-m\libc_nano.a(lib_a-nano-svfprintf.o) (_printf_i)
c:/st/stm32cubeide_1.1.0/stm32cubeide/plugins/com.st.stm32cube.ide.mcu.externaltools.gnu-tools-for-stm32.7-2018-q2-update.win32_1.0.0.201904181610/tools/bin/../lib/gcc/arm-none-eabi/7.3.1/../../../../arm-none-eabi/lib/thumb/v7-m\libc_nano.a(lib_a-memchr-stub.o)
[...]
Memory Configuration

Name             Origin             Length             Attributes
RAM              0x0000000020000000 0x0000000000005000 xrw
FLASH            0x0000000008000000 0x0000000000010000 xr
*default*        0x0000000000000000 0xffffffffffffffff

Linker script and memory map

LOAD c:/st/stm32cubeide_1.1.0/stm32cubeide/plugins/com.st.stm32cube.ide.mcu.externaltools.gnu-tools-for-stm32.7-2018-q2-update.win32_1.0.0.201904181610/tools/bin/../lib/gcc/arm-none-eabi/7.3.1/thumb/v7-m/crti.o
LOAD c:/st/stm32cubeide_1.1.0/stm32cubeide/plugins/com.st.stm32cube.ide.mcu.externaltools.gnu-tools-for-stm32.7-2018-q2-update.win32_1.0.0.201904181610/tools/bin/../lib/gcc/arm-none-eabi/7.3.1/thumb/v7-m/crtbegin.o
LOAD c:/st/stm32cubeide_1.1.0/stm32cubeide/plugins/com.st.stm32cube.ide.mcu.externaltools.gnu-tools-for-stm32.7-2018-q2-update.win32_1.0.0.201904181610/tools/bin/../lib/gcc/arm-none-eabi/7.3.1/../../../../arm-none-eabi/lib/thumb/v7-m/crt0.o
LOAD Drivers/Devices/Display/__Fonts.o
LOAD Drivers/Devices/Display/ssd1306.o
LOAD Drivers/Devices/PWM/PWM.o
LOAD Drivers/STM32F1xx_HAL_Driver/Src/stm32f1xx_hal.o
LOAD Drivers/STM32F1xx_HAL_Driver/Src/stm32f1xx_hal_adc.o
LOAD Drivers/STM32F1xx_HAL_Driver/Src/stm32f1xx_hal_adc_ex.o
LOAD Drivers/STM32F1xx_HAL_Driver/Src/stm32f1xx_hal_cortex.o
LOAD Drivers/STM32F1xx_HAL_Driver/Src/stm32f1xx_hal_dma.o
LOAD Drivers/STM32F1xx_HAL_Driver/Src/stm32f1xx_hal_exti.o
LOAD Drivers/STM32F1xx_HAL_Driver/Src/stm32f1xx_hal_flash.o
LOAD Drivers/STM32F1xx_HAL_Driver/Src/stm32f1xx_hal_flash_ex.o
LOAD Drivers/STM32F1xx_HAL_Driver/Src/stm32f1xx_hal_gpio.o
LOAD Drivers/STM32F1xx_HAL_Driver/Src/stm32f1xx_hal_gpio_ex.o
LOAD Drivers/STM32F1xx_HAL_Driver/Src/stm32f1xx_hal_i2c.o
LOAD Drivers/STM32F1xx_HAL_Driver/Src/stm32f1xx_hal_pwr.o
LOAD Drivers/STM32F1xx_HAL_Driver/Src/stm32f1xx_hal_rcc.o
LOAD Drivers/STM32F1xx_HAL_Driver/Src/stm32f1xx_hal_rcc_ex.o
LOAD Drivers/STM32F1xx_HAL_Driver/Src/stm32f1xx_hal_tim.o
LOAD Drivers/STM32F1xx_HAL_Driver/Src/stm32f1xx_hal_tim_ex.o
LOAD Drivers/STM32F1xx_HAL_Driver/Src/stm32f1xx_hal_uart.o
LOAD Drivers/System/Flash_Manager.o
LOAD Middlewares/Protocol/DMX/DMX.o
LOAD Middlewares/Third_Party/FreeRTOS/Source/CMSIS_RTOS/cmsis_os.o
LOAD Middlewares/Third_Party/FreeRTOS/Source/croutine.o
LOAD Middlewares/Third_Party/FreeRTOS/Source/event_groups.o
LOAD Middlewares/Third_Party/FreeRTOS/Source/list.o
LOAD Middlewares/Third_Party/FreeRTOS/Source/queue.o
LOAD Middlewares/Third_Party/FreeRTOS/Source/stream_buffer.o
LOAD Middlewares/Third_Party/FreeRTOS/Source/tasks.o
LOAD Middlewares/Third_Party/FreeRTOS/Source/timers.o
LOAD Middlewares/Third_Party/FreeRTOS/Source/portable/GCC/ARM_CM3/port.o
LOAD Middlewares/Third_Party/FreeRTOS/Source/portable/MemMang/heap_4.o
LOAD Src/App.o
LOAD Src/adc.o
LOAD Src/freertos.o
LOAD Src/gpio.o
LOAD Src/i2c.o
LOAD Src/main.o
LOAD Src/stm32f1xx_hal_msp.o
LOAD Src/stm32f1xx_it.o
LOAD Src/syscalls.o
LOAD Src/sysmem.o
LOAD Src/system_stm32f1xx.o
LOAD Src/tim.o
LOAD Src/usart.o
LOAD Startup/startup_stm32f103c8tx.o
START GROUP
LOAD c:/st/stm32cubeide_1.1.0/stm32cubeide/plugins/com.st.stm32cube.ide.mcu.externaltools.gnu-tools-for-stm32.7-2018-q2-update.win32_1.0.0.201904181610/tools/bin/../lib/gcc/arm-none-eabi/7.3.1/../../../../arm-none-eabi/lib/thumb/v7-m\libc_nano.a
LOAD c:/st/stm32cubeide_1.1.0/stm32cubeide/plugins/com.st.stm32cube.ide.mcu.externaltools.gnu-tools-for-stm32.7-2018-q2-update.win32_1.0.0.201904181610/tools/bin/../lib/gcc/arm-none-eabi/7.3.1/../../../../arm-none-eabi/lib/thumb/v7-m\libm.a
END GROUP
START GROUP
LOAD c:/st/stm32cubeide_1.1.0/stm32cubeide/plugins/com.st.stm32cube.ide.mcu.externaltools.gnu-tools-for-stm32.7-2018-q2-update.win32_1.0.0.201904181610/tools/bin/../lib/gcc/arm-none-eabi/7.3.1/thumb/v7-m\libgcc.a
LOAD c:/st/stm32cubeide_1.1.0/stm32cubeide/plugins/com.st.stm32cube.ide.mcu.externaltools.gnu-tools-for-stm32.7-2018-q2-update.win32_1.0.0.201904181610/tools/bin/../lib/gcc/arm-none-eabi/7.3.1/../../../../arm-none-eabi/lib/thumb/v7-m\libc_nano.a
END GROUP
START GROUP
LOAD c:/st/stm32cubeide_1.1.0/stm32cubeide/plugins/com.st.stm32cube.ide.mcu.externaltools.gnu-tools-for-stm32.7-2018-q2-update.win32_1.0.0.201904181610/tools/bin/../lib/gcc/arm-none-eabi/7.3.1/thumb/v7-m\libgcc.a
LOAD c:/st/stm32cubeide_1.1.0/stm32cubeide/plugins/com.st.stm32cube.ide.mcu.externaltools.gnu-tools-for-stm32.7-2018-q2-update.win32_1.0.0.201904181610/tools/bin/../lib/gcc/arm-none-eabi/7.3.1/../../../../arm-none-eabi/lib/thumb/v7-m\libc_nano.a
LOAD c:/st/stm32cubeide_1.1.0/stm32cubeide/plugins/com.st.stm32cube.ide.mcu.externaltools.gnu-tools-for-stm32.7-2018-q2-update.win32_1.0.0.201904181610/tools/bin/../lib/gcc/arm-none-eabi/7.3.1/../../../../arm-none-eabi/lib/thumb/v7-m\libnosys.a
END GROUP
START GROUP
LOAD c:/st/stm32cubeide_1.1.0/stm32cubeide/plugins/com.st.stm32cube.ide.mcu.externaltools.gnu-tools-for-stm32.7-2018-q2-update.win32_1.0.0.201904181610/tools/bin/../lib/gcc/arm-none-eabi/7.3.1/thumb/v7-m\libgcc.a
LOAD c:/st/stm32cubeide_1.1.0/stm32cubeide/plugins/com.st.stm32cube.ide.mcu.externaltools.gnu-tools-for-stm32.7-2018-q2-update.win32_1.0.0.201904181610/tools/bin/../lib/gcc/arm-none-eabi/7.3.1/../../../../arm-none-eabi/lib/thumb/v7-m\libc_nano.a
LOAD c:/st/stm32cubeide_1.1.0/stm32cubeide/plugins/com.st.stm32cube.ide.mcu.externaltools.gnu-tools-for-stm32.7-2018-q2-update.win32_1.0.0.201904181610/tools/bin/../lib/gcc/arm-none-eabi/7.3.1/../../../../arm-none-eabi/lib/thumb/v7-m\libnosys.a
END GROUP
LOAD c:/st/stm32cubeide_1.1.0/stm32cubeide/plugins/com.st.stm32cube.ide.mcu.externaltools.gnu-tools-for-stm32.7-2018-q2-update.win32_1.0.0.201904181610/tools/bin/../lib/gcc/arm-none-eabi/7.3.1/thumb/v7-m/crtend.o
LOAD c:/st/stm32cubeide_1.1.0/stm32cubeide/plugins/com.st.stm32cube.ide.mcu.externaltools.gnu-tools-for-stm32.7-2018-q2-update.win32_1.0.0.201904181610/tools/bin/../lib/gcc/arm-none-eabi/7.3.1/thumb/v7-m/crtn.o
                0x0000000020005000                _estack = 0x20005000
                0x0000000000000200                _Min_Heap_Size = 0x200
                0x0000000000000400                _Min_Stack_Size = 0x400

.isr_vector     0x0000000008000000      0x10c
                0x0000000008000000                . = ALIGN (0x4)
 *(.isr_vector)
 .isr_vector    0x0000000008000000      0x10c Startup/startup_stm32f103c8tx.o
                0x0000000008000000                g_pfnVectors
                0x000000000800010c                . = ALIGN (0x4)

.text           0x0000000008000110     0x7344
                0x0000000008000110                . = ALIGN (0x4)
 *(.text)
 .text          0x0000000008000110       0x40 c:/st/stm32cubeide_1.1.0/stm32cubeide/plugins/com.st.stm32cube.ide.mcu.externaltools.gnu-tools-for-stm32.7-2018-q2-update.win32_1.0.0.201904181610/tools/bin/../lib/gcc/arm-none-eabi/7.3.1/thumb/v7-m/crtbegin.o
 *(.text*)
 .text.SSD1306_Init
                0x0000000008000150      0x190 Drivers/Devices/Display/ssd1306.o
                0x0000000008000150                SSD1306_Init
 .text.SSD1306_UpdateScreen
                0x00000000080002e0       0x5c Drivers/Devices/Display/ssd1306.o
                0x00000000080002e0                SSD1306_UpdateScreen
 .text.SSD1306_Fill
                0x000000000800033c       0x30 Drivers/Devices/Display/ssd1306.o
                0x000000000800033c                SSD1306_Fill
 .text.SSD1306_DrawPixel
                0x000000000800036c       0xbc Drivers/Devices/Display/ssd1306.o
                0x000000000800036c                SSD1306_DrawPixel
 .text.SSD1306_GotoXY
                0x0000000008000428       0x2c Drivers/Devices/Display/ssd1306.o
                0x0000000008000428                SSD1306_GotoXY
 .text.SSD1306_Putc
                0x0000000008000454      0x100 Drivers/Devices/Display/ssd1306.o
                0x0000000008000454                SSD1306_Putc
 .text.SSD1306_Puts
                0x0000000008000554       0x4a Drivers/Devices/Display/ssd1306.o
                0x0000000008000554                SSD1306_Puts
 .text.SSD1306_Clear
                0x000000000800059e        0xe Drivers/Devices/Display/ssd1306.o
                0x000000000800059e                SSD1306_Clear
 .text.ssd1306_I2C_Init
                0x00000000080005ac       0x28 Drivers/Devices/Display/ssd1306.o
                0x00000000080005ac                ssd1306_I2C_Init
 .text.ssd1306_I2C_WriteMulti
                0x00000000080005d4       0x94 Drivers/Devices/Display/ssd1306.o
                0x00000000080005d4                ssd1306_I2C_WriteMulti
 .text.ssd1306_I2C_Write
                0x0000000008000668       0x3c Drivers/Devices/Display/ssd1306.o
                0x0000000008000668                ssd1306_I2C_Write
 .text.PWM_SetPWM
                0x00000000080006a4       0x58 Drivers/Devices/PWM/PWM.o
                0x00000000080006a4                PWM_SetPWM
 .text.PWM_SetDuty
                0x00000000080006fc       0x60 Drivers/Devices/PWM/PWM.o
                0x00000000080006fc                PWM_SetDuty
 .text.HAL_Init
                0x000000000800075c       0x2c Drivers/STM32F1xx_HAL_Driver/Src/stm32f1xx_hal.o
                0x000000000800075c                HAL_Init
 .text.HAL_InitTick
                0x0000000008000788       0x60 Drivers/STM32F1xx_HAL_Driver/Src/stm32f1xx_hal.o
                0x0000000008000788                HAL_InitTick
 .text.HAL_IncTick
                0x00000000080007e8       0x24 Drivers/STM32F1xx_HAL_Driver/Src/stm32f1xx_hal.o
                0x00000000080007e8                HAL_IncTick
 .text.HAL_GetTick
                0x000000000800080c       0x14 Drivers/STM32F1xx_HAL_Driver/Src/stm32f1xx_hal.o
                0x000000000800080c                HAL_GetTick
 .text.HAL_ADC_Init
                0x0000000008000820      0x1b0 Drivers/STM32F1xx_HAL_Driver/Src/stm32f1xx_hal_adc.o
                0x0000000008000820                HAL_ADC_Init
 .text.HAL_ADC_ConfigChannel
                0x00000000080009d0      0x1f0 Drivers/STM32F1xx_HAL_Driver/Src/stm32f1xx_hal_adc.o
                0x00000000080009d0                HAL_ADC_ConfigChannel
 .text.ADC_ConversionStop_Disable
                0x0000000008000bc0       0x74 Drivers/STM32F1xx_HAL_Driver/Src/stm32f1xx_hal_adc.o
                0x0000000008000bc0                ADC_ConversionStop_Disable
 .text.__NVIC_SetPriorityGrouping
                0x0000000008000c34       0x48 Drivers/STM32F1xx_HAL_Driver/Src/stm32f1xx_hal_cortex.o
 .text.__NVIC_GetPriorityGrouping
                0x0000000008000c7c       0x1c Drivers/STM32F1xx_HAL_Driver/Src/stm32f1xx_hal_cortex.o
 .text.__NVIC_EnableIRQ
                0x0000000008000c98       0x38 Drivers/STM32F1xx_HAL_Driver/Src/stm32f1xx_hal_cortex.o
 .text.__NVIC_SetPriority
                0x0000000008000cd0       0x54 Drivers/STM32F1xx_HAL_Driver/Src/stm32f1xx_hal_cortex.o
 .text.NVIC_EncodePriority
                0x0000000008000d24       0x64 Drivers/STM32F1xx_HAL_Driver/Src/stm32f1xx_hal_cortex.o
 .text.SysTick_Config
                0x0000000008000d88       0x44 Drivers/STM32F1xx_HAL_Driver/Src/stm32f1xx_hal_cortex.o
 .text.HAL_NVIC_SetPriorityGrouping
                0x0000000008000dcc       0x16 Drivers/STM32F1xx_HAL_Driver/Src/stm32f1xx_hal_cortex.o
                0x0000000008000dcc                HAL_NVIC_SetPriorityGrouping
 .text.HAL_NVIC_SetPriority
                0x0000000008000de2       0x38 Drivers/STM32F1xx_HAL_Driver/Src/stm32f1xx_hal_cortex.o
                0x0000000008000de2                HAL_NVIC_SetPriority
 .text.HAL_NVIC_EnableIRQ
                0x0000000008000e1a       0x1c Drivers/STM32F1xx_HAL_Driver/Src/stm32f1xx_hal_cortex.o
                0x0000000008000e1a                HAL_NVIC_EnableIRQ
 .text.HAL_SYSTICK_Config
                0x0000000008000e36       0x18 Drivers/STM32F1xx_HAL_Driver/Src/stm32f1xx_hal_cortex.o
                0x0000000008000e36                HAL_SYSTICK_Config
 *fill*         0x0000000008000e4e        0x2 
 .text.HAL_DMA_Abort_IT
                0x0000000008000e50       0xec Drivers/STM32F1xx_HAL_Driver/Src/stm32f1xx_hal_dma.o
                0x0000000008000e50                HAL_DMA_Abort_IT
 .text.HAL_FLASH_Program
                0x0000000008000f3c       0xe0 Drivers/STM32F1xx_HAL_Driver/Src/stm32f1xx_hal_flash.o
                0x0000000008000f3c                HAL_FLASH_Program
 .text.HAL_FLASH_Unlock
                0x000000000800101c       0x4c Drivers/STM32F1xx_HAL_Driver/Src/stm32f1xx_hal_flash.o
                0x000000000800101c                HAL_FLASH_Unlock
 .text.HAL_FLASH_Lock
                0x0000000008001068       0x20 Drivers/STM32F1xx_HAL_Driver/Src/stm32f1xx_hal_flash.o
                0x0000000008001068                HAL_FLASH_Lock
 .text.FLASH_Program_HalfWord
                0x0000000008001088       0x38 Drivers/STM32F1xx_HAL_Driver/Src/stm32f1xx_hal_flash.o
 .text.FLASH_WaitForLastOperation
                0x00000000080010c0       0x8c Drivers/STM32F1xx_HAL_Driver/Src/stm32f1xx_hal_flash.o
                0x00000000080010c0                FLASH_WaitForLastOperation
 .text.FLASH_SetErrorCode
                0x000000000800114c       0xa0 Drivers/STM32F1xx_HAL_Driver/Src/stm32f1xx_hal_flash.o
 .text.HAL_FLASHEx_Erase
                0x00000000080011ec       0xd8 Drivers/STM32F1xx_HAL_Driver/Src/stm32f1xx_hal_flash_ex.o
                0x00000000080011ec                HAL_FLASHEx_Erase
 .text.FLASH_MassErase
                0x00000000080012c4       0x38 Drivers/STM32F1xx_HAL_Driver/Src/stm32f1xx_hal_flash_ex.o
 .text.FLASH_PageErase
                0x00000000080012fc       0x40 Drivers/STM32F1xx_HAL_Driver/Src/stm32f1xx_hal_flash_ex.o
                0x00000000080012fc                FLASH_PageErase
 .text.HAL_GPIO_Init
                0x000000000800133c      0x2b4 Drivers/STM32F1xx_HAL_Driver/Src/stm32f1xx_hal_gpio.o
                0x000000000800133c                HAL_GPIO_Init
 .text.HAL_GPIO_ReadPin
                0x00000000080015f0       0x2e Drivers/STM32F1xx_HAL_Driver/Src/stm32f1xx_hal_gpio.o
                0x00000000080015f0                HAL_GPIO_ReadPin
 .text.HAL_GPIO_WritePin
                0x000000000800161e       0x30 Drivers/STM32F1xx_HAL_Driver/Src/stm32f1xx_hal_gpio.o
                0x000000000800161e                HAL_GPIO_WritePin
 *fill*         0x000000000800164e        0x2 
 .text.HAL_I2C_Init
                0x0000000008001650      0x250 Drivers/STM32F1xx_HAL_Driver/Src/stm32f1xx_hal_i2c.o
                0x0000000008001650                HAL_I2C_Init
 .text.HAL_I2C_Master_Transmit
                0x00000000080018a0      0x1fc Drivers/STM32F1xx_HAL_Driver/Src/stm32f1xx_hal_i2c.o
                0x00000000080018a0                HAL_I2C_Master_Transmit
 .text.HAL_I2C_IsDeviceReady
                0x0000000008001a9c      0x244 Drivers/STM32F1xx_HAL_Driver/Src/stm32f1xx_hal_i2c.o
                0x0000000008001a9c                HAL_I2C_IsDeviceReady
 .text.I2C_MasterRequestWrite
                0x0000000008001ce0       0xec Drivers/STM32F1xx_HAL_Driver/Src/stm32f1xx_hal_i2c.o
 .text.I2C_WaitOnFlagUntilTimeout
                0x0000000008001dcc       0xae Drivers/STM32F1xx_HAL_Driver/Src/stm32f1xx_hal_i2c.o
 .text.I2C_WaitOnMasterAddressFlagUntilTimeout
                0x0000000008001e7a       0xfe Drivers/STM32F1xx_HAL_Driver/Src/stm32f1xx_hal_i2c.o
 .text.I2C_WaitOnTXEFlagUntilTimeout
                0x0000000008001f78       0x82 Drivers/STM32F1xx_HAL_Driver/Src/stm32f1xx_hal_i2c.o
 .text.I2C_WaitOnBTFFlagUntilTimeout
                0x0000000008001ffa       0x82 Drivers/STM32F1xx_HAL_Driver/Src/stm32f1xx_hal_i2c.o
 .text.I2C_IsAcknowledgeFailed
                0x000000000800207c       0x5c Drivers/STM32F1xx_HAL_Driver/Src/stm32f1xx_hal_i2c.o
 .text.HAL_RCC_OscConfig
                0x00000000080020d8      0x500 Drivers/STM32F1xx_HAL_Driver/Src/stm32f1xx_hal_rcc.o
                0x00000000080020d8                HAL_RCC_OscConfig
 .text.HAL_RCC_ClockConfig
                0x00000000080025d8      0x1d4 Drivers/STM32F1xx_HAL_Driver/Src/stm32f1xx_hal_rcc.o
                0x00000000080025d8                HAL_RCC_ClockConfig
 .text.HAL_RCC_GetSysClockFreq
                0x00000000080027ac       0xc4 Drivers/STM32F1xx_HAL_Driver/Src/stm32f1xx_hal_rcc.o
                0x00000000080027ac                HAL_RCC_GetSysClockFreq
 .text.HAL_RCC_GetHCLKFreq
                0x0000000008002870       0x14 Drivers/STM32F1xx_HAL_Driver/Src/stm32f1xx_hal_rcc.o
                0x0000000008002870                HAL_RCC_GetHCLKFreq
 .text.HAL_RCC_GetPCLK1Freq
                0x0000000008002884       0x28 Drivers/STM32F1xx_HAL_Driver/Src/stm32f1xx_hal_rcc.o
                0x0000000008002884                HAL_RCC_GetPCLK1Freq
 .text.HAL_RCC_GetPCLK2Freq
                0x00000000080028ac       0x28 Drivers/STM32F1xx_HAL_Driver/Src/stm32f1xx_hal_rcc.o
                0x00000000080028ac                HAL_RCC_GetPCLK2Freq
 .text.RCC_Delay
                0x00000000080028d4       0x3c Drivers/STM32F1xx_HAL_Driver/Src/stm32f1xx_hal_rcc.o
 .text.HAL_RCCEx_PeriphCLKConfig
                0x0000000008002910      0x16c Drivers/STM32F1xx_HAL_Driver/Src/stm32f1xx_hal_rcc_ex.o
                0x0000000008002910                HAL_RCCEx_PeriphCLKConfig
 .text.HAL_TIM_Base_Init
                0x0000000008002a7c       0x56 Drivers/STM32F1xx_HAL_Driver/Src/stm32f1xx_hal_tim.o
                0x0000000008002a7c                HAL_TIM_Base_Init
 .text.HAL_TIM_PWM_Init
                0x0000000008002ad2       0x56 Drivers/STM32F1xx_HAL_Driver/Src/stm32f1xx_hal_tim.o
                0x0000000008002ad2                HAL_TIM_PWM_Init
 .text.HAL_TIM_PWM_Start
                0x0000000008002b28       0x64 Drivers/STM32F1xx_HAL_Driver/Src/stm32f1xx_hal_tim.o
                0x0000000008002b28                HAL_TIM_PWM_Start
 .text.HAL_TIM_PWM_Stop
                0x0000000008002b8c       0x98 Drivers/STM32F1xx_HAL_Driver/Src/stm32f1xx_hal_tim.o
                0x0000000008002b8c                HAL_TIM_PWM_Stop
 .text.HAL_TIM_PWM_ConfigChannel
                0x0000000008002c24      0x18c Drivers/STM32F1xx_HAL_Driver/Src/stm32f1xx_hal_tim.o
                0x0000000008002c24                HAL_TIM_PWM_ConfigChannel
 .text.HAL_TIM_ConfigClockSource
                0x0000000008002db0      0x16e Drivers/STM32F1xx_HAL_Driver/Src/stm32f1xx_hal_tim.o
                0x0000000008002db0                HAL_TIM_ConfigClockSource
 *fill*         0x0000000008002f1e        0x2 
 .text.TIM_Base_SetConfig
                0x0000000008002f20       0xc4 Drivers/STM32F1xx_HAL_Driver/Src/stm32f1xx_hal_tim.o
                0x0000000008002f20                TIM_Base_SetConfig
 .text.TIM_OC1_SetConfig
                0x0000000008002fe4       0xcc Drivers/STM32F1xx_HAL_Driver/Src/stm32f1xx_hal_tim.o
 .text.TIM_OC2_SetConfig
                0x00000000080030b0       0xd4 Drivers/STM32F1xx_HAL_Driver/Src/stm32f1xx_hal_tim.o
                0x00000000080030b0                TIM_OC2_SetConfig
 .text.TIM_OC3_SetConfig
                0x0000000008003184       0xd4 Drivers/STM32F1xx_HAL_Driver/Src/stm32f1xx_hal_tim.o
 .text.TIM_OC4_SetConfig
                0x0000000008003258       0x9c Drivers/STM32F1xx_HAL_Driver/Src/stm32f1xx_hal_tim.o
 .text.TIM_TI1_ConfigInputStage
                0x00000000080032f4       0x5c Drivers/STM32F1xx_HAL_Driver/Src/stm32f1xx_hal_tim.o
 .text.TIM_TI2_ConfigInputStage
                0x0000000008003350       0x5e Drivers/STM32F1xx_HAL_Driver/Src/stm32f1xx_hal_tim.o
 .text.TIM_ITRx_SetConfig
                0x00000000080033ae       0x34 Drivers/STM32F1xx_HAL_Driver/Src/stm32f1xx_hal_tim.o
 .text.TIM_ETR_SetConfig
                0x00000000080033e2       0x3e Drivers/STM32F1xx_HAL_Driver/Src/stm32f1xx_hal_tim.o
                0x00000000080033e2                TIM_ETR_SetConfig
 .text.TIM_CCxChannelCmd
                0x0000000008003420       0x48 Drivers/STM32F1xx_HAL_Driver/Src/stm32f1xx_hal_tim.o
                0x0000000008003420                TIM_CCxChannelCmd
 .text.HAL_TIMEx_MasterConfigSynchronization
                0x0000000008003468       0x88 Drivers/STM32F1xx_HAL_Driver/Src/stm32f1xx_hal_tim_ex.o
                0x0000000008003468                HAL_TIMEx_MasterConfigSynchronization
 .text.HAL_TIMEx_ConfigBreakDeadTime
                0x00000000080034f0       0xa2 Drivers/STM32F1xx_HAL_Driver/Src/stm32f1xx_hal_tim_ex.o
                0x00000000080034f0                HAL_TIMEx_ConfigBreakDeadTime
 .text.HAL_UART_Init
                0x0000000008003592       0x9a Drivers/STM32F1xx_HAL_Driver/Src/stm32f1xx_hal_uart.o
                0x0000000008003592                HAL_UART_Init
 .text.HAL_UART_Receive_IT
                0x000000000800362c       0xa8 Drivers/STM32F1xx_HAL_Driver/Src/stm32f1xx_hal_uart.o
                0x000000000800362c                HAL_UART_Receive_IT
 .text.HAL_UART_IRQHandler
                0x00000000080036d4      0x1f8 Drivers/STM32F1xx_HAL_Driver/Src/stm32f1xx_hal_uart.o
                0x00000000080036d4                HAL_UART_IRQHandler
 .text.HAL_UART_TxCpltCallback
                0x00000000080038cc       0x12 Drivers/STM32F1xx_HAL_Driver/Src/stm32f1xx_hal_uart.o
                0x00000000080038cc                HAL_UART_TxCpltCallback
 .text.HAL_UART_ErrorCallback
                0x00000000080038de       0x12 Drivers/STM32F1xx_HAL_Driver/Src/stm32f1xx_hal_uart.o
                0x00000000080038de                HAL_UART_ErrorCallback
 .text.UART_EndRxTransfer
                0x00000000080038f0       0x3a Drivers/STM32F1xx_HAL_Driver/Src/stm32f1xx_hal_uart.o
 .text.UART_DMAAbortOnError
                0x000000000800392a       0x28 Drivers/STM32F1xx_HAL_Driver/Src/stm32f1xx_hal_uart.o
 .text.UART_Transmit_IT
                0x0000000008003952       0xaa Drivers/STM32F1xx_HAL_Driver/Src/stm32f1xx_hal_uart.o
 .text.UART_EndTransmit_IT
                0x00000000080039fc       0x30 Drivers/STM32F1xx_HAL_Driver/Src/stm32f1xx_hal_uart.o
 .text.UART_Receive_IT
                0x0000000008003a2c      0x102 Drivers/STM32F1xx_HAL_Driver/Src/stm32f1xx_hal_uart.o
 *fill*         0x0000000008003b2e        0x2 
 .text.UART_SetConfig
                0x0000000008003b30      0x1b4 Drivers/STM32F1xx_HAL_Driver/Src/stm32f1xx_hal_uart.o
 .text.FlashManager_PageAddress
                0x0000000008003ce4       0x3c Drivers/System/Flash_Manager.o
                0x0000000008003ce4                FlashManager_PageAddress
 .text.FlashManager_ErasePage
                0x0000000008003d20       0x4a Drivers/System/Flash_Manager.o
                0x0000000008003d20                FlashManager_ErasePage
 *fill*         0x0000000008003d6a        0x2 
 .text.FlashManager_WriteMulti
                0x0000000008003d6c       0xec Drivers/System/Flash_Manager.o
                0x0000000008003d6c                FlashManager_WriteMulti
 .text.FlashManager_ReadInt32
                0x0000000008003e58       0x1a Drivers/System/Flash_Manager.o
                0x0000000008003e58                FlashManager_ReadInt32
 *fill*         0x0000000008003e72        0x2 
 .text.Protocol_DMX_init
                0x0000000008003e74       0xc0 Middlewares/Protocol/DMX/DMX.o
                0x0000000008003e74                Protocol_DMX_init
 .text.Protocol_DMX_UartCallback
                0x0000000008003f34       0xe0 Middlewares/Protocol/DMX/DMX.o
                0x0000000008003f34                Protocol_DMX_UartCallback
 .text.Protocol_DMX_GetValue
                0x0000000008004014       0x30 Middlewares/Protocol/DMX/DMX.o
                0x0000000008004014                Protocol_DMX_GetValue
 .text.Protocol_DMX_GetLastTickFrame
                0x0000000008004044       0x14 Middlewares/Protocol/DMX/DMX.o
                0x0000000008004044                Protocol_DMX_GetLastTickFrame
 .text.makeFreeRtosPriority
                0x0000000008004058       0x2e Middlewares/Third_Party/FreeRTOS/Source/CMSIS_RTOS/cmsis_os.o
 .text.osKernelStart
                0x0000000008004086        0xe Middlewares/Third_Party/FreeRTOS/Source/CMSIS_RTOS/cmsis_os.o
                0x0000000008004086                osKernelStart
 .text.osThreadCreate
                0x0000000008004094       0x98 Middlewares/Third_Party/FreeRTOS/Source/CMSIS_RTOS/cmsis_os.o
                0x0000000008004094                osThreadCreate
 .text.osDelay  0x000000000800412c       0x28 Middlewares/Third_Party/FreeRTOS/Source/CMSIS_RTOS/cmsis_os.o
                0x000000000800412c                osDelay
 .text.vListInitialise
                0x0000000008004154       0x3e Middlewares/Third_Party/FreeRTOS/Source/list.o
                0x0000000008004154                vListInitialise
 .text.vListInitialiseItem
                0x0000000008004192       0x18 Middlewares/Third_Party/FreeRTOS/Source/list.o
                0x0000000008004192                vListInitialiseItem
 .text.vListInsertEnd
                0x00000000080041aa       0x46 Middlewares/Third_Party/FreeRTOS/Source/list.o
                0x00000000080041aa                vListInsertEnd
 .text.vListInsert
                0x00000000080041f0       0x70 Middlewares/Third_Party/FreeRTOS/Source/list.o
                0x00000000080041f0                vListInsert
 .text.uxListRemove
                0x0000000008004260       0x52 Middlewares/Third_Party/FreeRTOS/Source/list.o
                0x0000000008004260                uxListRemove
 .text.xTaskCreateStatic
                0x00000000080042b2       0xb2 Middlewares/Third_Party/FreeRTOS/Source/tasks.o
                0x00000000080042b2                xTaskCreateStatic
 .text.xTaskCreate
                0x0000000008004364       0x8a Middlewares/Third_Party/FreeRTOS/Source/tasks.o
                0x0000000008004364                xTaskCreate
 .text.prvInitialiseNewTask
                0x00000000080043ee       0xfc Middlewares/Third_Party/FreeRTOS/Source/tasks.o
 *fill*         0x00000000080044ea        0x2 
 .text.prvAddNewTaskToReadyList
                0x00000000080044ec       0xd4 Middlewares/Third_Party/FreeRTOS/Source/tasks.o
 .text.vTaskDelay
                0x00000000080045c0       0x68 Middlewares/Third_Party/FreeRTOS/Source/tasks.o
                0x00000000080045c0                vTaskDelay
 .text.vTaskStartScheduler
                0x0000000008004628       0xbc Middlewares/Third_Party/FreeRTOS/Source/tasks.o
                0x0000000008004628                vTaskStartScheduler
 .text.vTaskSuspendAll
                0x00000000080046e4       0x1c Middlewares/Third_Party/FreeRTOS/Source/tasks.o
                0x00000000080046e4                vTaskSuspendAll
 .text.xTaskResumeAll
                0x0000000008004700      0x138 Middlewares/Third_Party/FreeRTOS/Source/tasks.o
                0x0000000008004700                xTaskResumeAll
 .text.xTaskIncrementTick
                0x0000000008004838      0x178 Middlewares/Third_Party/FreeRTOS/Source/tasks.o
                0x0000000008004838                xTaskIncrementTick
 .text.vTaskSwitchContext
                0x00000000080049b0       0xb4 Middlewares/Third_Party/FreeRTOS/Source/tasks.o
                0x00000000080049b0                vTaskSwitchContext
 .text.prvIdleTask
                0x0000000008004a64       0x30 Middlewares/Third_Party/FreeRTOS/Source/tasks.o
 .text.prvInitialiseTaskLists
                0x0000000008004a94       0x80 Middlewares/Third_Party/FreeRTOS/Source/tasks.o
 .text.prvCheckTasksWaitingTermination
                0x0000000008004b14       0x58 Middlewares/Third_Party/FreeRTOS/Source/tasks.o
 .text.prvDeleteTCB
                0x0000000008004b6c       0x5c Middlewares/Third_Party/FreeRTOS/Source/tasks.o
 .text.prvResetNextTaskUnblockTime
                0x0000000008004bc8       0x48 Middlewares/Third_Party/FreeRTOS/Source/tasks.o
 .text.xTaskGetSchedulerState
                0x0000000008004c10       0x3c Middlewares/Third_Party/FreeRTOS/Source/tasks.o
                0x0000000008004c10                xTaskGetSchedulerState
 .text.prvAddCurrentTaskToDelayedList
                0x0000000008004c4c       0xcc Middlewares/Third_Party/FreeRTOS/Source/tasks.o
 .text.pxPortInitialiseStack
                0x0000000008004d18       0x58 Middlewares/Third_Party/FreeRTOS/Source/portable/GCC/ARM_CM3/port.o
                0x0000000008004d18                pxPortInitialiseStack
 .text.prvTaskExitError
                0x0000000008004d70       0x50 Middlewares/Third_Party/FreeRTOS/Source/portable/GCC/ARM_CM3/port.o
 .text.SVC_Handler
                0x0000000008004dc0       0x28 Middlewares/Third_Party/FreeRTOS/Source/portable/GCC/ARM_CM3/port.o
                0x0000000008004dc0                SVC_Handler
 .text.prvPortStartFirstTask
                0x0000000008004de8       0x20 Middlewares/Third_Party/FreeRTOS/Source/portable/GCC/ARM_CM3/port.o
 .text.xPortStartScheduler
                0x0000000008004e08       0xe0 Middlewares/Third_Party/FreeRTOS/Source/portable/GCC/ARM_CM3/port.o
                0x0000000008004e08                xPortStartScheduler
 .text.vPortEnterCritical
                0x0000000008004ee8       0x5c Middlewares/Third_Party/FreeRTOS/Source/portable/GCC/ARM_CM3/port.o
                0x0000000008004ee8                vPortEnterCritical
 .text.vPortExitCritical
                0x0000000008004f44       0x4c Middlewares/Third_Party/FreeRTOS/Source/portable/GCC/ARM_CM3/port.o
                0x0000000008004f44                vPortExitCritical
 .text.PendSV_Handler
                0x0000000008004f90       0x48 Middlewares/Third_Party/FreeRTOS/Source/portable/GCC/ARM_CM3/port.o
                0x0000000008004f90                PendSV_Handler
 .text.xPortSysTickHandler
                0x0000000008004fd8       0x40 Middlewares/Third_Party/FreeRTOS/Source/portable/GCC/ARM_CM3/port.o
                0x0000000008004fd8                xPortSysTickHandler
 .text.vPortSetupTimerInterrupt
                0x0000000008005018       0x44 Middlewares/Third_Party/FreeRTOS/Source/portable/GCC/ARM_CM3/port.o
                0x0000000008005018                vPortSetupTimerInterrupt
 .text.pvPortMalloc
                0x000000000800505c      0x184 Middlewares/Third_Party/FreeRTOS/Source/portable/MemMang/heap_4.o
                0x000000000800505c                pvPortMalloc
 .text.vPortFree
                0x00000000080051e0       0xb0 Middlewares/Third_Party/FreeRTOS/Source/portable/MemMang/heap_4.o
                0x00000000080051e0                vPortFree
 .text.prvHeapInit
                0x0000000008005290       0xc4 Middlewares/Third_Party/FreeRTOS/Source/portable/MemMang/heap_4.o
 .text.prvInsertBlockIntoFreeList
                0x0000000008005354       0xb0 Middlewares/Third_Party/FreeRTOS/Source/portable/MemMang/heap_4.o
 .text.Load_Param
                0x0000000008005404       0x70 Src/App.o
                0x0000000008005404                Load_Param
 .text.Write_Param
                0x0000000008005474       0x5c Src/App.o
                0x0000000008005474                Write_Param
 .text.Update_Display
                0x00000000080054d0      0x1d8 Src/App.o
                0x00000000080054d0                Update_Display
 .text.Manage_Button
                0x00000000080056a8      0x154 Src/App.o
                0x00000000080056a8                Manage_Button
 .text.AppLEDTask
                0x00000000080057fc       0xc0 Src/App.o
                0x00000000080057fc                AppLEDTask
 .text.AppIHMTask
                0x00000000080058bc      0x250 Src/App.o
                0x00000000080058bc                AppIHMTask
 .text.App_Init
                0x0000000008005b0c      0x150 Src/App.o
                0x0000000008005b0c                App_Init
 .text.CreatAppTasks
                0x0000000008005c5c       0x68 Src/App.o
                0x0000000008005c5c                CreatAppTasks
 .text.HAL_UART_RxCpltCallback
                0x0000000008005cc4       0x16 Src/App.o
                0x0000000008005cc4                HAL_UART_RxCpltCallback
 *fill*         0x0000000008005cda        0x2 
 .text.MX_ADC1_Init
                0x0000000008005cdc       0x7c Src/adc.o
                0x0000000008005cdc                MX_ADC1_Init
 .text.HAL_ADC_MspInit
                0x0000000008005d58       0xa8 Src/adc.o
                0x0000000008005d58                HAL_ADC_MspInit
 .text.vApplicationGetIdleTaskMemory
                0x0000000008005e00       0x30 Src/freertos.o
                0x0000000008005e00                vApplicationGetIdleTaskMemory
 .text.MX_FREERTOS_Init
                0x0000000008005e30       0x38 Src/freertos.o
                0x0000000008005e30                MX_FREERTOS_Init
 .text.StartDefaultTask
                0x0000000008005e68       0x10 Src/freertos.o
                0x0000000008005e68                StartDefaultTask
 .text.MX_GPIO_Init
                0x0000000008005e78       0xe8 Src/gpio.o
                0x0000000008005e78                MX_GPIO_Init
 .text.MX_I2C1_Init
                0x0000000008005f60       0x5c Src/i2c.o
                0x0000000008005f60                MX_I2C1_Init
 .text.HAL_I2C_MspInit
                0x0000000008005fbc       0xa0 Src/i2c.o
                0x0000000008005fbc                HAL_I2C_MspInit
 .text.main     0x000000000800605c      0x140 Src/main.o
                0x000000000800605c                main
 .text.SystemClock_Config
                0x000000000800619c       0xb0 Src/main.o
                0x000000000800619c                SystemClock_Config
 .text.Error_Handler
                0x000000000800624c        0xc Src/main.o
                0x000000000800624c                Error_Handler
 .text.HAL_MspInit
                0x0000000008006258       0x70 Src/stm32f1xx_hal_msp.o
                0x0000000008006258                HAL_MspInit
 .text.NMI_Handler
                0x00000000080062c8        0xc Src/stm32f1xx_it.o
                0x00000000080062c8                NMI_Handler
 .text.HardFault_Handler
                0x00000000080062d4        0x6 Src/stm32f1xx_it.o
                0x00000000080062d4                HardFault_Handler
 .text.MemManage_Handler
                0x00000000080062da        0x6 Src/stm32f1xx_it.o
                0x00000000080062da                MemManage_Handler
 .text.BusFault_Handler
                0x00000000080062e0        0x6 Src/stm32f1xx_it.o
                0x00000000080062e0                BusFault_Handler
 .text.UsageFault_Handler
                0x00000000080062e6        0x6 Src/stm32f1xx_it.o
                0x00000000080062e6                UsageFault_Handler
 .text.DebugMon_Handler
                0x00000000080062ec        0xc Src/stm32f1xx_it.o
                0x00000000080062ec                DebugMon_Handler
 .text.SysTick_Handler
                0x00000000080062f8       0x1a Src/stm32f1xx_it.o
                0x00000000080062f8                SysTick_Handler
 *fill*         0x0000000008006312        0x2 
 .text.USART2_IRQHandler
                0x0000000008006314       0x14 Src/stm32f1xx_it.o
                0x0000000008006314                USART2_IRQHandler
 .text._sbrk    0x0000000008006328       0x58 Src/sysmem.o
                0x0000000008006328                _sbrk
 .text.SystemInit
                0x0000000008006380       0x68 Src/system_stm32f1xx.o
                0x0000000008006380                SystemInit
 .text.MX_TIM1_Init
                0x00000000080063e8      0x150 Src/tim.o
                0x00000000080063e8                MX_TIM1_Init
 .text.MX_TIM2_Init
                0x0000000008006538      0x130 Src/tim.o
                0x0000000008006538                MX_TIM2_Init
 .text.MX_TIM3_Init
                0x0000000008006668      0x118 Src/tim.o
                0x0000000008006668                MX_TIM3_Init
 .text.HAL_TIM_PWM_MspInit
                0x0000000008006780       0x3c Src/tim.o
                0x0000000008006780                HAL_TIM_PWM_MspInit
 .text.HAL_TIM_Base_MspInit
                0x00000000080067bc       0x60 Src/tim.o
                0x00000000080067bc                HAL_TIM_Base_MspInit
 .text.HAL_TIM_MspPostInit
                0x000000000800681c      0x164 Src/tim.o
                0x000000000800681c                HAL_TIM_MspPostInit
 .text.MX_USART1_UART_Init
                0x0000000008006980       0x54 Src/usart.o
                0x0000000008006980                MX_USART1_UART_Init
 .text.MX_USART2_UART_Init
                0x00000000080069d4       0x58 Src/usart.o
                0x00000000080069d4                MX_USART2_UART_Init
 .text.HAL_UART_MspInit
                0x0000000008006a2c      0x138 Src/usart.o
                0x0000000008006a2c                HAL_UART_MspInit
 .text.Reset_Handler
                0x0000000008006b64       0x48 Startup/startup_stm32f103c8tx.o
                0x0000000008006b64                Reset_Handler
 .text.Default_Handler
                0x0000000008006bac        0x2 Startup/startup_stm32f103c8tx.o
                0x0000000008006bac                RTC_Alarm_IRQHandler
                0x0000000008006bac                EXTI2_IRQHandler
                0x0000000008006bac                TIM1_CC_IRQHandler
                0x0000000008006bac                PVD_IRQHandler
                0x0000000008006bac                EXTI3_IRQHandler
                0x0000000008006bac                EXTI0_IRQHandler
                0x0000000008006bac                I2C2_EV_IRQHandler
                0x0000000008006bac                ADC1_2_IRQHandler
                0x0000000008006bac                SPI1_IRQHandler
                0x0000000008006bac                TAMPER_IRQHandler
                0x0000000008006bac                DMA1_Channel4_IRQHandler
                0x0000000008006bac                USART3_IRQHandler
                0x0000000008006bac                RTC_IRQHandler
                0x0000000008006bac                DMA1_Channel7_IRQHandler
                0x0000000008006bac                CAN1_RX1_IRQHandler
                0x0000000008006bac                TIM4_IRQHandler
                0x0000000008006bac                I2C1_EV_IRQHandler
                0x0000000008006bac                DMA1_Channel6_IRQHandler
                0x0000000008006bac                TIM3_IRQHandler
                0x0000000008006bac                RCC_IRQHandler
                0x0000000008006bac                TIM1_TRG_COM_IRQHandler
                0x0000000008006bac                DMA1_Channel1_IRQHandler
                0x0000000008006bac                Default_Handler
                0x0000000008006bac                EXTI15_10_IRQHandler
                0x0000000008006bac                EXTI9_5_IRQHandler
                0x0000000008006bac                SPI2_IRQHandler
                0x0000000008006bac                DMA1_Channel5_IRQHandler
                0x0000000008006bac                EXTI4_IRQHandler
                0x0000000008006bac                USB_LP_CAN1_RX0_IRQHandler
                0x0000000008006bac                USB_HP_CAN1_TX_IRQHandler
                0x0000000008006bac                DMA1_Channel3_IRQHandler
                0x0000000008006bac                TIM1_UP_IRQHandler
                0x0000000008006bac                WWDG_IRQHandler
                0x0000000008006bac                TIM2_IRQHandler
                0x0000000008006bac                TIM1_BRK_IRQHandler
                0x0000000008006bac                EXTI1_IRQHandler
                0x0000000008006bac                I2C2_ER_IRQHandler
                0x0000000008006bac                DMA1_Channel2_IRQHandler
                0x0000000008006bac                CAN1_SCE_IRQHandler
                0x0000000008006bac                FLASH_IRQHandler
                0x0000000008006bac                USART1_IRQHandler
                0x0000000008006bac                I2C1_ER_IRQHandler
                0x0000000008006bac                USBWakeUp_IRQHandler
 *fill*         0x0000000008006bae        0x2 
 .text.__errno  0x0000000008006bb0        0xc c:/st/stm32cubeide_1.1.0/stm32cubeide/plugins/com.st.stm32cube.ide.mcu.externaltools.gnu-tools-for-stm32.7-2018-q2-update.win32_1.0.0.201904181610/tools/bin/../lib/gcc/arm-none-eabi/7.3.1/../../../../arm-none-eabi/lib/thumb/v7-m\libc_nano.a(lib_a-errno.o)
                0x0000000008006bb0                __errno
 .text.__libc_init_array
                0x0000000008006bbc       0x48 c:/st/stm32cubeide_1.1.0/stm32cubeide/plugins/com.st.stm32cube.ide.mcu.externaltools.gnu-tools-for-stm32.7-2018-q2-update.win32_1.0.0.201904181610/tools/bin/../lib/gcc/arm-none-eabi/7.3.1/../../../../arm-none-eabi/lib/thumb/v7-m\libc_nano.a(lib_a-init.o)
                0x0000000008006bbc                __libc_init_array
 .text.memcpy   0x0000000008006c04       0x16 c:/st/stm32cubeide_1.1.0/stm32cubeide/plugins/com.st.stm32cube.ide.mcu.externaltools.gnu-tools-for-stm32.7-2018-q2-update.win32_1.0.0.201904181610/tools/bin/../lib/gcc/arm-none-eabi/7.3.1/../../../../arm-none-eabi/lib/thumb/v7-m\libc_nano.a(lib_a-memcpy-stub.o)
                0x0000000008006c04                memcpy
 .text.memset   0x0000000008006c1a       0x10 c:/st/stm32cubeide_1.1.0/stm32cubeide/plugins/com.st.stm32cube.ide.mcu.externaltools.gnu-tools-for-stm32.7-2018-q2-update.win32_1.0.0.201904181610/tools/bin/../lib/gcc/arm-none-eabi/7.3.1/../../../../arm-none-eabi/lib/thumb/v7-m\libc_nano.a(lib_a-memset.o)
                0x0000000008006c1a                memset
 *fill*         0x0000000008006c2a        0x2 
 .text.sprintf  0x0000000008006c2c       0x40 c:/st/stm32cubeide_1.1.0/stm32cubeide/plugins/com.st.stm32cube.ide.mcu.externaltools.gnu-tools-for-stm32.7-2018-q2-update.win32_1.0.0.201904181610/tools/bin/../lib/gcc/arm-none-eabi/7.3.1/../../../../arm-none-eabi/lib/thumb/v7-m\libc_nano.a(lib_a-sprintf.o)
                0x0000000008006c2c                siprintf
                0x0000000008006c2c                sprintf
 .text.__ssputs_r
                0x0000000008006c6c       0xb4 c:/st/stm32cubeide_1.1.0/stm32cubeide/plugins/com.st.stm32cube.ide.mcu.externaltools.gnu-tools-for-stm32.7-2018-q2-update.win32_1.0.0.201904181610/tools/bin/../lib/gcc/arm-none-eabi/7.3.1/../../../../arm-none-eabi/lib/thumb/v7-m\libc_nano.a(lib_a-nano-svfprintf.o)
                0x0000000008006c6c                __ssputs_r
 .text._svfprintf_r
                0x0000000008006d20      0x1f0 c:/st/stm32cubeide_1.1.0/stm32cubeide/plugins/com.st.stm32cube.ide.mcu.externaltools.gnu-tools-for-stm32.7-2018-q2-update.win32_1.0.0.201904181610/tools/bin/../lib/gcc/arm-none-eabi/7.3.1/../../../../arm-none-eabi/lib/thumb/v7-m\libc_nano.a(lib_a-nano-svfprintf.o)
                0x0000000008006d20                _svfiprintf_r
                0x0000000008006d20                _svfprintf_r
 .text._printf_common
                0x0000000008006f10       0xec c:/st/stm32cubeide_1.1.0/stm32cubeide/plugins/com.st.stm32cube.ide.mcu.externaltools.gnu-tools-for-stm32.7-2018-q2-update.win32_1.0.0.201904181610/tools/bin/../lib/gcc/arm-none-eabi/7.3.1/../../../../arm-none-eabi/lib/thumb/v7-m\libc_nano.a(lib_a-nano-vfprintf_i.o)
                0x0000000008006f10                _printf_common
 .text._printf_i
                0x0000000008006ffc      0x224 c:/st/stm32cubeide_1.1.0/stm32cubeide/plugins/com.st.stm32cube.ide.mcu.externaltools.gnu-tools-for-stm32.7-2018-q2-update.win32_1.0.0.201904181610/tools/bin/../lib/gcc/arm-none-eabi/7.3.1/../../../../arm-none-eabi/lib/thumb/v7-m\libc_nano.a(lib_a-nano-vfprintf_i.o)
                0x0000000008006ffc                _printf_i
 .text.memchr   0x0000000008007220       0x1c c:/st/stm32cubeide_1.1.0/stm32cubeide/plugins/com.st.stm32cube.ide.mcu.externaltools.gnu-tools-for-stm32.7-2018-q2-update.win32_1.0.0.201904181610/tools/bin/../lib/gcc/arm-none-eabi/7.3.1/../../../../arm-none-eabi/lib/thumb/v7-m\libc_nano.a(lib_a-memchr-stub.o)
                0x0000000008007220                memchr
 .text.memmove  0x000000000800723c       0x32 c:/st/stm32cubeide_1.1.0/stm32cubeide/plugins/com.st.stm32cube.ide.mcu.externaltools.gnu-tools-for-stm32.7-2018-q2-update.win32_1.0.0.201904181610/tools/bin/../lib/gcc/arm-none-eabi/7.3.1/../../../../arm-none-eabi/lib/thumb/v7-m\libc_nano.a(lib_a-memmove.o)
                0x000000000800723c                memmove
 *fill*         0x000000000800726e        0x2 
 .text._free_r  0x0000000008007270       0x98 c:/st/stm32cubeide_1.1.0/stm32cubeide/plugins/com.st.stm32cube.ide.mcu.externaltools.gnu-tools-for-stm32.7-2018-q2-update.win32_1.0.0.201904181610/tools/bin/../lib/gcc/arm-none-eabi/7.3.1/../../../../arm-none-eabi/lib/thumb/v7-m\libc_nano.a(lib_a-nano-freer.o)
                0x0000000008007270                _free_r
 .text._malloc_r
                0x0000000008007308       0xb4 c:/st/stm32cubeide_1.1.0/stm32cubeide/plugins/com.st.stm32cube.ide.mcu.externaltools.gnu-tools-for-stm32.7-2018-q2-update.win32_1.0.0.201904181610/tools/bin/../lib/gcc/arm-none-eabi/7.3.1/../../../../arm-none-eabi/lib/thumb/v7-m\libc_nano.a(lib_a-nano-mallocr.o)
                0x0000000008007308                _malloc_r
 .text._realloc_r
                0x00000000080073bc       0x4c c:/st/stm32cubeide_1.1.0/stm32cubeide/plugins/com.st.stm32cube.ide.mcu.externaltools.gnu-tools-for-stm32.7-2018-q2-update.win32_1.0.0.201904181610/tools/bin/../lib/gcc/arm-none-eabi/7.3.1/../../../../arm-none-eabi/lib/thumb/v7-m\libc_nano.a(lib_a-nano-reallocr.o)
                0x00000000080073bc                _realloc_r
 .text._sbrk_r  0x0000000008007408       0x20 c:/st/stm32cubeide_1.1.0/stm32cubeide/plugins/com.st.stm32cube.ide.mcu.externaltools.gnu-tools-for-stm32.7-2018-q2-update.win32_1.0.0.201904181610/tools/bin/../lib/gcc/arm-none-eabi/7.3.1/../../../../arm-none-eabi/lib/thumb/v7-m\libc_nano.a(lib_a-sbrkr.o)
                0x0000000008007408                _sbrk_r
 .text.__malloc_lock
                0x0000000008007428        0x2 c:/st/stm32cubeide_1.1.0/stm32cubeide/plugins/com.st.stm32cube.ide.mcu.externaltools.gnu-tools-for-stm32.7-2018-q2-update.win32_1.0.0.201904181610/tools/bin/../lib/gcc/arm-none-eabi/7.3.1/../../../../arm-none-eabi/lib/thumb/v7-m\libc_nano.a(lib_a-mlock.o)
                0x0000000008007428                __malloc_lock
 .text.__malloc_unlock
                0x000000000800742a        0x2 c:/st/stm32cubeide_1.1.0/stm32cubeide/plugins/com.st.stm32cube.ide.mcu.externaltools.gnu-tools-for-stm32.7-2018-q2-update.win32_1.0.0.201904181610/tools/bin/../lib/gcc/arm-none-eabi/7.3.1/../../../../arm-none-eabi/lib/thumb/v7-m\libc_nano.a(lib_a-mlock.o)
                0x000000000800742a                __malloc_unlock
 .text._malloc_usable_size_r
                0x000000000800742c       0x10 c:/st/stm32cubeide_1.1.0/stm32cubeide/plugins/com.st.stm32cube.ide.mcu.externaltools.gnu-tools-for-stm32.7-2018-q2-update.win32_1.0.0.201904181610/tools/bin/../lib/gcc/arm-none-eabi/7.3.1/../../../../arm-none-eabi/lib/thumb/v7-m\libc_nano.a(lib_a-nano-msizer.o)
                0x000000000800742c                _malloc_usable_size_r
 *(.glue_7)
 .glue_7        0x000000000800743c        0x0 linker stubs
 *(.glue_7t)
 .glue_7t       0x000000000800743c        0x0 linker stubs
 *(.eh_frame)
 .eh_frame      0x000000000800743c        0x0 c:/st/stm32cubeide_1.1.0/stm32cubeide/plugins/com.st.stm32cube.ide.mcu.externaltools.gnu-tools-for-stm32.7-2018-q2-update.win32_1.0.0.201904181610/tools/bin/../lib/gcc/arm-none-eabi/7.3.1/thumb/v7-m/crtbegin.o
 *(.init)
 .init          0x000000000800743c        0x4 c:/st/stm32cubeide_1.1.0/stm32cubeide/plugins/com.st.stm32cube.ide.mcu.externaltools.gnu-tools-for-stm32.7-2018-q2-update.win32_1.0.0.201904181610/tools/bin/../lib/gcc/arm-none-eabi/7.3.1/thumb/v7-m/crti.o
                0x000000000800743c                _init
 .init          0x0000000008007440        0x8 c:/st/stm32cubeide_1.1.0/stm32cubeide/plugins/com.st.stm32cube.ide.mcu.externaltools.gnu-tools-for-stm32.7-2018-q2-update.win32_1.0.0.201904181610/tools/bin/../lib/gcc/arm-none-eabi/7.3.1/thumb/v7-m/crtn.o
 *(.fini)
 .fini          0x0000000008007448        0x4 c:/st/stm32cubeide_1.1.0/stm32cubeide/plugins/com.st.stm32cube.ide.mcu.externaltools.gnu-tools-for-stm32.7-2018-q2-update.win32_1.0.0.201904181610/tools/bin/../lib/gcc/arm-none-eabi/7.3.1/thumb/v7-m/crti.o
                0x0000000008007448                _fini
 .fini          0x000000000800744c        0x8 c:/st/stm32cubeide_1.1.0/stm32cubeide/plugins/com.st.stm32cube.ide.mcu.externaltools.gnu-tools-for-stm32.7-2018-q2-update.win32_1.0.0.201904181610/tools/bin/../lib/gcc/arm-none-eabi/7.3.1/thumb/v7-m/crtn.o
                0x0000000008007454                . = ALIGN (0x4)
                0x0000000008007454                _etext = .

.vfp11_veneer   0x0000000008007454        0x0
 .vfp11_veneer  0x0000000008007454        0x0 linker stubs

.v4_bx          0x0000000008007454        0x0
 .v4_bx         0x0000000008007454        0x0 linker stubs

.iplt           0x0000000008007454        0x0
 .iplt          0x0000000008007454        0x0 c:/st/stm32cubeide_1.1.0/stm32cubeide/plugins/com.st.stm32cube.ide.mcu.externaltools.gnu-tools-for-stm32.7-2018-q2-update.win32_1.0.0.201904181610/tools/bin/../lib/gcc/arm-none-eabi/7.3.1/thumb/v7-m/crtbegin.o

.rodata         0x0000000008007454     0x2940
                0x0000000008007454                . = ALIGN (0x4)
 *(.rodata)
 .rodata        0x0000000008007454       0x12 Drivers/STM32F1xx_HAL_Driver/Src/stm32f1xx_hal_rcc.o
 *fill*         0x0000000008007466        0x2 
 .rodata        0x0000000008007468        0x5 Middlewares/Third_Party/FreeRTOS/Source/tasks.o
 *fill*         0x000000000800746d        0x3 
 .rodata        0x0000000008007470       0x9c Src/App.o
 .rodata        0x000000000800750c       0x28 Src/freertos.o
 *(.rodata*)
 .rodata.Font7x10
                0x0000000008007534      0x76c Drivers/Devices/Display/__Fonts.o
                0x0000000008007534                Font7x10
 .rodata.Font11x18
                0x0000000008007ca0      0xd5c Drivers/Devices/Display/__Fonts.o
                0x0000000008007ca0                Font11x18
 .rodata.Font16x26
                0x00000000080089fc     0x134c Drivers/Devices/Display/__Fonts.o
                0x00000000080089fc                Font16x26
 .rodata.AHBPrescTable
                0x0000000008009d48       0x10 Src/system_stm32f1xx.o
                0x0000000008009d48                AHBPrescTable
 .rodata.APBPrescTable
                0x0000000008009d58        0x8 Src/system_stm32f1xx.o
                0x0000000008009d58                APBPrescTable
 .rodata._svfprintf_r.str1.1
                0x0000000008009d60       0x11 c:/st/stm32cubeide_1.1.0/stm32cubeide/plugins/com.st.stm32cube.ide.mcu.externaltools.gnu-tools-for-stm32.7-2018-q2-update.win32_1.0.0.201904181610/tools/bin/../lib/gcc/arm-none-eabi/7.3.1/../../../../arm-none-eabi/lib/thumb/v7-m\libc_nano.a(lib_a-nano-svfprintf.o)
 .rodata._printf_i.str1.1
                0x0000000008009d71       0x22 c:/st/stm32cubeide_1.1.0/stm32cubeide/plugins/com.st.stm32cube.ide.mcu.externaltools.gnu-tools-for-stm32.7-2018-q2-update.win32_1.0.0.201904181610/tools/bin/../lib/gcc/arm-none-eabi/7.3.1/../../../../arm-none-eabi/lib/thumb/v7-m\libc_nano.a(lib_a-nano-vfprintf_i.o)
                0x0000000008009d94                . = ALIGN (0x4)
 *fill*         0x0000000008009d93        0x1 

.rel.dyn        0x0000000008009d94        0x0
 .rel.iplt      0x0000000008009d94        0x0 c:/st/stm32cubeide_1.1.0/stm32cubeide/plugins/com.st.stm32cube.ide.mcu.externaltools.gnu-tools-for-stm32.7-2018-q2-update.win32_1.0.0.201904181610/tools/bin/../lib/gcc/arm-none-eabi/7.3.1/thumb/v7-m/crtbegin.o

.ARM.extab      0x0000000008009d94        0x0
                0x0000000008009d94                . = ALIGN (0x4)
 *(.ARM.extab* .gnu.linkonce.armextab.*)
                0x0000000008009d94                . = ALIGN (0x4)

.ARM            0x0000000008009d94        0x0
                0x0000000008009d94                . = ALIGN (0x4)
                0x0000000008009d94                __exidx_start = .
 *(.ARM.exidx*)
                0x0000000008009d94                __exidx_end = .
                0x0000000008009d94                . = ALIGN (0x4)

.preinit_array  0x0000000008009d94        0x0
                0x0000000008009d94                . = ALIGN (0x4)
                0x0000000008009d94                PROVIDE (__preinit_array_start = .)
 *(.preinit_array*)
                0x0000000008009d94                PROVIDE (__preinit_array_end = .)
                0x0000000008009d94                . = ALIGN (0x4)

.init_array     0x0000000008009d94        0x4
                0x0000000008009d94                . = ALIGN (0x4)
                0x0000000008009d94                PROVIDE (__init_array_start = .)
 *(SORT_BY_NAME(.init_array.*))
 *(.init_array*)
 .init_array    0x0000000008009d94        0x4 c:/st/stm32cubeide_1.1.0/stm32cubeide/plugins/com.st.stm32cube.ide.mcu.externaltools.gnu-tools-for-stm32.7-2018-q2-update.win32_1.0.0.201904181610/tools/bin/../lib/gcc/arm-none-eabi/7.3.1/thumb/v7-m/crtbegin.o
                0x0000000008009d98                PROVIDE (__init_array_end = .)
                0x0000000008009d98                . = ALIGN (0x4)

.fini_array     0x0000000008009d98        0x4
                0x0000000008009d98                . = ALIGN (0x4)
                [!provide]                        PROVIDE (__fini_array_start = .)
 *(SORT_BY_NAME(.fini_array.*))
 *(.fini_array*)
 .fini_array    0x0000000008009d98        0x4 c:/st/stm32cubeide_1.1.0/stm32cubeide/plugins/com.st.stm32cube.ide.mcu.externaltools.gnu-tools-for-stm32.7-2018-q2-update.win32_1.0.0.201904181610/tools/bin/../lib/gcc/arm-none-eabi/7.3.1/thumb/v7-m/crtbegin.o
                [!provide]                        PROVIDE (__fini_array_end = .)
                0x0000000008009d9c                . = ALIGN (0x4)
                0x0000000008009d9c                _sidata = LOADADDR (.data)

.data           0x0000000020000000       0x8c load address 0x0000000008009d9c
                0x0000000020000000                . = ALIGN (0x4)
                0x0000000020000000                _sdata = .
 *(.data)
 *(.data*)
 .data.Font_7x10
                0x0000000020000000        0x8 Drivers/Devices/Display/__Fonts.o
                0x0000000020000000                Font_7x10
 .data.Font_11x18
                0x0000000020000008        0x8 Drivers/Devices/Display/__Fonts.o
                0x0000000020000008                Font_11x18
 .data.Font_16x26
                0x0000000020000010        0x8 Drivers/Devices/Display/__Fonts.o
                0x0000000020000010                Font_16x26
 .data.uwTickPrio
                0x0000000020000018        0x4 Drivers/STM32F1xx_HAL_Driver/Src/stm32f1xx_hal.o
                0x0000000020000018                uwTickPrio
 .data.uwTickFreq
                0x000000002000001c        0x1 Drivers/STM32F1xx_HAL_Driver/Src/stm32f1xx_hal.o
                0x000000002000001c                uwTickFreq
 *fill*         0x000000002000001d        0x3 
 .data.uxCriticalNesting
                0x0000000020000020        0x4 Middlewares/Third_Party/FreeRTOS/Source/portable/GCC/ARM_CM3/port.o
 .data.SystemCoreClock
                0x0000000020000024        0x4 Src/system_stm32f1xx.o
                0x0000000020000024                SystemCoreClock
 .data._impure_ptr
                0x0000000020000028        0x4 c:/st/stm32cubeide_1.1.0/stm32cubeide/plugins/com.st.stm32cube.ide.mcu.externaltools.gnu-tools-for-stm32.7-2018-q2-update.win32_1.0.0.201904181610/tools/bin/../lib/gcc/arm-none-eabi/7.3.1/../../../../arm-none-eabi/lib/thumb/v7-m\libc_nano.a(lib_a-impure.o)
                0x0000000020000028                _impure_ptr
 .data.impure_data
                0x000000002000002c       0x60 c:/st/stm32cubeide_1.1.0/stm32cubeide/plugins/com.st.stm32cube.ide.mcu.externaltools.gnu-tools-for-stm32.7-2018-q2-update.win32_1.0.0.201904181610/tools/bin/../lib/gcc/arm-none-eabi/7.3.1/../../../../arm-none-eabi/lib/thumb/v7-m\libc_nano.a(lib_a-impure.o)
                0x000000002000008c                . = ALIGN (0x4)
                0x000000002000008c                _edata = .

.igot.plt       0x000000002000008c        0x0 load address 0x0000000008009e28
 .igot.plt      0x000000002000008c        0x0 c:/st/stm32cubeide_1.1.0/stm32cubeide/plugins/com.st.stm32cube.ide.mcu.externaltools.gnu-tools-for-stm32.7-2018-q2-update.win32_1.0.0.201904181610/tools/bin/../lib/gcc/arm-none-eabi/7.3.1/thumb/v7-m/crtbegin.o
                0x000000002000008c                . = ALIGN (0x4)

.bss            0x0000000020000090     0x1a98 load address 0x0000000008009e28
                0x0000000020000090                _sbss = .
                0x0000000020000090                __bss_start__ = _sbss
 *(.bss)
 .bss           0x0000000020000090       0x1c c:/st/stm32cubeide_1.1.0/stm32cubeide/plugins/com.st.stm32cube.ide.mcu.externaltools.gnu-tools-for-stm32.7-2018-q2-update.win32_1.0.0.201904181610/tools/bin/../lib/gcc/arm-none-eabi/7.3.1/thumb/v7-m/crtbegin.o
 *(.bss*)
 .bss.SSD1306_Buffer
                0x00000000200000ac      0x400 Drivers/Devices/Display/ssd1306.o
 .bss.SSD1306   0x00000000200004ac        0x6 Drivers/Devices/Display/ssd1306.o
 *fill*         0x00000000200004b2        0x2 
 .bss.pxCurrentTCB
                0x00000000200004b4        0x4 Middlewares/Third_Party/FreeRTOS/Source/tasks.o
                0x00000000200004b4                pxCurrentTCB
 .bss.pxReadyTasksLists
                0x00000000200004b8       0x8c Middlewares/Third_Party/FreeRTOS/Source/tasks.o
 .bss.xDelayedTaskList1
                0x0000000020000544       0x14 Middlewares/Third_Party/FreeRTOS/Source/tasks.o
 .bss.xDelayedTaskList2
                0x0000000020000558       0x14 Middlewares/Third_Party/FreeRTOS/Source/tasks.o
 .bss.pxDelayedTaskList
                0x000000002000056c        0x4 Middlewares/Third_Party/FreeRTOS/Source/tasks.o
 .bss.pxOverflowDelayedTaskList
                0x0000000020000570        0x4 Middlewares/Third_Party/FreeRTOS/Source/tasks.o
 .bss.xPendingReadyList
                0x0000000020000574       0x14 Middlewares/Third_Party/FreeRTOS/Source/tasks.o
 .bss.xTasksWaitingTermination
                0x0000000020000588       0x14 Middlewares/Third_Party/FreeRTOS/Source/tasks.o
 .bss.uxDeletedTasksWaitingCleanUp
                0x000000002000059c        0x4 Middlewares/Third_Party/FreeRTOS/Source/tasks.o
 .bss.xSuspendedTaskList
                0x00000000200005a0       0x14 Middlewares/Third_Party/FreeRTOS/Source/tasks.o
 .bss.uxCurrentNumberOfTasks
                0x00000000200005b4        0x4 Middlewares/Third_Party/FreeRTOS/Source/tasks.o
 .bss.xTickCount
                0x00000000200005b8        0x4 Middlewares/Third_Party/FreeRTOS/Source/tasks.o
 .bss.uxTopReadyPriority
                0x00000000200005bc        0x4 Middlewares/Third_Party/FreeRTOS/Source/tasks.o
 .bss.xSchedulerRunning
                0x00000000200005c0        0x4 Middlewares/Third_Party/FreeRTOS/Source/tasks.o
 .bss.uxPendedTicks
                0x00000000200005c4        0x4 Middlewares/Third_Party/FreeRTOS/Source/tasks.o
 .bss.xYieldPending
                0x00000000200005c8        0x4 Middlewares/Third_Party/FreeRTOS/Source/tasks.o
 .bss.xNumOfOverflows
                0x00000000200005cc        0x4 Middlewares/Third_Party/FreeRTOS/Source/tasks.o
 .bss.uxTaskNumber
                0x00000000200005d0        0x4 Middlewares/Third_Party/FreeRTOS/Source/tasks.o
 .bss.xNextTaskUnblockTime
                0x00000000200005d4        0x4 Middlewares/Third_Party/FreeRTOS/Source/tasks.o
 .bss.xIdleTaskHandle
                0x00000000200005d8        0x4 Middlewares/Third_Party/FreeRTOS/Source/tasks.o
 .bss.uxSchedulerSuspended
                0x00000000200005dc        0x4 Middlewares/Third_Party/FreeRTOS/Source/tasks.o
 .bss.ucMaxSysCallPriority
                0x00000000200005e0        0x1 Middlewares/Third_Party/FreeRTOS/Source/portable/GCC/ARM_CM3/port.o
 *fill*         0x00000000200005e1        0x3 
 .bss.ulMaxPRIGROUPValue
                0x00000000200005e4        0x4 Middlewares/Third_Party/FreeRTOS/Source/portable/GCC/ARM_CM3/port.o
 .bss.ucHeap    0x00000000200005e8      0xc00 Middlewares/Third_Party/FreeRTOS/Source/portable/MemMang/heap_4.o
 .bss.xStart    0x00000000200011e8        0x8 Middlewares/Third_Party/FreeRTOS/Source/portable/MemMang/heap_4.o
 .bss.pxEnd     0x00000000200011f0        0x4 Middlewares/Third_Party/FreeRTOS/Source/portable/MemMang/heap_4.o
 .bss.xFreeBytesRemaining
                0x00000000200011f4        0x4 Middlewares/Third_Party/FreeRTOS/Source/portable/MemMang/heap_4.o
 .bss.xMinimumEverFreeBytesRemaining
                0x00000000200011f8        0x4 Middlewares/Third_Party/FreeRTOS/Source/portable/MemMang/heap_4.o
 .bss.xBlockAllocatedBit
                0x00000000200011fc        0x4 Middlewares/Third_Party/FreeRTOS/Source/portable/MemMang/heap_4.o
 .bss.time_BpUp.9019
                0x0000000020001200        0x4 Src/App.o
 .bss.time_BpDown.9020
                0x0000000020001204        0x4 Src/App.o
 .bss.time_BpOk.9021
                0x0000000020001208        0x4 Src/App.o
 .bss.xIdleTaskTCBBuffer
                0x000000002000120c       0x54 Src/freertos.o
 .bss.xIdleStack
                0x0000000020001260      0x200 Src/freertos.o
 .bss.heap_end.5149
                0x0000000020001460        0x4 Src/sysmem.o
 .bss.__malloc_free_list
                0x0000000020001464        0x4 c:/st/stm32cubeide_1.1.0/stm32cubeide/plugins/com.st.stm32cube.ide.mcu.externaltools.gnu-tools-for-stm32.7-2018-q2-update.win32_1.0.0.201904181610/tools/bin/../lib/gcc/arm-none-eabi/7.3.1/../../../../arm-none-eabi/lib/thumb/v7-m\libc_nano.a(lib_a-nano-mallocr.o)
                0x0000000020001464                __malloc_free_list
 .bss.__malloc_sbrk_start
                0x0000000020001468        0x4 c:/st/stm32cubeide_1.1.0/stm32cubeide/plugins/com.st.stm32cube.ide.mcu.externaltools.gnu-tools-for-stm32.7-2018-q2-update.win32_1.0.0.201904181610/tools/bin/../lib/gcc/arm-none-eabi/7.3.1/../../../../arm-none-eabi/lib/thumb/v7-m\libc_nano.a(lib_a-nano-mallocr.o)
                0x0000000020001468                __malloc_sbrk_start
 *(COMMON)
 COMMON         0x000000002000146c        0x4 Drivers/Devices/Display/ssd1306.o
                0x000000002000146c                ssd1306_i2c
 COMMON         0x0000000020001470        0x4 Drivers/STM32F1xx_HAL_Driver/Src/stm32f1xx_hal.o
                0x0000000020001470                uwTick
 *fill*         0x0000000020001474        0x4 
 COMMON         0x0000000020001478       0x20 Drivers/STM32F1xx_HAL_Driver/Src/stm32f1xx_hal_flash.o
                0x0000000020001478                pFlash
 COMMON         0x0000000020001498      0x400 Drivers/System/Flash_Manager.o
                0x0000000020001498                flash_temp_data
 COMMON         0x0000000020001898       0x3a Middlewares/Protocol/DMX/DMX.o
                0x0000000020001898                dmx_LastTick
                0x000000002000189c                dmx_address_end
                0x00000000200018a0                dmx_buff_valid
                0x00000000200018ac                dmx_ref_uart
                0x00000000200018b0                dmx_Last_Error
                0x00000000200018b1                dmx_address_begin
                0x00000000200018b4                dmx_rx_buff
                0x00000000200018b5                dmx_ref_buffer
                0x00000000200018b6                dmx_cptAddress
                0x00000000200018b8                dmx_buff1
                0x00000000200018c4                dmx_buff2
                0x00000000200018d0                dmx_cptByte
 *fill*         0x00000000200018d2        0x2 
 COMMON         0x00000000200018d4       0x88 Src/App.o
                0x00000000200018d4                LED5_pwmtimer
                0x00000000200018d8                LED9_PWMchannel
                0x00000000200018dc                LED1_PWMchannel
                0x00000000200018e0                Manu_value
                0x00000000200018e1                DMX_signal_OK
                0x00000000200018e4                LED10_pwmtimer
                0x00000000200018e8                FAN_PWMchannel
                0x00000000200018ec                LED2_PWMchannel
                0x00000000200018f0                hi2c_display
                0x00000000200018f4                Bp_Down
                0x00000000200018f8                LED3_pwmtimer
                0x00000000200018fc                LED6_PWMchannel
                0x0000000020001900                DMX_uart
                0x0000000020001904                AppIHMTaskHandle
                0x0000000020001908                LED1_pwmtimer
                0x000000002000190c                LED6_pwmtimer
                0x0000000020001910                Current_Mode
                0x0000000020001914                LED3_PWMchannel
                0x0000000020001918                LED7_pwmtimer
                0x000000002000191c                LED7_PWMchannel
                0x0000000020001920                LED10_PWMchannel
                0x0000000020001924                LED4_pwmtimer
                0x0000000020001928                LED8_PWMchannel
                0x000000002000192c                Bp_Ok
                0x0000000020001930                LED9_pwmtimer
                0x0000000020001934                LED2_pwmtimer
                0x0000000020001938                LED4_PWMchannel
                0x000000002000193c                FAN_pwmtimer
                0x0000000020001940                DMX_values
                0x000000002000194a                Bp_Up
                0x000000002000194c                LED5_PWMchannel
                0x0000000020001950                DMX_Adress
                0x0000000020001954                LED8_pwmtimer
                0x0000000020001958                AppLEDTaskHandle
 COMMON         0x000000002000195c       0x30 Src/adc.o
                0x000000002000195c                hadc1
 COMMON         0x000000002000198c        0x4 Src/freertos.o
                0x000000002000198c                defaultTaskHandle
 COMMON         0x0000000020001990       0x54 Src/i2c.o
                0x0000000020001990                hi2c1
 COMMON         0x00000000200019e4       0xc0 Src/tim.o
                0x00000000200019e4                htim3
                0x0000000020001a24                htim1
                0x0000000020001a64                htim2
 COMMON         0x0000000020001aa4       0x80 Src/usart.o
                0x0000000020001aa4                huart1
                0x0000000020001ae4                huart2
 COMMON         0x0000000020001b24        0x4 c:/st/stm32cubeide_1.1.0/stm32cubeide/plugins/com.st.stm32cube.ide.mcu.externaltools.gnu-tools-for-stm32.7-2018-q2-update.win32_1.0.0.201904181610/tools/bin/../lib/gcc/arm-none-eabi/7.3.1/../../../../arm-none-eabi/lib/thumb/v7-m\libc_nano.a(lib_a-reent.o)
                0x0000000020001b24                errno
                0x0000000020001b28                . = ALIGN (0x4)
                0x0000000020001b28                _ebss = .
                0x0000000020001b28                __bss_end__ = _ebss

._user_heap_stack
                0x0000000020001b28      0x600 load address 0x0000000008009e28
                0x0000000020001b28                . = ALIGN (0x8)
                0x0000000020001b28                PROVIDE (end = .)
                [!provide]                        PROVIDE (_end = .)
                0x0000000020001d28                . = (. + _Min_Heap_Size)
 *fill*         0x0000000020001b28      0x200 
                0x0000000020002128                . = (. + _Min_Stack_Size)
 *fill*         0x0000000020001d28      0x400 
                0x0000000020002128                . = ALIGN (0x8)

/DISCARD/
 libc.a(*)
 libm.a(*)
 libgcc.a(*)

.ARM.attributes
                0x0000000000000000       0x29
 *(.ARM.attributes)
 .ARM.attributes
                0x0000000000000000       0x1d c:/st/stm32cubeide_1.1.0/stm32cubeide/plugins/com.st.stm32cube.ide.mcu.externaltools.gnu-tools-for-stm32.7-2018-q2-update.win32_1.0.0.201904181610/tools/bin/../lib/gcc/arm-none-eabi/7.3.1/thumb/v7-m/crti.o
 .ARM.attributes
                0x000000000000001d       0x2d c:/st/stm32cubeide_1.1.0/stm32cubeide/plugins/com.st.stm32cube.ide.mcu.externaltools.gnu-tools-for-stm32.7-2018-q2-update.win32_1.0.0.201904181610/tools/bin/../lib/gcc/arm-none-eabi/7.3.1/thumb/v7-m/crtbegin.o
 .ARM.attributes
                0x000000000000004a       0x33 Drivers/Devices/Display/__Fonts.o
 .ARM.attributes
                0x000000000000007d       0x33 Drivers/Devices/Display/ssd1306.o
 .ARM.attributes
                0x00000000000000b0       0x33 Drivers/Devices/PWM/PWM.o
 .ARM.attributes
                0x00000000000000e3       0x33 Drivers/STM32F1xx_HAL_Driver/Src/stm32f1xx_hal.o
 .ARM.attributes
                0x0000000000000116       0x33 Drivers/STM32F1xx_HAL_Driver/Src/stm32f1xx_hal_adc.o
 .ARM.attributes
                0x0000000000000149       0x33 Drivers/STM32F1xx_HAL_Driver/Src/stm32f1xx_hal_cortex.o
 .ARM.attributes
                0x000000000000017c       0x33 Drivers/STM32F1xx_HAL_Driver/Src/stm32f1xx_hal_dma.o
 .ARM.attributes
                0x00000000000001af       0x33 Drivers/STM32F1xx_HAL_Driver/Src/stm32f1xx_hal_flash.o
 .ARM.attributes
                0x00000000000001e2       0x33 Drivers/STM32F1xx_HAL_Driver/Src/stm32f1xx_hal_flash_ex.o
 .ARM.attributes
                0x0000000000000215       0x33 Drivers/STM32F1xx_HAL_Driver/Src/stm32f1xx_hal_gpio.o
 .ARM.attributes
                0x0000000000000248       0x33 Drivers/STM32F1xx_HAL_Driver/Src/stm32f1xx_hal_i2c.o
 .ARM.attributes
                0x000000000000027b       0x33 Drivers/STM32F1xx_HAL_Driver/Src/stm32f1xx_hal_rcc.o
 .ARM.attributes
                0x00000000000002ae       0x33 Drivers/STM32F1xx_HAL_Driver/Src/stm32f1xx_hal_rcc_ex.o
 .ARM.attributes
                0x00000000000002e1       0x33 Drivers/STM32F1xx_HAL_Driver/Src/stm32f1xx_hal_tim.o
 .ARM.attributes
                0x0000000000000314       0x33 Drivers/STM32F1xx_HAL_Driver/Src/stm32f1xx_hal_tim_ex.o
 .ARM.attributes
                0x0000000000000347       0x33 Drivers/STM32F1xx_HAL_Driver/Src/stm32f1xx_hal_uart.o
 .ARM.attributes
                0x000000000000037a       0x33 Drivers/System/Flash_Manager.o
 .ARM.attributes
                0x00000000000003ad       0x33 Middlewares/Protocol/DMX/DMX.o
 .ARM.attributes
                0x00000000000003e0       0x33 Middlewares/Third_Party/FreeRTOS/Source/CMSIS_RTOS/cmsis_os.o
 .ARM.attributes
                0x0000000000000413       0x33 Middlewares/Third_Party/FreeRTOS/Source/list.o
 .ARM.attributes
                0x0000000000000446       0x33 Middlewares/Third_Party/FreeRTOS/Source/tasks.o
 .ARM.attributes
                0x0000000000000479       0x33 Middlewares/Third_Party/FreeRTOS/Source/portable/GCC/ARM_CM3/port.o
 .ARM.attributes
                0x00000000000004ac       0x33 Middlewares/Third_Party/FreeRTOS/Source/portable/MemMang/heap_4.o
 .ARM.attributes
                0x00000000000004df       0x33 Src/App.o
 .ARM.attributes
                0x0000000000000512       0x33 Src/adc.o
 .ARM.attributes
                0x0000000000000545       0x33 Src/freertos.o
 .ARM.attributes
                0x0000000000000578       0x33 Src/gpio.o
 .ARM.attributes
                0x00000000000005ab       0x33 Src/i2c.o
 .ARM.attributes
                0x00000000000005de       0x33 Src/main.o
 .ARM.attributes
                0x0000000000000611       0x33 Src/stm32f1xx_hal_msp.o
 .ARM.attributes
                0x0000000000000644       0x33 Src/stm32f1xx_it.o
 .ARM.attributes
                0x0000000000000677       0x33 Src/sysmem.o
 .ARM.attributes
                0x00000000000006aa       0x33 Src/system_stm32f1xx.o
 .ARM.attributes
                0x00000000000006dd       0x33 Src/tim.o
 .ARM.attributes
                0x0000000000000710       0x33 Src/usart.o
 .ARM.attributes
                0x0000000000000743       0x21 Startup/startup_stm32f103c8tx.o
 .ARM.attributes
                0x0000000000000764       0x2d c:/st/stm32cubeide_1.1.0/stm32cubeide/plugins/com.st.stm32cube.ide.mcu.externaltools.gnu-tools-for-stm32.7-2018-q2-update.win32_1.0.0.201904181610/tools/bin/../lib/gcc/arm-none-eabi/7.3.1/../../../../arm-none-eabi/lib/thumb/v7-m\libc_nano.a(lib_a-errno.o)
 .ARM.attributes
                0x0000000000000791       0x2d c:/st/stm32cubeide_1.1.0/stm32cubeide/plugins/com.st.stm32cube.ide.mcu.externaltools.gnu-tools-for-stm32.7-2018-q2-update.win32_1.0.0.201904181610/tools/bin/../lib/gcc/arm-none-eabi/7.3.1/../../../../arm-none-eabi/lib/thumb/v7-m\libc_nano.a(lib_a-impure.o)
 .ARM.attributes
                0x00000000000007be       0x2d c:/st/stm32cubeide_1.1.0/stm32cubeide/plugins/com.st.stm32cube.ide.mcu.externaltools.gnu-tools-for-stm32.7-2018-q2-update.win32_1.0.0.201904181610/tools/bin/../lib/gcc/arm-none-eabi/7.3.1/../../../../arm-none-eabi/lib/thumb/v7-m\libc_nano.a(lib_a-init.o)
 .ARM.attributes
                0x00000000000007eb       0x2d c:/st/stm32cubeide_1.1.0/stm32cubeide/plugins/com.st.stm32cube.ide.mcu.externaltools.gnu-tools-for-stm32.7-2018-q2-update.win32_1.0.0.201904181610/tools/bin/../lib/gcc/arm-none-eabi/7.3.1/../../../../arm-none-eabi/lib/thumb/v7-m\libc_nano.a(lib_a-memcpy-stub.o)
 .ARM.attributes
                0x0000000000000818       0x2d c:/st/stm32cubeide_1.1.0/stm32cubeide/plugins/com.st.stm32cube.ide.mcu.externaltools.gnu-tools-for-stm32.7-2018-q2-update.win32_1.0.0.201904181610/tools/bin/../lib/gcc/arm-none-eabi/7.3.1/../../../../arm-none-eabi/lib/thumb/v7-m\libc_nano.a(lib_a-memset.o)
 .ARM.attributes
                0x0000000000000845       0x2d c:/st/stm32cubeide_1.1.0/stm32cubeide/plugins/com.st.stm32cube.ide.mcu.externaltools.gnu-tools-for-stm32.7-2018-q2-update.win32_1.0.0.201904181610/tools/bin/../lib/gcc/arm-none-eabi/7.3.1/../../../../arm-none-eabi/lib/thumb/v7-m\libc_nano.a(lib_a-sprintf.o)
 .ARM.attributes
                0x0000000000000872       0x2d c:/st/stm32cubeide_1.1.0/stm32cubeide/plugins/com.st.stm32cube.ide.mcu.externaltools.gnu-tools-for-stm32.7-2018-q2-update.win32_1.0.0.201904181610/tools/bin/../lib/gcc/arm-none-eabi/7.3.1/../../../../arm-none-eabi/lib/thumb/v7-m\libc_nano.a(lib_a-nano-svfprintf.o)
 .ARM.attributes
                0x000000000000089f       0x2d c:/st/stm32cubeide_1.1.0/stm32cubeide/plugins/com.st.stm32cube.ide.mcu.externaltools.gnu-tools-for-stm32.7-2018-q2-update.win32_1.0.0.201904181610/tools/bin/../lib/gcc/arm-none-eabi/7.3.1/../../../../arm-none-eabi/lib/thumb/v7-m\libc_nano.a(lib_a-nano-vfprintf_i.o)
 .ARM.attributes
                0x00000000000008cc       0x2d c:/st/stm32cubeide_1.1.0/stm32cubeide/plugins/com.st.stm32cube.ide.mcu.externaltools.gnu-tools-for-stm32.7-2018-q2-update.win32_1.0.0.201904181610/tools/bin/../lib/gcc/arm-none-eabi/7.3.1/../../../../arm-none-eabi/lib/thumb/v7-m\libc_nano.a(lib_a-memchr-stub.o)
 .ARM.attributes
                0x00000000000008f9       0x2d c:/st/stm32cubeide_1.1.0/stm32cubeide/plugins/com.st.stm32cube.ide.mcu.externaltools.gnu-tools-for-stm32.7-2018-q2-update.win32_1.0.0.201904181610/tools/bin/../lib/gcc/arm-none-eabi/7.3.1/../../../../arm-none-eabi/lib/thumb/v7-m\libc_nano.a(lib_a-memmove.o)
 .ARM.attributes
                0x0000000000000926       0x2d c:/st/stm32cubeide_1.1.0/stm32cubeide/plugins/com.st.stm32cube.ide.mcu.externaltools.gnu-tools-for-stm32.7-2018-q2-update.win32_1.0.0.201904181610/tools/bin/../lib/gcc/arm-none-eabi/7.3.1/../../../../arm-none-eabi/lib/thumb/v7-m\libc_nano.a(lib_a-nano-freer.o)
 .ARM.attributes
                0x0000000000000953       0x2d c:/st/stm32cubeide_1.1.0/stm32cubeide/plugins/com.st.stm32cube.ide.mcu.externaltools.gnu-tools-for-stm32.7-2018-q2-update.win32_1.0.0.201904181610/tools/bin/../lib/gcc/arm-none-eabi/7.3.1/../../../../arm-none-eabi/lib/thumb/v7-m\libc_nano.a(lib_a-nano-mallocr.o)
 .ARM.attributes
                0x0000000000000980       0x2d c:/st/stm32cubeide_1.1.0/stm32cubeide/plugins/com.st.stm32cube.ide.mcu.externaltools.gnu-tools-for-stm32.7-2018-q2-update.win32_1.0.0.201904181610/tools/bin/../lib/gcc/arm-none-eabi/7.3.1/../../../../arm-none-eabi/lib/thumb/v7-m\libc_nano.a(lib_a-nano-reallocr.o)
 .ARM.attributes
                0x00000000000009ad       0x2d c:/st/stm32cubeide_1.1.0/stm32cubeide/plugins/com.st.stm32cube.ide.mcu.externaltools.gnu-tools-for-stm32.7-2018-q2-update.win32_1.0.0.201904181610/tools/bin/../lib/gcc/arm-none-eabi/7.3.1/../../../../arm-none-eabi/lib/thumb/v7-m\libc_nano.a(lib_a-sbrkr.o)
 .ARM.attributes
                0x00000000000009da       0x2d c:/st/stm32cubeide_1.1.0/stm32cubeide/plugins/com.st.stm32cube.ide.mcu.externaltools.gnu-tools-for-stm32.7-2018-q2-update.win32_1.0.0.201904181610/tools/bin/../lib/gcc/arm-none-eabi/7.3.1/../../../../arm-none-eabi/lib/thumb/v7-m\libc_nano.a(lib_a-mlock.o)
 .ARM.attributes
                0x0000000000000a07       0x2d c:/st/stm32cubeide_1.1.0/stm32cubeide/plugins/com.st.stm32cube.ide.mcu.externaltools.gnu-tools-for-stm32.7-2018-q2-update.win32_1.0.0.201904181610/tools/bin/../lib/gcc/arm-none-eabi/7.3.1/../../../../arm-none-eabi/lib/thumb/v7-m\libc_nano.a(lib_a-nano-msizer.o)
 .ARM.attributes
                0x0000000000000a34       0x2d c:/st/stm32cubeide_1.1.0/stm32cubeide/plugins/com.st.stm32cube.ide.mcu.externaltools.gnu-tools-for-stm32.7-2018-q2-update.win32_1.0.0.201904181610/tools/bin/../lib/gcc/arm-none-eabi/7.3.1/../../../../arm-none-eabi/lib/thumb/v7-m\libc_nano.a(lib_a-reent.o)
 .ARM.attributes
                0x0000000000000a61       0x1d c:/st/stm32cubeide_1.1.0/stm32cubeide/plugins/com.st.stm32cube.ide.mcu.externaltools.gnu-tools-for-stm32.7-2018-q2-update.win32_1.0.0.201904181610/tools/bin/../lib/gcc/arm-none-eabi/7.3.1/thumb/v7-m/crtn.o
OUTPUT(Sunstrip_LED.elf elf32-littlearm)

.debug_info     0x0000000000000000    0x1b709
 .debug_info    0x0000000000000000      0xb0c Drivers/Devices/Display/__Fonts.o
 .debug_info    0x0000000000000b0c     0x188f Drivers/Devices/Display/ssd1306.o
 .debug_info    0x000000000000239b      0x70d Drivers/Devices/PWM/PWM.o
 .debug_info    0x0000000000002aa8      0x6fe Drivers/STM32F1xx_HAL_Driver/Src/stm32f1xx_hal.o
 .debug_info    0x00000000000031a6      0xc61 Drivers/STM32F1xx_HAL_Driver/Src/stm32f1xx_hal_adc.o
 .debug_info    0x0000000000003e07      0xb46 Drivers/STM32F1xx_HAL_Driver/Src/stm32f1xx_hal_cortex.o
 .debug_info    0x000000000000494d      0x7a6 Drivers/STM32F1xx_HAL_Driver/Src/stm32f1xx_hal_dma.o
 .debug_info    0x00000000000050f3      0x599 Drivers/STM32F1xx_HAL_Driver/Src/stm32f1xx_hal_flash.o
 .debug_info    0x000000000000568c      0x81c Drivers/STM32F1xx_HAL_Driver/Src/stm32f1xx_hal_flash_ex.o
 .debug_info    0x0000000000005ea8      0x681 Drivers/STM32F1xx_HAL_Driver/Src/stm32f1xx_hal_gpio.o
 .debug_info    0x0000000000006529     0x2457 Drivers/STM32F1xx_HAL_Driver/Src/stm32f1xx_hal_i2c.o
 .debug_info    0x0000000000008980      0x804 Drivers/STM32F1xx_HAL_Driver/Src/stm32f1xx_hal_rcc.o
 .debug_info    0x0000000000009184      0x439 Drivers/STM32F1xx_HAL_Driver/Src/stm32f1xx_hal_rcc_ex.o
 .debug_info    0x00000000000095bd     0x2456 Drivers/STM32F1xx_HAL_Driver/Src/stm32f1xx_hal_tim.o
 .debug_info    0x000000000000ba13     0x1104 Drivers/STM32F1xx_HAL_Driver/Src/stm32f1xx_hal_tim_ex.o
 .debug_info    0x000000000000cb17     0x11e3 Drivers/STM32F1xx_HAL_Driver/Src/stm32f1xx_hal_uart.o
 .debug_info    0x000000000000dcfa      0x402 Drivers/System/Flash_Manager.o
 .debug_info    0x000000000000e0fc      0x73d Middlewares/Protocol/DMX/DMX.o
 .debug_info    0x000000000000e839     0x1e5d Middlewares/Third_Party/FreeRTOS/Source/CMSIS_RTOS/cmsis_os.o
 .debug_info    0x0000000000010696      0xac5 Middlewares/Third_Party/FreeRTOS/Source/list.o
 .debug_info    0x000000000001115b     0x243c Middlewares/Third_Party/FreeRTOS/Source/tasks.o
 .debug_info    0x0000000000013597      0x4d2 Middlewares/Third_Party/FreeRTOS/Source/portable/GCC/ARM_CM3/port.o
 .debug_info    0x0000000000013a69      0xbea Middlewares/Third_Party/FreeRTOS/Source/portable/MemMang/heap_4.o
 .debug_info    0x0000000000014653     0x1a32 Src/App.o
 .debug_info    0x0000000000016085      0x80a Src/adc.o
 .debug_info    0x000000000001688f      0x4a1 Src/freertos.o
 .debug_info    0x0000000000016d30      0x36e Src/gpio.o
 .debug_info    0x000000000001709e      0x8c3 Src/i2c.o
 .debug_info    0x0000000000017961     0x1036 Src/main.o
 .debug_info    0x0000000000018997      0x411 Src/stm32f1xx_hal_msp.o
 .debug_info    0x0000000000018da8      0x622 Src/stm32f1xx_it.o
 .debug_info    0x00000000000193ca      0x91c Src/sysmem.o
 .debug_info    0x0000000000019ce6      0x437 Src/system_stm32f1xx.o
 .debug_info    0x000000000001a11d      0xbf3 Src/tim.o
 .debug_info    0x000000000001ad10      0x9d7 Src/usart.o
 .debug_info    0x000000000001b6e7       0x22 Startup/startup_stm32f103c8tx.o

.debug_abbrev   0x0000000000000000     0x4487
 .debug_abbrev  0x0000000000000000      0x1de Drivers/Devices/Display/__Fonts.o
 .debug_abbrev  0x00000000000001de      0x325 Drivers/Devices/Display/ssd1306.o
 .debug_abbrev  0x0000000000000503      0x17a Drivers/Devices/PWM/PWM.o
 .debug_abbrev  0x000000000000067d      0x1d8 Drivers/STM32F1xx_HAL_Driver/Src/stm32f1xx_hal.o
 .debug_abbrev  0x0000000000000855      0x1d5 Drivers/STM32F1xx_HAL_Driver/Src/stm32f1xx_hal_adc.o
 .debug_abbrev  0x0000000000000a2a      0x2d5 Drivers/STM32F1xx_HAL_Driver/Src/stm32f1xx_hal_cortex.o
 .debug_abbrev  0x0000000000000cff      0x1fe Drivers/STM32F1xx_HAL_Driver/Src/stm32f1xx_hal_dma.o
 .debug_abbrev  0x0000000000000efd      0x210 Drivers/STM32F1xx_HAL_Driver/Src/stm32f1xx_hal_flash.o
 .debug_abbrev  0x000000000000110d      0x21b Drivers/STM32F1xx_HAL_Driver/Src/stm32f1xx_hal_flash_ex.o
 .debug_abbrev  0x0000000000001328      0x1c0 Drivers/STM32F1xx_HAL_Driver/Src/stm32f1xx_hal_gpio.o
 .debug_abbrev  0x00000000000014e8      0x258 Drivers/STM32F1xx_HAL_Driver/Src/stm32f1xx_hal_i2c.o
 .debug_abbrev  0x0000000000001740      0x243 Drivers/STM32F1xx_HAL_Driver/Src/stm32f1xx_hal_rcc.o
 .debug_abbrev  0x0000000000001983      0x175 Drivers/STM32F1xx_HAL_Driver/Src/stm32f1xx_hal_rcc_ex.o
 .debug_abbrev  0x0000000000001af8      0x230 Drivers/STM32F1xx_HAL_Driver/Src/stm32f1xx_hal_tim.o
 .debug_abbrev  0x0000000000001d28      0x21e Drivers/STM32F1xx_HAL_Driver/Src/stm32f1xx_hal_tim_ex.o
 .debug_abbrev  0x0000000000001f46      0x242 Drivers/STM32F1xx_HAL_Driver/Src/stm32f1xx_hal_uart.o
 .debug_abbrev  0x0000000000002188      0x13c Drivers/System/Flash_Manager.o
 .debug_abbrev  0x00000000000022c4      0x1bf Middlewares/Protocol/DMX/DMX.o
 .debug_abbrev  0x0000000000002483      0x379 Middlewares/Third_Party/FreeRTOS/Source/CMSIS_RTOS/cmsis_os.o
 .debug_abbrev  0x00000000000027fc      0x1cf Middlewares/Third_Party/FreeRTOS/Source/list.o
 .debug_abbrev  0x00000000000029cb      0x338 Middlewares/Third_Party/FreeRTOS/Source/tasks.o
 .debug_abbrev  0x0000000000002d03      0x205 Middlewares/Third_Party/FreeRTOS/Source/portable/GCC/ARM_CM3/port.o
 .debug_abbrev  0x0000000000002f08      0x29e Middlewares/Third_Party/FreeRTOS/Source/portable/MemMang/heap_4.o
 .debug_abbrev  0x00000000000031a6      0x28a Src/App.o
 .debug_abbrev  0x0000000000003430      0x199 Src/adc.o
 .debug_abbrev  0x00000000000035c9      0x152 Src/freertos.o
 .debug_abbrev  0x000000000000371b      0x134 Src/gpio.o
 .debug_abbrev  0x000000000000384f      0x199 Src/i2c.o
 .debug_abbrev  0x00000000000039e8      0x1a5 Src/main.o
 .debug_abbrev  0x0000000000003b8d      0x112 Src/stm32f1xx_hal_msp.o
 .debug_abbrev  0x0000000000003c9f      0x149 Src/stm32f1xx_it.o
 .debug_abbrev  0x0000000000003de8      0x1bb Src/sysmem.o
 .debug_abbrev  0x0000000000003fa3      0x134 Src/system_stm32f1xx.o
 .debug_abbrev  0x00000000000040d7      0x1fc Src/tim.o
 .debug_abbrev  0x00000000000042d3      0x1a2 Src/usart.o
 .debug_abbrev  0x0000000000004475       0x12 Startup/startup_stm32f103c8tx.o

.debug_aranges  0x0000000000000000     0x17d8
 .debug_aranges
                0x0000000000000000       0x20 Drivers/Devices/Display/__Fonts.o
 .debug_aranges
                0x0000000000000020       0xf8 Drivers/Devices/Display/ssd1306.o
 .debug_aranges
                0x0000000000000118       0x28 Drivers/Devices/PWM/PWM.o
 .debug_aranges
                0x0000000000000140       0xe0 Drivers/STM32F1xx_HAL_Driver/Src/stm32f1xx_hal.o
 .debug_aranges
                0x0000000000000220       0xf0 Drivers/STM32F1xx_HAL_Driver/Src/stm32f1xx_hal_adc.o
 .debug_aranges
                0x0000000000000310      0x100 Drivers/STM32F1xx_HAL_Driver/Src/stm32f1xx_hal_cortex.o
 .debug_aranges
                0x0000000000000410       0x80 Drivers/STM32F1xx_HAL_Driver/Src/stm32f1xx_hal_dma.o
 .debug_aranges
                0x0000000000000490       0x88 Drivers/STM32F1xx_HAL_Driver/Src/stm32f1xx_hal_flash.o
 .debug_aranges
                0x0000000000000518       0x98 Drivers/STM32F1xx_HAL_Driver/Src/stm32f1xx_hal_flash_ex.o
 .debug_aranges
                0x00000000000005b0       0x58 Drivers/STM32F1xx_HAL_Driver/Src/stm32f1xx_hal_gpio.o
 .debug_aranges
                0x0000000000000608      0x290 Drivers/STM32F1xx_HAL_Driver/Src/stm32f1xx_hal_i2c.o
 .debug_aranges
                0x0000000000000898       0x90 Drivers/STM32F1xx_HAL_Driver/Src/stm32f1xx_hal_rcc.o
 .debug_aranges
                0x0000000000000928       0x30 Drivers/STM32F1xx_HAL_Driver/Src/stm32f1xx_hal_rcc_ex.o
 .debug_aranges
                0x0000000000000958      0x3a8 Drivers/STM32F1xx_HAL_Driver/Src/stm32f1xx_hal_tim.o
 .debug_aranges
                0x0000000000000d00      0x150 Drivers/STM32F1xx_HAL_Driver/Src/stm32f1xx_hal_tim_ex.o
 .debug_aranges
                0x0000000000000e50      0x1d0 Drivers/STM32F1xx_HAL_Driver/Src/stm32f1xx_hal_uart.o
 .debug_aranges
                0x0000000000001020       0x40 Drivers/System/Flash_Manager.o
 .debug_aranges
                0x0000000000001060       0x38 Middlewares/Protocol/DMX/DMX.o
 .debug_aranges
                0x0000000000001098      0x1d8 Middlewares/Third_Party/FreeRTOS/Source/CMSIS_RTOS/cmsis_os.o
 .debug_aranges
                0x0000000000001270       0x40 Middlewares/Third_Party/FreeRTOS/Source/list.o
 .debug_aranges
                0x00000000000012b0      0x1a8 Middlewares/Third_Party/FreeRTOS/Source/tasks.o
 .debug_aranges
                0x0000000000001458       0x78 Middlewares/Third_Party/FreeRTOS/Source/portable/GCC/ARM_CM3/port.o
 .debug_aranges
                0x00000000000014d0       0x50 Middlewares/Third_Party/FreeRTOS/Source/portable/MemMang/heap_4.o
 .debug_aranges
                0x0000000000001520       0x60 Src/App.o
 .debug_aranges
                0x0000000000001580       0x30 Src/adc.o
 .debug_aranges
                0x00000000000015b0       0x30 Src/freertos.o
 .debug_aranges
                0x00000000000015e0       0x20 Src/gpio.o
 .debug_aranges
                0x0000000000001600       0x30 Src/i2c.o
 .debug_aranges
                0x0000000000001630       0x30 Src/main.o
 .debug_aranges
                0x0000000000001660       0x20 Src/stm32f1xx_hal_msp.o
 .debug_aranges
                0x0000000000001680       0x58 Src/stm32f1xx_it.o
 .debug_aranges
                0x00000000000016d8       0x20 Src/sysmem.o
 .debug_aranges
                0x00000000000016f8       0x28 Src/system_stm32f1xx.o
 .debug_aranges
                0x0000000000001720       0x58 Src/tim.o
 .debug_aranges
                0x0000000000001778       0x38 Src/usart.o
 .debug_aranges
                0x00000000000017b0       0x28 Startup/startup_stm32f103c8tx.o

.debug_ranges   0x0000000000000000     0x15c0
 .debug_ranges  0x0000000000000000       0x10 Drivers/Devices/Display/__Fonts.o
 .debug_ranges  0x0000000000000010       0xe8 Drivers/Devices/Display/ssd1306.o
 .debug_ranges  0x00000000000000f8       0x18 Drivers/Devices/PWM/PWM.o
 .debug_ranges  0x0000000000000110       0xd0 Drivers/STM32F1xx_HAL_Driver/Src/stm32f1xx_hal.o
 .debug_ranges  0x00000000000001e0       0xe0 Drivers/STM32F1xx_HAL_Driver/Src/stm32f1xx_hal_adc.o
 .debug_ranges  0x00000000000002c0       0xf0 Drivers/STM32F1xx_HAL_Driver/Src/stm32f1xx_hal_cortex.o
 .debug_ranges  0x00000000000003b0       0x70 Drivers/STM32F1xx_HAL_Driver/Src/stm32f1xx_hal_dma.o
 .debug_ranges  0x0000000000000420       0x78 Drivers/STM32F1xx_HAL_Driver/Src/stm32f1xx_hal_flash.o
 .debug_ranges  0x0000000000000498       0x88 Drivers/STM32F1xx_HAL_Driver/Src/stm32f1xx_hal_flash_ex.o
 .debug_ranges  0x0000000000000520       0x48 Drivers/STM32F1xx_HAL_Driver/Src/stm32f1xx_hal_gpio.o
 .debug_ranges  0x0000000000000568      0x2a0 Drivers/STM32F1xx_HAL_Driver/Src/stm32f1xx_hal_i2c.o
 .debug_ranges  0x0000000000000808       0x80 Drivers/STM32F1xx_HAL_Driver/Src/stm32f1xx_hal_rcc.o
 .debug_ranges  0x0000000000000888       0x20 Drivers/STM32F1xx_HAL_Driver/Src/stm32f1xx_hal_rcc_ex.o
 .debug_ranges  0x00000000000008a8      0x398 Drivers/STM32F1xx_HAL_Driver/Src/stm32f1xx_hal_tim.o
 .debug_ranges  0x0000000000000c40      0x140 Drivers/STM32F1xx_HAL_Driver/Src/stm32f1xx_hal_tim_ex.o
 .debug_ranges  0x0000000000000d80      0x1c0 Drivers/STM32F1xx_HAL_Driver/Src/stm32f1xx_hal_uart.o
 .debug_ranges  0x0000000000000f40       0x30 Drivers/System/Flash_Manager.o
 .debug_ranges  0x0000000000000f70       0x28 Middlewares/Protocol/DMX/DMX.o
 .debug_ranges  0x0000000000000f98      0x1c8 Middlewares/Third_Party/FreeRTOS/Source/CMSIS_RTOS/cmsis_os.o
 .debug_ranges  0x0000000000001160       0x30 Middlewares/Third_Party/FreeRTOS/Source/list.o
 .debug_ranges  0x0000000000001190      0x198 Middlewares/Third_Party/FreeRTOS/Source/tasks.o
 .debug_ranges  0x0000000000001328       0x68 Middlewares/Third_Party/FreeRTOS/Source/portable/GCC/ARM_CM3/port.o
 .debug_ranges  0x0000000000001390       0x40 Middlewares/Third_Party/FreeRTOS/Source/portable/MemMang/heap_4.o
 .debug_ranges  0x00000000000013d0       0x50 Src/App.o
 .debug_ranges  0x0000000000001420       0x20 Src/adc.o
 .debug_ranges  0x0000000000001440       0x20 Src/freertos.o
 .debug_ranges  0x0000000000001460       0x10 Src/gpio.o
 .debug_ranges  0x0000000000001470       0x20 Src/i2c.o
 .debug_ranges  0x0000000000001490       0x20 Src/main.o
 .debug_ranges  0x00000000000014b0       0x10 Src/stm32f1xx_hal_msp.o
 .debug_ranges  0x00000000000014c0       0x48 Src/stm32f1xx_it.o
 .debug_ranges  0x0000000000001508       0x10 Src/sysmem.o
 .debug_ranges  0x0000000000001518       0x18 Src/system_stm32f1xx.o
 .debug_ranges  0x0000000000001530       0x48 Src/tim.o
 .debug_ranges  0x0000000000001578       0x28 Src/usart.o
 .debug_ranges  0x00000000000015a0       0x20 Startup/startup_stm32f103c8tx.o

.debug_macro    0x0000000000000000    0x191d0
 .debug_macro   0x0000000000000000      0x283 Drivers/Devices/Display/__Fonts.o
 .debug_macro   0x0000000000000283      0xa5a Drivers/Devices/Display/__Fonts.o
 .debug_macro   0x0000000000000cdd      0x227 Drivers/Devices/Display/__Fonts.o
 .debug_macro   0x0000000000000f04       0x2e Drivers/Devices/Display/__Fonts.o
 .debug_macro   0x0000000000000f32       0x22 Drivers/Devices/Display/__Fonts.o
 .debug_macro   0x0000000000000f54       0x22 Drivers/Devices/Display/__Fonts.o
 .debug_macro   0x0000000000000f76       0x8e Drivers/Devices/Display/__Fonts.o
 .debug_macro   0x0000000000001004       0x51 Drivers/Devices/Display/__Fonts.o
 .debug_macro   0x0000000000001055       0xef Drivers/Devices/Display/__Fonts.o
 .debug_macro   0x0000000000001144       0x6a Drivers/Devices/Display/__Fonts.o
 .debug_macro   0x00000000000011ae      0x1df Drivers/Devices/Display/__Fonts.o
 .debug_macro   0x000000000000138d       0x1c Drivers/Devices/Display/__Fonts.o
 .debug_macro   0x00000000000013a9       0x22 Drivers/Devices/Display/__Fonts.o
 .debug_macro   0x00000000000013cb       0xc3 Drivers/Devices/Display/__Fonts.o
 .debug_macro   0x000000000000148e      0xd23 Drivers/Devices/Display/__Fonts.o
 .debug_macro   0x00000000000021b1     0xe09e Drivers/Devices/Display/__Fonts.o
 .debug_macro   0x000000000001024f       0x43 Drivers/Devices/Display/__Fonts.o
 .debug_macro   0x0000000000010292      0x174 Drivers/Devices/Display/__Fonts.o
 .debug_macro   0x0000000000010406       0x5a Drivers/Devices/Display/__Fonts.o
 .debug_macro   0x0000000000010460      0x5be Drivers/Devices/Display/__Fonts.o
 .debug_macro   0x0000000000010a1e      0x289 Drivers/Devices/Display/__Fonts.o
 .debug_macro   0x0000000000010ca7      0x1cb Drivers/Devices/Display/__Fonts.o
 .debug_macro   0x0000000000010e72      0x114 Drivers/Devices/Display/__Fonts.o
 .debug_macro   0x0000000000010f86      0x1b2 Drivers/Devices/Display/__Fonts.o
 .debug_macro   0x0000000000011138       0x27 Drivers/Devices/Display/__Fonts.o
 .debug_macro   0x000000000001115f      0x136 Drivers/Devices/Display/__Fonts.o
 .debug_macro   0x0000000000011295      0x1bc Drivers/Devices/Display/__Fonts.o
 .debug_macro   0x0000000000011451       0x34 Drivers/Devices/Display/__Fonts.o
 .debug_macro   0x0000000000011485       0x3c Drivers/Devices/Display/__Fonts.o
 .debug_macro   0x00000000000114c1       0x57 Drivers/Devices/Display/__Fonts.o
 .debug_macro   0x0000000000011518      0x46a Drivers/Devices/Display/__Fonts.o
 .debug_macro   0x0000000000011982      0x1b5 Drivers/Devices/Display/__Fonts.o
 .debug_macro   0x0000000000011b37       0x88 Drivers/Devices/Display/__Fonts.o
 .debug_macro   0x0000000000011bbf      0x241 Drivers/Devices/Display/__Fonts.o
 .debug_macro   0x0000000000011e00      0x280 Drivers/Devices/Display/__Fonts.o
 .debug_macro   0x0000000000012080      0x141 Drivers/Devices/Display/__Fonts.o
 .debug_macro   0x00000000000121c1      0x88b Drivers/Devices/Display/__Fonts.o
 .debug_macro   0x0000000000012a4c      0x26b Drivers/Devices/Display/__Fonts.o
 .debug_macro   0x0000000000012cb7       0x83 Drivers/Devices/Display/__Fonts.o
 .debug_macro   0x0000000000012d3a       0x46 Drivers/Devices/Display/__Fonts.o
 .debug_macro   0x0000000000012d80       0x18 Drivers/Devices/Display/__Fonts.o
 .debug_macro   0x0000000000012d98       0x3c Drivers/Devices/Display/__Fonts.o
 .debug_macro   0x0000000000012dd4       0x34 Drivers/Devices/Display/__Fonts.o
 .debug_macro   0x0000000000012e08       0x52 Drivers/Devices/Display/__Fonts.o
 .debug_macro   0x0000000000012e5a       0x1f Drivers/Devices/Display/__Fonts.o
 .debug_macro   0x0000000000012e79       0x43 Drivers/Devices/Display/__Fonts.o
 .debug_macro   0x0000000000012ebc       0x20 Drivers/Devices/Display/__Fonts.o
 .debug_macro   0x0000000000012edc      0x1a3 Drivers/Devices/Display/__Fonts.o
 .debug_macro   0x000000000001307f      0x32a Drivers/Devices/Display/__Fonts.o
 .debug_macro   0x00000000000133a9       0x10 Drivers/Devices/Display/__Fonts.o
 .debug_macro   0x00000000000133b9       0x35 Drivers/Devices/Display/__Fonts.o
 .debug_macro   0x00000000000133ee       0x20 Drivers/Devices/Display/__Fonts.o
 .debug_macro   0x000000000001340e      0x2d8 Drivers/Devices/Display/ssd1306.o