ssd1306.c:624:6:ssd1306_I2C_WriteMulti.constprop	272	static
ssd1306.c:40:6:SSD1306_ScrollRight	48	static
ssd1306.c:53:6:SSD1306_ScrollLeft	48	static
ssd1306.c:66:6:SSD1306_Scrolldiagright	48	static
ssd1306.c:82:6:SSD1306_Scrolldiagleft	48	static
ssd1306.c:98:6:SSD1306_Stopscroll	24	static
ssd1306.c:105:6:SSD1306_InvertDisplay	24	static
ssd1306.c:114:6:SSD1306_DrawBitmap	64	static
ssd1306.c:144:9:SSD1306_Init	296	static
ssd1306.c:212:6:SSD1306_UpdateScreen	40	static
ssd1306.c:225:6:SSD1306_ToggleInvert	0	static
ssd1306.c:237:6:SSD1306_Fill	0	static
ssd1306.c:242:6:SSD1306_DrawPixel	8	static
ssd1306.c:264:6:SSD1306_GotoXY	0	static
ssd1306.c:270:6:SSD1306_Putc	56	static
ssd1306.c:301:6:SSD1306_Puts	64	static
ssd1306.c:319:6:SSD1306_DrawLine	48	static
ssd1306.c:403:6:SSD1306_DrawRectangle	32	static
ssd1306.c:428:6:SSD1306_DrawFilledRectangle	48	static
ssd1306.c:455:6:SSD1306_DrawTriangle	56	static
ssd1306.c:463:6:SSD1306_DrawFilledTriangle	88	static
ssd1306.c:519:6:SSD1306_DrawCircle	64	static
ssd1306.c:553:6:SSD1306_DrawFilledCircle	64	static
ssd1306.c:586:6:SSD1306_Clear	40	static
ssd1306.c:591:6:SSD1306_ON	40	static
ssd1306.c:596:6:SSD1306_OFF	40	static
ssd1306.c:612:6:ssd1306_I2C_Init	0	static
ssd1306.c:624:6:ssd1306_I2C_WriteMulti	288	static
ssd1306.c:634:6:ssd1306_I2C_Write	24	static
