ssd1306.c:42:6:SSD1306_ScrollRight	32	static
ssd1306.c:55:6:SSD1306_ScrollLeft	32	static
ssd1306.c:68:6:SSD1306_Scrolldiagright	32	static
ssd1306.c:84:6:SSD1306_Scrolldiagleft	32	static
ssd1306.c:100:6:SSD1306_Stopscroll	16	static
ssd1306.c:107:6:SSD1306_InvertDisplay	16	static
ssd1306.c:116:6:SSD1306_DrawBitmap	64	static
ssd1306.c:159:10:SSD1306_Init	280	static
ssd1306.c:220:6:SSD1306_UpdateScreen	280	static
ssd1306.c:233:6:SSD1306_ToggleInvert	0	static
ssd1306.c:245:6:SSD1306_Fill	0	static
ssd1306.c:250:6:SSD1306_DrawPixel	8	static
ssd1306.c:272:6:SSD1306_GotoXY	0	static
ssd1306.c:278:6:SSD1306_Putc	56	static
ssd1306.c:309:6:SSD1306_Puts	64	static
ssd1306.c:327:6:SSD1306_DrawLine	48	static
ssd1306.c:411:6:SSD1306_DrawRectangle	32	static
ssd1306.c:436:6:SSD1306_DrawFilledRectangle	48	static
ssd1306.c:463:6:SSD1306_DrawTriangle	56	static
ssd1306.c:471:6:SSD1306_DrawFilledTriangle	88	static
ssd1306.c:527:6:SSD1306_DrawCircle	64	static
ssd1306.c:561:6:SSD1306_DrawFilledCircle	64	static
ssd1306.c:594:6:SSD1306_Clear	0	static
ssd1306.c:599:6:SSD1306_ON	16	static
ssd1306.c:604:6:SSD1306_OFF	16	static
ssd1306.c:648:6:ssd1306_I2C_Init	0	static
ssd1306.c:654:6:ssd1306_I2C_WriteMulti	280	static
ssd1306.c:664:6:ssd1306_I2C_Write	16	static
